ERROR: LoadError: MethodError: no method matching +(::String, ::String)
The function `+` exists, but no method is defined for this combination of argument types.
String concatenation is performed with * (See also: https://docs.julialang.org/en/v1/manual/strings/#man-concatenation).

Closest candidates are:
  +(::Any, ::Any, !Matched::Any, !Matched::Any...)
   @ Base operators.jl:596
  +(!Matched::BitMatrix, !Matched::LinearAlgebra.UniformScaling)
   @ LinearAlgebra /opt/itu/easybuild/software/Julia/1.11.7/share/julia/stdlib/v1.11/LinearAlgebra/src/uniformscaling.jl:151
  +(!Matched::Bool, !Matched::Complex{Bool})
   @ Base complex.jl:308
  ...

Stacktrace:
 [1] macro expansion
   @ ~/TestTraceTradeoff/code/mainhpc.jl:69 [inlined]
 [2] top-level scope
   @ ./timing.jl:421
in expression starting at /home/morah/TestTraceTradeoff/code/mainhpc.jl:60
ERROR: LoadError: MethodError: no method matching +(::String, ::String)
The function `+` exists, but no method is defined for this combination of argument types.
String concatenation is performed with * (See also: https://docs.julialang.org/en/v1/manual/strings/#man-concatenation).

Closest candidates are:
  +(::Any, ::Any, !Matched::Any, !Matched::Any...)
   @ Base operators.jl:596
  +(!Matched::BitMatrix, !Matched::LinearAlgebra.UniformScaling)
   @ LinearAlgebra /opt/itu/easybuild/software/Julia/1.11.7/share/julia/stdlib/v1.11/LinearAlgebra/src/uniformscaling.jl:151
  +(!Matched::Bool, !Matched::Complex{Bool})
   @ Base complex.jl:308
  ...

Stacktrace:
 [1] macro expansion
   @ ~/TestTraceTradeoff/code/mainhpc.jl:69 [inlined]
 [2] top-level scope
   @ ./timing.jl:421
in expression starting at /home/morah/TestTraceTradeoff/code/mainhpc.jl:60
ERROR: LoadError: MethodError: no method matching +(::String, ::String)
The function `+` exists, but no method is defined for this combination of argument types.
String concatenation is performed with * (See also: https://docs.julialang.org/en/v1/manual/strings/#man-concatenation).

Closest candidates are:
  +(::Any, ::Any, !Matched::Any, !Matched::Any...)
   @ Base operators.jl:596
  +(!Matched::BitMatrix, !Matched::LinearAlgebra.UniformScaling)
   @ LinearAlgebra /opt/itu/easybuild/software/Julia/1.11.7/share/julia/stdlib/v1.11/LinearAlgebra/src/uniformscaling.jl:151
  +(!Matched::Bool, !Matched::Complex{Bool})
   @ Base complex.jl:308
  ...

Stacktrace:
 [1] macro expansion
   @ ~/TestTraceTradeoff/code/mainhpc.jl:69 [inlined]
 [2] top-level scope
   @ ./timing.jl:421
in expression starting at /home/morah/TestTraceTradeoff/code/mainhpc.jl:60
ERROR: LoadError: MethodError: no method matching +(::String, ::String)
The function `+` exists, but no method is defined for this combination of argument types.
String concatenation is performed with * (See also: https://docs.julialang.org/en/v1/manual/strings/#man-concatenation).

Closest candidates are:
  +(::Any, ::Any, !Matched::Any, !Matched::Any...)
   @ Base operators.jl:596
  +(!Matched::BitMatrix, !Matched::LinearAlgebra.UniformScaling)
   @ LinearAlgebra /opt/itu/easybuild/software/Julia/1.11.7/share/julia/stdlib/v1.11/LinearAlgebra/src/uniformscaling.jl:151
  +(!Matched::Bool, !Matched::Complex{Bool})
   @ Base complex.jl:308
  ...

Stacktrace:
 [1] macro expansion
   @ ~/TestTraceTradeoff/code/mainhpc.jl:69 [inlined]
 [2] top-level scope
   @ ./timing.jl:421
in expression starting at /home/morah/TestTraceTradeoff/code/mainhpc.jl:60
ERROR: LoadError: MethodError: no method matching +(::String, ::String)
The function `+` exists, but no method is defined for this combination of argument types.
String concatenation is performed with * (See also: https://docs.julialang.org/en/v1/manual/strings/#man-concatenation).

Closest candidates are:
  +(::Any, ::Any, !Matched::Any, !Matched::Any...)
   @ Base operators.jl:596
  +(!Matched::BitMatrix, !Matched::LinearAlgebra.UniformScaling)
   @ LinearAlgebra /opt/itu/easybuild/software/Julia/1.11.7/share/julia/stdlib/v1.11/LinearAlgebra/src/uniformscaling.jl:151
  +(!Matched::Bool, !Matched::Complex{Bool})
   @ Base complex.jl:308
  ...

Stacktrace:
 [1] macro expansion
   @ ~/TestTraceTradeoff/code/mainhpc.jl:69 [inlined]
 [2] top-level scope
   @ ./timing.jl:421
in expression starting at /home/morah/TestTraceTradeoff/code/mainhpc.jl:60
