ERROR: LoadError: ArgumentError: invalid base 10 digit '.' in "1.0"
Stacktrace:
 [1] tryparse_internal(::Type{Int64}, s::String, startpos::Int64, endpos::Int64, base_::Int64, raise::Bool)
   @ Base ./parse.jl:143
 [2] #parse#621
   @ ./parse.jl:254 [inlined]
 [3] parse(::Type{Int64}, s::String)
   @ Base ./parse.jl:253
 [4] top-level scope
   @ ~/TestTraceTradeoff/code/mainhpc.jl:27
in expression starting at /home/morah/TestTraceTradeoff/code/mainhpc.jl:27
ERROR: LoadError: ArgumentError: invalid base 10 digit '.' in "1.0"
Stacktrace:
 [1] tryparse_internal(::Type{Int64}, s::String, startpos::Int64, endpos::Int64, base_::Int64, raise::Bool)
   @ Base ./parse.jl:143
 [2] #parse#621
   @ ./parse.jl:254 [inlined]
 [3] parse(::Type{Int64}, s::String)
   @ Base ./parse.jl:253
 [4] top-level scope
   @ ~/TestTraceTradeoff/code/mainhpc.jl:27
in expression starting at /home/morah/TestTraceTradeoff/code/mainhpc.jl:27
ERROR: LoadError: ArgumentError: invalid base 10 digit '.' in "1.0"
Stacktrace:
 [1] tryparse_internal(::Type{Int64}, s::String, startpos::Int64, endpos::Int64, base_::Int64, raise::Bool)
   @ Base ./parse.jl:143
 [2] #parse#621
   @ ./parse.jl:254 [inlined]
 [3] parse(::Type{Int64}, s::String)
   @ Base ./parse.jl:253
 [4] top-level scope
   @ ~/TestTraceTradeoff/code/mainhpc.jl:27
in expression starting at /home/morah/TestTraceTradeoff/code/mainhpc.jl:27
ERROR: LoadError: ArgumentError: invalid base 10 digit '.' in "1.0"
Stacktrace:
 [1] tryparse_internal(::Type{Int64}, s::String, startpos::Int64, endpos::Int64, base_::Int64, raise::Bool)
   @ Base ./parse.jl:143
 [2] #parse#621
   @ ./parse.jl:254 [inlined]
 [3] parse(::Type{Int64}, s::String)
   @ Base ./parse.jl:253
 [4] top-level scope
   @ ~/TestTraceTradeoff/code/mainhpc.jl:27
in expression starting at /home/morah/TestTraceTradeoff/code/mainhpc.jl:27
ERROR: LoadError: ArgumentError: invalid base 10 digit '.' in "1.0"
Stacktrace:
 [1] tryparse_internal(::Type{Int64}, s::String, startpos::Int64, endpos::Int64, base_::Int64, raise::Bool)
   @ Base ./parse.jl:143
 [2] #parse#621
   @ ./parse.jl:254 [inlined]
 [3] parse(::Type{Int64}, s::String)
   @ Base ./parse.jl:253
 [4] top-level scope
   @ ~/TestTraceTradeoff/code/mainhpc.jl:27
in expression starting at /home/morah/TestTraceTradeoff/code/mainhpc.jl:27
