
Currently simulating parameters:	False neg:	0.0	Trace efficiency:	0.0
Theoretical Reff:	1.3613149751738929
Empirical Reff:	1.3437108285714285

Currently simulating parameters:	False neg:	0.0	Trace efficiency:	0.02
Theoretical Reff:	1.3504939817780388
Empirical Reff:	1.3480504000000002

Currently simulating parameters:	False neg:	0.0	Trace efficiency:	0.04
Theoretical Reff:	1.3408311040665184
Empirical Reff:	1.3387634000000004

Currently simulating parameters:	False neg:	0.0	Trace efficiency:	0.06
Theoretical Reff:	1.3308879396496118
Empirical Reff:	1.315388795841996

Currently simulating parameters:	False neg:	0.0	Trace efficiency:	0.08
Theoretical Reff:	1.3207675421822922
Empirical Reff:	1.3084873902688863

Currently simulating parameters:	False neg:	0.0	Trace efficiency:	0.1
Theoretical Reff:	1.3102169668564203
Empirical Reff:	1.3030890484848487

Currently simulating parameters:	False neg:	0.0	Trace efficiency:	0.12000000000000001
Theoretical Reff:	1.2998068974602468
Empirical Reff:	1.278260322385837

Currently simulating parameters:	False neg:	0.0	Trace efficiency:	0.14
Theoretical Reff:	1.2898801029312281
Empirical Reff:	1.2671236518932125

Currently simulating parameters:	False neg:	0.0	Trace efficiency:	0.16
Theoretical Reff:	1.2792269871439748
Empirical Reff:	1.276641

Currently simulating parameters:	False neg:	0.0	Trace efficiency:	0.18
Theoretical Reff:	1.2678226945436777
Empirical Reff:	1.2341273470439384

Currently simulating parameters:	False neg:	0.0	Trace efficiency:	0.19999999999999998
Theoretical Reff:	1.2563953739546998
Empirical Reff:	1.2223939419426988

Currently simulating parameters:	False neg:	0.0	Trace efficiency:	0.21999999999999997
Theoretical Reff:	1.2486539662794502
Empirical Reff:	1.2151442706167916

Currently simulating parameters:	False neg:	0.0	Trace efficiency:	0.23999999999999996
Theoretical Reff:	1.2362333307763504
Empirical Reff:	1.216335489209321

Currently simulating parameters:	False neg:	0.0	Trace efficiency:	0.25999999999999995
Theoretical Reff:	1.22615574051493
Empirical Reff:	1.2052782760585523

Currently simulating parameters:	False neg:	0.0	Trace efficiency:	0.27999999999999997
Theoretical Reff:	1.2140388847567645
Empirical Reff:	1.1891292847729142

Currently simulating parameters:	False neg:	0.0	Trace efficiency:	0.3
Theoretical Reff:	1.20470724301962
Empirical Reff:	1.1554533757614758

Currently simulating parameters:	False neg:	0.0	Trace efficiency:	0.32
Theoretical Reff:	1.1900945992543248
Empirical Reff:	1.146056141985483

Currently simulating parameters:	False neg:	0.0	Trace efficiency:	0.34
Theoretical Reff:	1.183085726845076
Empirical Reff:	1.1399970672746702

Currently simulating parameters:	False neg:	0.0	Trace efficiency:	0.36000000000000004
Theoretical Reff:	1.1675956552771005
Empirical Reff:	1.0923330082187617

Currently simulating parameters:	False neg:	0.0	Trace efficiency:	0.38000000000000006
Theoretical Reff:	1.1489984047957624
Empirical Reff:	1.0817056741339797

Currently simulating parameters:	False neg:	0.0	Trace efficiency:	0.4000000000000001
Theoretical Reff:	1.1430762237293324
Empirical Reff:	1.0529954658411345

Currently simulating parameters:	False neg:	0.0	Trace efficiency:	0.4200000000000001
Theoretical Reff:	1.133130225414388
Empirical Reff:	1.0700902670096655

Currently simulating parameters:	False neg:	0.0	Trace efficiency:	0.4400000000000001
Theoretical Reff:	1.122209928823634
Empirical Reff:	1.0369724020914344

Currently simulating parameters:	False neg:	0.0	Trace efficiency:	0.46000000000000013
Theoretical Reff:	1.1106950146453225
Empirical Reff:	1.0518844653672474

Currently simulating parameters:	False neg:	0.0	Trace efficiency:	0.48000000000000015
Theoretical Reff:	1.0991967072785063
Empirical Reff:	1.042658315939547

Currently simulating parameters:	False neg:	0.0	Trace efficiency:	0.5000000000000001
Theoretical Reff:	1.0900004563296475
Empirical Reff:	1.0179349469484753

Currently simulating parameters:	False neg:	0.0	Trace efficiency:	0.5200000000000001
Theoretical Reff:	1.0728886102765878
Empirical Reff:	0.9890266828551559

Currently simulating parameters:	False neg:	0.0	Trace efficiency:	0.5400000000000001
Theoretical Reff:	1.0614654038335545
Empirical Reff:	0.9716072484314867

Currently simulating parameters:	False neg:	0.0	Trace efficiency:	0.5600000000000002
Theoretical Reff:	1.0440127064602236
Empirical Reff:	0.9352685248866238

Currently simulating parameters:	False neg:	0.0	Trace efficiency:	0.5800000000000002
Theoretical Reff:	1.0288659266158884
Empirical Reff:	0.938669378256057

Currently simulating parameters:	False neg:	0.0	Trace efficiency:	0.6000000000000002
Theoretical Reff:	1.0126644826121316
Empirical Reff:	0.9296632186300168

Currently simulating parameters:	False neg:	0.0	Trace efficiency:	0.6200000000000002
Theoretical Reff:	1.0142348648469461
Empirical Reff:	0.92936645592801

Currently simulating parameters:	False neg:	0.0	Trace efficiency:	0.6400000000000002
Theoretical Reff:	0.9848399461952257
Empirical Reff:	0.8992286904497844

Currently simulating parameters:	False neg:	0.0	Trace efficiency:	0.6600000000000003
Theoretical Reff:	0.977741065984279
Empirical Reff:	0.9000544439133145

Currently simulating parameters:	False neg:	0.0	Trace efficiency:	0.6800000000000003
Theoretical Reff:	0.9652982252545365
Empirical Reff:	0.9020525980491471

Currently simulating parameters:	False neg:	0.0	Trace efficiency:	0.7000000000000003
Theoretical Reff:	0.9460653638555402
Empirical Reff:	0.8984459579589859

Currently simulating parameters:	False neg:	0.0	Trace efficiency:	0.7200000000000003
Theoretical Reff:	0.9265947588353507
Empirical Reff:	0.8630451009524015

Currently simulating parameters:	False neg:	0.0	Trace efficiency:	0.7400000000000003
Theoretical Reff:	0.9370786227269837
Empirical Reff:	0.8846796583274547

Currently simulating parameters:	False neg:	0.0	Trace efficiency:	0.7600000000000003
Theoretical Reff:	0.9051972288048495
Empirical Reff:	0.8774390676259486

Currently simulating parameters:	False neg:	0.0	Trace efficiency:	0.7800000000000004
Theoretical Reff:	0.9121404842715143
Empirical Reff:	0.8641782530747476

Currently simulating parameters:	False neg:	0.0	Trace efficiency:	0.8000000000000004
Theoretical Reff:	0.8736177465306585
Empirical Reff:	0.8526919085307054

Currently simulating parameters:	False neg:	0.0	Trace efficiency:	0.8200000000000004
Theoretical Reff:	0.8670696866068588
Empirical Reff:	0.8611913371975833

Currently simulating parameters:	False neg:	0.0	Trace efficiency:	0.8400000000000004
Theoretical Reff:	0.8504123548810296
Empirical Reff:	0.8353599473996047

Currently simulating parameters:	False neg:	0.0	Trace efficiency:	0.8600000000000004
Theoretical Reff:	0.8439352221669116
Empirical Reff:	0.8676341351012191

Currently simulating parameters:	False neg:	0.0	Trace efficiency:	0.8800000000000004
Theoretical Reff:	0.8135792068453627
Empirical Reff:	0.8505217526797523

Currently simulating parameters:	False neg:	0.0	Trace efficiency:	0.9000000000000005
Theoretical Reff:	0.8178578253891837
Empirical Reff:	0.8160644157675359

Currently simulating parameters:	False neg:	0.0	Trace efficiency:	0.9200000000000005
Theoretical Reff:	0.7839658302323269
Empirical Reff:	0.7865110385846353

Currently simulating parameters:	False neg:	0.0	Trace efficiency:	0.9400000000000005
Theoretical Reff:	0.7767322297084968
Empirical Reff:	0.7903727875501619

Currently simulating parameters:	False neg:	0.0	Trace efficiency:	0.9600000000000005
Theoretical Reff:	0.7504355123743366
Empirical Reff:	0.7859407608411548

Currently simulating parameters:	False neg:	0.0	Trace efficiency:	0.9800000000000005
Theoretical Reff:	0.7478815497769777
Empirical Reff:	0.7511562179981242

Currently simulating parameters:	False neg:	0.0	Trace efficiency:	1.0000000000000004
Theoretical Reff:	0.718416705265285
Empirical Reff:	0.7921531090567103

 Total elapsed time:	7062.984995362 seconds.

Currently simulating parameters:	False neg:	0.0	Trace efficiency:	0.0
Theoretical Reff:	1.3610336576862483
Empirical Reff:	1.3065337646940258

Currently simulating parameters:	False neg:	0.0	Trace efficiency:	0.02
Theoretical Reff:	1.3509328915164651
Empirical Reff:	1.3510731999999999

Currently simulating parameters:	False neg:	0.0	Trace efficiency:	0.04
Theoretical Reff:	1.3409092855243558
Empirical Reff:	1.3411889999999997

Currently simulating parameters:	False neg:	0.0	Trace efficiency:	0.06
Theoretical Reff:	1.3301462497273717
Empirical Reff:	1.317300076243094

Currently simulating parameters:	False neg:	0.0	Trace efficiency:	0.08
Theoretical Reff:	1.3200652219602256
Empirical Reff:	1.303647688073395

Currently simulating parameters:	False neg:	0.0	Trace efficiency:	0.1
Theoretical Reff:	1.308835719385389
Empirical Reff:	1.2640979146522822

Currently simulating parameters:	False neg:	0.0	Trace efficiency:	0.12000000000000001
Theoretical Reff:	1.2997434251020052
Empirical Reff:	1.2706390488133081

Currently simulating parameters:	False neg:	0.0	Trace efficiency:	0.14
Theoretical Reff:	1.2896749218675563
Empirical Reff:	1.2896598000000004

Currently simulating parameters:	False neg:	0.0	Trace efficiency:	0.16
Theoretical Reff:	1.27776678001185
Empirical Reff:	1.259403884541283

Currently simulating parameters:	False neg:	0.0	Trace efficiency:	0.18
Theoretical Reff:	1.2693309221449305
Empirical Reff:	1.2689608

Currently simulating parameters:	False neg:	0.0	Trace efficiency:	0.19999999999999998
Theoretical Reff:	1.2586653471364846
Empirical Reff:	1.198732965542936

Currently simulating parameters:	False neg:	0.0	Trace efficiency:	0.21999999999999997
Theoretical Reff:	1.2473999795683495
Empirical Reff:	1.2274900453914581

Currently simulating parameters:	False neg:	0.0	Trace efficiency:	0.23999999999999996
Theoretical Reff:	1.2386299673166448
Empirical Reff:	1.2171239218899732

Currently simulating parameters:	False neg:	0.0	Trace efficiency:	0.25999999999999995
Theoretical Reff:	1.2253996063642287
Empirical Reff:	1.1930357239735392

Currently simulating parameters:	False neg:	0.0	Trace efficiency:	0.27999999999999997
Theoretical Reff:	1.2126535222789283
Empirical Reff:	1.1554113895771696

Currently simulating parameters:	False neg:	0.0	Trace efficiency:	0.3
Theoretical Reff:	1.2040776638124542
Empirical Reff:	1.1707932762144437

Currently simulating parameters:	False neg:	0.0	Trace efficiency:	0.32
Theoretical Reff:	1.1921685353090055
Empirical Reff:	1.104471477177103

Currently simulating parameters:	False neg:	0.0	Trace efficiency:	0.34
Theoretical Reff:	1.1818648440849864
Empirical Reff:	1.156205858851462

Currently simulating parameters:	False neg:	0.0	Trace efficiency:	0.36000000000000004
Theoretical Reff:	1.16972883893074
Empirical Reff:	1.0962639050994827

Currently simulating parameters:	False neg:	0.0	Trace efficiency:	0.38000000000000006
Theoretical Reff:	1.157903511302555
Empirical Reff:	1.1059908436319348

Currently simulating parameters:	False neg:	0.0	Trace efficiency:	0.4000000000000001
Theoretical Reff:	1.1451607947850162
Empirical Reff:	1.0744452732028118

Currently simulating parameters:	False neg:	0.0	Trace efficiency:	0.4200000000000001
Theoretical Reff:	1.1343398562765394
Empirical Reff:	1.0838333725173626

Currently simulating parameters:	False neg:	0.0	Trace efficiency:	0.4400000000000001
Theoretical Reff:	1.1202695280904311
Empirical Reff:	1.025538118055961

Currently simulating parameters:	False neg:	0.0	Trace efficiency:	0.46000000000000013
Theoretical Reff:	1.1138121178507832
Empirical Reff:	1.0435650994587728

Currently simulating parameters:	False neg:	0.0	Trace efficiency:	0.48000000000000015
Theoretical Reff:	1.091644780610132
Empirical Reff:	1.0197169614607995

Currently simulating parameters:	False neg:	0.0	Trace efficiency:	0.5000000000000001
Theoretical Reff:	1.0917812831899358
Empirical Reff:	1.0073759681446126

Currently simulating parameters:	False neg:	0.0	Trace efficiency:	0.5200000000000001
Theoretical Reff:	1.0781049244833953
Empirical Reff:	1.0045406223243212

Currently simulating parameters:	False neg:	0.0	Trace efficiency:	0.5400000000000001
Theoretical Reff:	1.0510226968880918
Empirical Reff:	0.9619038154674219

Currently simulating parameters:	False neg:	0.0	Trace efficiency:	0.5600000000000002
Theoretical Reff:	1.0400860898721733
Empirical Reff:	0.9359985358108678

Currently simulating parameters:	False neg:	0.0	Trace efficiency:	0.5800000000000002
Theoretical Reff:	1.0344271612022742
Empirical Reff:	0.9510969259654448

Currently simulating parameters:	False neg:	0.0	Trace efficiency:	0.6000000000000002
Theoretical Reff:	1.0237464029395804
Empirical Reff:	0.9398633426163362

Currently simulating parameters:	False neg:	0.0	Trace efficiency:	0.6200000000000002
Theoretical Reff:	1.00518632910151
Empirical Reff:	0.9273982921966902

Currently simulating parameters:	False neg:	0.0	Trace efficiency:	0.6400000000000002
Theoretical Reff:	0.9959279674730094
Empirical Reff:	0.9097289042714597

Currently simulating parameters:	False neg:	0.0	Trace efficiency:	0.6600000000000003
Theoretical Reff:	0.9860061792704268
Empirical Reff:	0.9112603992964007

Currently simulating parameters:	False neg:	0.0	Trace efficiency:	0.6800000000000003
Theoretical Reff:	0.9651090470117439
Empirical Reff:	0.8818343120122739

Currently simulating parameters:	False neg:	0.0	Trace efficiency:	0.7000000000000003
Theoretical Reff:	0.9591463075220543
Empirical Reff:	0.8748995069711758

Currently simulating parameters:	False neg:	0.0	Trace efficiency:	0.7200000000000003
Theoretical Reff:	0.9374974141395451
Empirical Reff:	0.8829454322442523

Currently simulating parameters:	False neg:	0.0	Trace efficiency:	0.7400000000000003
Theoretical Reff:	0.920731185734078
Empirical Reff:	0.8836417567582933

Currently simulating parameters:	False neg:	0.0	Trace efficiency:	0.7600000000000003
Theoretical Reff:	0.9080228726431773
Empirical Reff:	0.866391287108045

Currently simulating parameters:	False neg:	0.0	Trace efficiency:	0.7800000000000004
Theoretical Reff:	0.8880832150131309
Empirical Reff:	0.873177589794738

Currently simulating parameters:	False neg:	0.0	Trace efficiency:	0.8000000000000004
Theoretical Reff:	0.8906001216083483
Empirical Reff:	0.8551972676816431

Currently simulating parameters:	False neg:	0.0	Trace efficiency:	0.8200000000000004
Theoretical Reff:	0.8610041411531251
Empirical Reff:	0.8162792740671176

Currently simulating parameters:	False neg:	0.0	Trace efficiency:	0.8400000000000004
Theoretical Reff:	0.8728631883926945
Empirical Reff:	0.8480483669730974

Currently simulating parameters:	False neg:	0.0	Trace efficiency:	0.8600000000000004
Theoretical Reff:	0.8201217595511443
Empirical Reff:	0.8390215577041243

Currently simulating parameters:	False neg:	0.0	Trace efficiency:	0.8800000000000004
Theoretical Reff:	0.8453417253671145
Empirical Reff:	0.8506712677556196

Currently simulating parameters:	False neg:	0.0	Trace efficiency:	0.9000000000000005
Theoretical Reff:	0.8007927358278263
Empirical Reff:	0.8409145887408012

Currently simulating parameters:	False neg:	0.0	Trace efficiency:	0.9200000000000005
Theoretical Reff:	0.8233593910781871
Empirical Reff:	0.8083905378048627

Currently simulating parameters:	False neg:	0.0	Trace efficiency:	0.9400000000000005
Theoretical Reff:	0.7772798582528542
Empirical Reff:	0.8185335444163533

Currently simulating parameters:	False neg:	0.0	Trace efficiency:	0.9600000000000005
Theoretical Reff:	0.7686124307893717
Empirical Reff:	0.809452544957573

Currently simulating parameters:	False neg:	0.0	Trace efficiency:	0.9800000000000005
Theoretical Reff:	0.7214481724403663
Empirical Reff:	0.79814238611267

Currently simulating parameters:	False neg:	0.0	Trace efficiency:	1.0000000000000004
Theoretical Reff:	0.7395576701304365
Empirical Reff:	0.7896641915451303

 Total elapsed time:	7067.43362416 seconds.

Currently simulating parameters:	False neg:	0.0	Trace efficiency:	0.0
Theoretical Reff:	1.3610374266471017
Empirical Reff:	1.3499558972972971

Currently simulating parameters:	False neg:	0.0	Trace efficiency:	0.02
Theoretical Reff:	1.3511458563159295
Empirical Reff:	1.3479318

Currently simulating parameters:	False neg:	0.0	Trace efficiency:	0.04
Theoretical Reff:	1.3410735195136716
Empirical Reff:	1.3217942000000003

Currently simulating parameters:	False neg:	0.0	Trace efficiency:	0.06
Theoretical Reff:	1.3309637200984659
Empirical Reff:	1.3192822394557826

Currently simulating parameters:	False neg:	0.0	Trace efficiency:	0.08
Theoretical Reff:	1.3196097295637037
Empirical Reff:	1.3049412916256156

Currently simulating parameters:	False neg:	0.0	Trace efficiency:	0.1
Theoretical Reff:	1.3105015747129454
Empirical Reff:	1.3123002000000001

Currently simulating parameters:	False neg:	0.0	Trace efficiency:	0.12000000000000001
Theoretical Reff:	1.301315487059489
Empirical Reff:	1.3039500000000002

Currently simulating parameters:	False neg:	0.0	Trace efficiency:	0.14
Theoretical Reff:	1.2897666951742006
Empirical Reff:	1.2826415737373735

Currently simulating parameters:	False neg:	0.0	Trace efficiency:	0.16
Theoretical Reff:	1.2788443529397397
Empirical Reff:	1.2603205955841914

Currently simulating parameters:	False neg:	0.0	Trace efficiency:	0.18
Theoretical Reff:	1.269327083885166
Empirical Reff:	1.2525076086750948

Currently simulating parameters:	False neg:	0.0	Trace efficiency:	0.19999999999999998
Theoretical Reff:	1.257533787408878
Empirical Reff:	1.2037319514682914

Currently simulating parameters:	False neg:	0.0	Trace efficiency:	0.21999999999999997
Theoretical Reff:	1.247695128491965
Empirical Reff:	1.2318564786885242

Currently simulating parameters:	False neg:	0.0	Trace efficiency:	0.23999999999999996
Theoretical Reff:	1.236011095508151
Empirical Reff:	1.1916238220857003

Currently simulating parameters:	False neg:	0.0	Trace efficiency:	0.25999999999999995
Theoretical Reff:	1.2253748479525797
Empirical Reff:	1.1946851151363937

Currently simulating parameters:	False neg:	0.0	Trace efficiency:	0.27999999999999997
Theoretical Reff:	1.2136790722176518
Empirical Reff:	1.1994923004962843

Currently simulating parameters:	False neg:	0.0	Trace efficiency:	0.3
Theoretical Reff:	1.201287059472544
Empirical Reff:	1.1739328069887804

Currently simulating parameters:	False neg:	0.0	Trace efficiency:	0.32
Theoretical Reff:	1.1900823123903175
Empirical Reff:	1.136662605625421

Currently simulating parameters:	False neg:	0.0	Trace efficiency:	0.34
Theoretical Reff:	1.1840025992743914
Empirical Reff:	1.1734334165036084

Currently simulating parameters:	False neg:	0.0	Trace efficiency:	0.36000000000000004
Theoretical Reff:	1.1697042177543624
Empirical Reff:	1.1375019484089597

Currently simulating parameters:	False neg:	0.0	Trace efficiency:	0.38000000000000006
Theoretical Reff:	1.1589343394630776
Empirical Reff:	1.1094650865917908

Currently simulating parameters:	False neg:	0.0	Trace efficiency:	0.4000000000000001
Theoretical Reff:	1.1479175461888929
Empirical Reff:	1.0774962776783403

Currently simulating parameters:	False neg:	0.0	Trace efficiency:	0.4200000000000001
Theoretical Reff:	1.135148448140503
Empirical Reff:	1.0812324240638582

Currently simulating parameters:	False neg:	0.0	Trace efficiency:	0.4400000000000001
Theoretical Reff:	1.1223155251818109
Empirical Reff:	1.0649185993881658

Currently simulating parameters:	False neg:	0.0	Trace efficiency:	0.46000000000000013
Theoretical Reff:	1.1107618081044965
Empirical Reff:	1.0637833157167202

Currently simulating parameters:	False neg:	0.0	Trace efficiency:	0.48000000000000015
Theoretical Reff:	1.100670935925447
Empirical Reff:	1.032602121504985

Currently simulating parameters:	False neg:	0.0	Trace efficiency:	0.5000000000000001
Theoretical Reff:	1.0808004955372437
Empirical Reff:	0.9896569873982551

Currently simulating parameters:	False neg:	0.0	Trace efficiency:	0.5200000000000001
Theoretical Reff:	1.070706698282783
Empirical Reff:	0.9942723367292365

Currently simulating parameters:	False neg:	0.0	Trace efficiency:	0.5400000000000001
Theoretical Reff:	1.0562933218537758
Empirical Reff:	0.9783511739477189

Currently simulating parameters:	False neg:	0.0	Trace efficiency:	0.5600000000000002
Theoretical Reff:	1.0530125416099367
Empirical Reff:	0.9517654660480637

Currently simulating parameters:	False neg:	0.0	Trace efficiency:	0.5800000000000002
Theoretical Reff:	1.0272795954399103
Empirical Reff:	0.9473293899898878

Currently simulating parameters:	False neg:	0.0	Trace efficiency:	0.6000000000000002
Theoretical Reff:	1.0127791382934141
Empirical Reff:	0.9286481344621403

Currently simulating parameters:	False neg:	0.0	Trace efficiency:	0.6200000000000002
Theoretical Reff:	1.0060451887205877
Empirical Reff:	0.9227143983456879

Currently simulating parameters:	False neg:	0.0	Trace efficiency:	0.6400000000000002
Theoretical Reff:	0.9865141071748074
Empirical Reff:	0.9066174358926673

Currently simulating parameters:	False neg:	0.0	Trace efficiency:	0.6600000000000003
Theoretical Reff:	0.9806436814097034
Empirical Reff:	0.9195378308031452

Currently simulating parameters:	False neg:	0.0	Trace efficiency:	0.6800000000000003
Theoretical Reff:	0.9637843435295251
Empirical Reff:	0.8496588631308549

Currently simulating parameters:	False neg:	0.0	Trace efficiency:	0.7000000000000003
Theoretical Reff:	0.9492570767717481
Empirical Reff:	0.8931234692165979

Currently simulating parameters:	False neg:	0.0	Trace efficiency:	0.7200000000000003
Theoretical Reff:	0.9365845660122384
Empirical Reff:	0.8770374625718503

Currently simulating parameters:	False neg:	0.0	Trace efficiency:	0.7400000000000003
Theoretical Reff:	0.9160058723610399
Empirical Reff:	0.874558671660749

Currently simulating parameters:	False neg:	0.0	Trace efficiency:	0.7600000000000003
Theoretical Reff:	0.9127938949015183
Empirical Reff:	0.8780896927873593

Currently simulating parameters:	False neg:	0.0	Trace efficiency:	0.7800000000000004
Theoretical Reff:	0.9004671595997248
Empirical Reff:	0.8638768498790745

Currently simulating parameters:	False neg:	0.0	Trace efficiency:	0.8000000000000004
Theoretical Reff:	0.8804335748786767
Empirical Reff:	0.8538264885011341

Currently simulating parameters:	False neg:	0.0	Trace efficiency:	0.8200000000000004
Theoretical Reff:	0.8634673600825676
Empirical Reff:	0.84486023674178

Currently simulating parameters:	False neg:	0.0	Trace efficiency:	0.8400000000000004
Theoretical Reff:	0.8537998922995496
Empirical Reff:	0.8184525241356799

Currently simulating parameters:	False neg:	0.0	Trace efficiency:	0.8600000000000004
Theoretical Reff:	0.831349991885764
Empirical Reff:	0.8317998608595178

Currently simulating parameters:	False neg:	0.0	Trace efficiency:	0.8800000000000004
Theoretical Reff:	0.8437097674714932
Empirical Reff:	0.8531213320472263

Currently simulating parameters:	False neg:	0.0	Trace efficiency:	0.9000000000000005
Theoretical Reff:	0.8071416982488223
Empirical Reff:	0.7975029618962115

Currently simulating parameters:	False neg:	0.0	Trace efficiency:	0.9200000000000005
Theoretical Reff:	0.8070951305273291
Empirical Reff:	0.830829736066157

Currently simulating parameters:	False neg:	0.0	Trace efficiency:	0.9400000000000005
Theoretical Reff:	0.8003322340511027
Empirical Reff:	0.8113161648655045

Currently simulating parameters:	False neg:	0.0	Trace efficiency:	0.9600000000000005
Theoretical Reff:	0.7558806445225131
Empirical Reff:	0.7861025791890036

Currently simulating parameters:	False neg:	0.0	Trace efficiency:	0.9800000000000005
Theoretical Reff:	0.7279499812986678
Empirical Reff:	0.7924510738300579

Currently simulating parameters:	False neg:	0.0	Trace efficiency:	1.0000000000000004
Theoretical Reff:	0.7452021812942138
Empirical Reff:	0.7836008341450749

 Total elapsed time:	7188.063432501 seconds.

Currently simulating parameters:	False neg:	0.0	Trace efficiency:	0.0
Theoretical Reff:	1.3607194398670834
Empirical Reff:	1.3657241999999998

Currently simulating parameters:	False neg:	0.0	Trace efficiency:	0.02
Theoretical Reff:	1.3511876703217556
Empirical Reff:	1.3183101323500492

Currently simulating parameters:	False neg:	0.0	Trace efficiency:	0.04
Theoretical Reff:	1.3409670501986242
Empirical Reff:	1.3392336

Currently simulating parameters:	False neg:	0.0	Trace efficiency:	0.06
Theoretical Reff:	1.3310089993406606
Empirical Reff:	1.3087476555653623

Currently simulating parameters:	False neg:	0.0	Trace efficiency:	0.08
Theoretical Reff:	1.3202172626318132
Empirical Reff:	1.3078308064171122

Currently simulating parameters:	False neg:	0.0	Trace efficiency:	0.1
Theoretical Reff:	1.309638900475764
Empirical Reff:	1.3085098

Currently simulating parameters:	False neg:	0.0	Trace efficiency:	0.12000000000000001
Theoretical Reff:	1.2988732464032673
Empirical Reff:	1.2791820922423538

Currently simulating parameters:	False neg:	0.0	Trace efficiency:	0.14
Theoretical Reff:	1.2897829106647325
Empirical Reff:	1.2751749142857145

Currently simulating parameters:	False neg:	0.0	Trace efficiency:	0.16
Theoretical Reff:	1.2783560240513518
Empirical Reff:	1.2402915360602662

Currently simulating parameters:	False neg:	0.0	Trace efficiency:	0.18
Theoretical Reff:	1.2691438317572876
Empirical Reff:	1.257035281899109

Currently simulating parameters:	False neg:	0.0	Trace efficiency:	0.19999999999999998
Theoretical Reff:	1.2587509913123114
Empirical Reff:	1.2595776

Currently simulating parameters:	False neg:	0.0	Trace efficiency:	0.21999999999999997
Theoretical Reff:	1.247794625534433
Empirical Reff:	1.2214974128637062

Currently simulating parameters:	False neg:	0.0	Trace efficiency:	0.23999999999999996
Theoretical Reff:	1.238043900838697
Empirical Reff:	1.2315166000000004

Currently simulating parameters:	False neg:	0.0	Trace efficiency:	0.25999999999999995
Theoretical Reff:	1.2267803470271794
Empirical Reff:	1.2253318000000002

Currently simulating parameters:	False neg:	0.0	Trace efficiency:	0.27999999999999997
Theoretical Reff:	1.21203895660481
Empirical Reff:	1.171456764670286

Currently simulating parameters:	False neg:	0.0	Trace efficiency:	0.3
Theoretical Reff:	1.204769765964447
Empirical Reff:	1.1825622410730843

Currently simulating parameters:	False neg:	0.0	Trace efficiency:	0.32
Theoretical Reff:	1.1930393444144336
Empirical Reff:	1.1510679110446187

Currently simulating parameters:	False neg:	0.0	Trace efficiency:	0.34
Theoretical Reff:	1.1788902733274815
Empirical Reff:	1.153357291474719

Currently simulating parameters:	False neg:	0.0	Trace efficiency:	0.36000000000000004
Theoretical Reff:	1.1652369733187142
Empirical Reff:	1.1263439286278578

Currently simulating parameters:	False neg:	0.0	Trace efficiency:	0.38000000000000006
Theoretical Reff:	1.1596491441757473
Empirical Reff:	1.1140521769552394

Currently simulating parameters:	False neg:	0.0	Trace efficiency:	0.4000000000000001
Theoretical Reff:	1.141830300509627
Empirical Reff:	1.0660668921697256

Currently simulating parameters:	False neg:	0.0	Trace efficiency:	0.4200000000000001
Theoretical Reff:	1.1325357143834318
Empirical Reff:	1.0558703328452335

Currently simulating parameters:	False neg:	0.0	Trace efficiency:	0.4400000000000001
Theoretical Reff:	1.1163766384549763
Empirical Reff:	1.0550375691459362

Currently simulating parameters:	False neg:	0.0	Trace efficiency:	0.46000000000000013
Theoretical Reff:	1.11086711379712
Empirical Reff:	1.057742850919835

Currently simulating parameters:	False neg:	0.0	Trace efficiency:	0.48000000000000015
Theoretical Reff:	1.097807179661244
Empirical Reff:	1.027078542133113

Currently simulating parameters:	False neg:	0.0	Trace efficiency:	0.5000000000000001
Theoretical Reff:	1.0870161940217933
Empirical Reff:	1.044903348171844

Currently simulating parameters:	False neg:	0.0	Trace efficiency:	0.5200000000000001
Theoretical Reff:	1.0716592325244072
Empirical Reff:	0.9973654883768032

Currently simulating parameters:	False neg:	0.0	Trace efficiency:	0.5400000000000001
Theoretical Reff:	1.061733329140807
Empirical Reff:	0.9875369035194969

Currently simulating parameters:	False neg:	0.0	Trace efficiency:	0.5600000000000002
Theoretical Reff:	1.047257519726955
Empirical Reff:	0.9867937881745392

Currently simulating parameters:	False neg:	0.0	Trace efficiency:	0.5800000000000002
Theoretical Reff:	1.028301375019935
Empirical Reff:	0.9131327971937069

Currently simulating parameters:	False neg:	0.0	Trace efficiency:	0.6000000000000002
Theoretical Reff:	1.0183966159398623
Empirical Reff:	0.9106232792295708

Currently simulating parameters:	False neg:	0.0	Trace efficiency:	0.6200000000000002
Theoretical Reff:	1.001039306259785
Empirical Reff:	0.9059509416457889

Currently simulating parameters:	False neg:	0.0	Trace efficiency:	0.6400000000000002
Theoretical Reff:	0.9978631092044886
Empirical Reff:	0.9251571116317556

Currently simulating parameters:	False neg:	0.0	Trace efficiency:	0.6600000000000003
Theoretical Reff:	0.9859465900988409
Empirical Reff:	0.9265099091438046

Currently simulating parameters:	False neg:	0.0	Trace efficiency:	0.6800000000000003
Theoretical Reff:	0.9779809072891584
Empirical Reff:	0.9142125397979867

Currently simulating parameters:	False neg:	0.0	Trace efficiency:	0.7000000000000003
Theoretical Reff:	0.9476557716889393
Empirical Reff:	0.8777448475423882

Currently simulating parameters:	False neg:	0.0	Trace efficiency:	0.7200000000000003
Theoretical Reff:	0.9404023876550061
Empirical Reff:	0.8796572309815335

Currently simulating parameters:	False neg:	0.0	Trace efficiency:	0.7400000000000003
Theoretical Reff:	0.9245049153411774
Empirical Reff:	0.893381404306148

Currently simulating parameters:	False neg:	0.0	Trace efficiency:	0.7600000000000003
Theoretical Reff:	0.9057411431018431
Empirical Reff:	0.8628973787920952

Currently simulating parameters:	False neg:	0.0	Trace efficiency:	0.7800000000000004
Theoretical Reff:	0.8748413945376207
Empirical Reff:	0.8696632016500756

Currently simulating parameters:	False neg:	0.0	Trace efficiency:	0.8000000000000004
Theoretical Reff:	0.881764645994631
Empirical Reff:	0.8512227833537531

Currently simulating parameters:	False neg:	0.0	Trace efficiency:	0.8200000000000004
Theoretical Reff:	0.8787960432412095
Empirical Reff:	0.8465764139723083

Currently simulating parameters:	False neg:	0.0	Trace efficiency:	0.8400000000000004
Theoretical Reff:	0.861899857679341
Empirical Reff:	0.8231969531617825

Currently simulating parameters:	False neg:	0.0	Trace efficiency:	0.8600000000000004
Theoretical Reff:	0.8592439471883473
Empirical Reff:	0.8338579991662468

Currently simulating parameters:	False neg:	0.0	Trace efficiency:	0.8800000000000004
Theoretical Reff:	0.8288933041796417
Empirical Reff:	0.835979040475773

Currently simulating parameters:	False neg:	0.0	Trace efficiency:	0.9000000000000005
Theoretical Reff:	0.8163086160535167
Empirical Reff:	0.8496299709142826

Currently simulating parameters:	False neg:	0.0	Trace efficiency:	0.9200000000000005
Theoretical Reff:	0.8096876545937415
Empirical Reff:	0.8146848965656649

Currently simulating parameters:	False neg:	0.0	Trace efficiency:	0.9400000000000005
Theoretical Reff:	0.7759523519380837
Empirical Reff:	0.8089958989113147

Currently simulating parameters:	False neg:	0.0	Trace efficiency:	0.9600000000000005
Theoretical Reff:	0.7854835317439984
Empirical Reff:	0.8197542974540304

Currently simulating parameters:	False neg:	0.0	Trace efficiency:	0.9800000000000005
Theoretical Reff:	0.7262135268343279
Empirical Reff:	0.7899690711100829

Currently simulating parameters:	False neg:	0.0	Trace efficiency:	1.0000000000000004
Theoretical Reff:	0.7198316977253536
Empirical Reff:	0.7878546634388672

 Total elapsed time:	7204.001334864 seconds.

Currently simulating parameters:	False neg:	0.0	Trace efficiency:	0.0
Theoretical Reff:	1.3608797056816433
Empirical Reff:	1.3495235457994577

Currently simulating parameters:	False neg:	0.0	Trace efficiency:	0.02
Theoretical Reff:	1.3507796197045947
Empirical Reff:	1.3496214

Currently simulating parameters:	False neg:	0.0	Trace efficiency:	0.04
Theoretical Reff:	1.3405974873532749
Empirical Reff:	1.3263738920634922

Currently simulating parameters:	False neg:	0.0	Trace efficiency:	0.06
Theoretical Reff:	1.3306410599993392
Empirical Reff:	1.3161564561403507

Currently simulating parameters:	False neg:	0.0	Trace efficiency:	0.08
Theoretical Reff:	1.3199563580414502
Empirical Reff:	1.2600458248185347

Currently simulating parameters:	False neg:	0.0	Trace efficiency:	0.1
Theoretical Reff:	1.3096065671388681
Empirical Reff:	1.2820521018349993

Currently simulating parameters:	False neg:	0.0	Trace efficiency:	0.12000000000000001
Theoretical Reff:	1.300815154826992
Empirical Reff:	1.2967744

Currently simulating parameters:	False neg:	0.0	Trace efficiency:	0.14
Theoretical Reff:	1.2905655735071244
Empirical Reff:	1.2480373841903798

Currently simulating parameters:	False neg:	0.0	Trace efficiency:	0.16
Theoretical Reff:	1.2798379323576499
Empirical Reff:	1.2571761829622017

Currently simulating parameters:	False neg:	0.0	Trace efficiency:	0.18
Theoretical Reff:	1.2682910341849887
Empirical Reff:	1.227759825885499

Currently simulating parameters:	False neg:	0.0	Trace efficiency:	0.19999999999999998
Theoretical Reff:	1.258660868885569
Empirical Reff:	1.2196416460427055

Currently simulating parameters:	False neg:	0.0	Trace efficiency:	0.21999999999999997
Theoretical Reff:	1.2468408285688797
Empirical Reff:	1.2065621396986264

Currently simulating parameters:	False neg:	0.0	Trace efficiency:	0.23999999999999996
Theoretical Reff:	1.236961549637957
Empirical Reff:	1.1827609120089446

Currently simulating parameters:	False neg:	0.0	Trace efficiency:	0.25999999999999995
Theoretical Reff:	1.2267071177450275
Empirical Reff:	1.214882767346939

Currently simulating parameters:	False neg:	0.0	Trace efficiency:	0.27999999999999997
Theoretical Reff:	1.21434081422194
Empirical Reff:	1.1683425645979677

Currently simulating parameters:	False neg:	0.0	Trace efficiency:	0.3
Theoretical Reff:	1.2034907785391424
Empirical Reff:	1.1344746259330594

Currently simulating parameters:	False neg:	0.0	Trace efficiency:	0.32
Theoretical Reff:	1.190961483499299
Empirical Reff:	1.1473035619080532

Currently simulating parameters:	False neg:	0.0	Trace efficiency:	0.34
Theoretical Reff:	1.1802755630793533
Empirical Reff:	1.1334399493110154

Currently simulating parameters:	False neg:	0.0	Trace efficiency:	0.36000000000000004
Theoretical Reff:	1.171762032515783
Empirical Reff:	1.1434916063209735

Currently simulating parameters:	False neg:	0.0	Trace efficiency:	0.38000000000000006
Theoretical Reff:	1.1563842527607986
Empirical Reff:	1.097181340960388

Currently simulating parameters:	False neg:	0.0	Trace efficiency:	0.4000000000000001
Theoretical Reff:	1.1486844480966365
Empirical Reff:	1.1125883407099142

Currently simulating parameters:	False neg:	0.0	Trace efficiency:	0.4200000000000001
Theoretical Reff:	1.1323679214416242
Empirical Reff:	1.0549338931060057

Currently simulating parameters:	False neg:	0.0	Trace efficiency:	0.4400000000000001
Theoretical Reff:	1.122010746635509
Empirical Reff:	1.0566577146934286

Currently simulating parameters:	False neg:	0.0	Trace efficiency:	0.46000000000000013
Theoretical Reff:	1.1109895714317632
Empirical Reff:	1.073561836800692

Currently simulating parameters:	False neg:	0.0	Trace efficiency:	0.48000000000000015
Theoretical Reff:	1.0961981761750024
Empirical Reff:	1.0216188238257897

Currently simulating parameters:	False neg:	0.0	Trace efficiency:	0.5000000000000001
Theoretical Reff:	1.088125591053421
Empirical Reff:	1.0461102489671192

Currently simulating parameters:	False neg:	0.0	Trace efficiency:	0.5200000000000001
Theoretical Reff:	1.074013590545163
Empirical Reff:	0.9871112529303724

Currently simulating parameters:	False neg:	0.0	Trace efficiency:	0.5400000000000001
Theoretical Reff:	1.0575651565620952
Empirical Reff:	0.9684087350737314

Currently simulating parameters:	False neg:	0.0	Trace efficiency:	0.5600000000000002
Theoretical Reff:	1.0396236113811947
Empirical Reff:	0.929886384189712

Currently simulating parameters:	False neg:	0.0	Trace efficiency:	0.5800000000000002
Theoretical Reff:	1.024328521593549
Empirical Reff:	0.9384886766665486

Currently simulating parameters:	False neg:	0.0	Trace efficiency:	0.6000000000000002
Theoretical Reff:	1.013937486408715
Empirical Reff:	0.9447782152577733

Currently simulating parameters:	False neg:	0.0	Trace efficiency:	0.6200000000000002
Theoretical Reff:	1.0026262354707387
Empirical Reff:	0.8963314217596191

Currently simulating parameters:	False neg:	0.0	Trace efficiency:	0.6400000000000002
Theoretical Reff:	0.9957436134436599
Empirical Reff:	0.9183197718861845

Currently simulating parameters:	False neg:	0.0	Trace efficiency:	0.6600000000000003
Theoretical Reff:	0.9586814574341084
Empirical Reff:	0.896919590306477

Currently simulating parameters:	False neg:	0.0	Trace efficiency:	0.6800000000000003
Theoretical Reff:	0.9581496015431542
Empirical Reff:	0.9023123913555078

Currently simulating parameters:	False neg:	0.0	Trace efficiency:	0.7000000000000003
Theoretical Reff:	0.9628820400528361
Empirical Reff:	0.9173487937718252

Currently simulating parameters:	False neg:	0.0	Trace efficiency:	0.7200000000000003
Theoretical Reff:	0.930405545609151
Empirical Reff:	0.8587958353046645

Currently simulating parameters:	False neg:	0.0	Trace efficiency:	0.7400000000000003
Theoretical Reff:	0.9268707671056913
Empirical Reff:	0.8604971443412649

Currently simulating parameters:	False neg:	0.0	Trace efficiency:	0.7600000000000003
Theoretical Reff:	0.9150829561305303
Empirical Reff:	0.8658889855284173

Currently simulating parameters:	False neg:	0.0	Trace efficiency:	0.7800000000000004
Theoretical Reff:	0.8929423084156628
Empirical Reff:	0.8633142564404932

Currently simulating parameters:	False neg:	0.0	Trace efficiency:	0.8000000000000004
Theoretical Reff:	0.8858904116708503
Empirical Reff:	0.8571521641552934

Currently simulating parameters:	False neg:	0.0	Trace efficiency:	0.8200000000000004
Theoretical Reff:	0.8605489761841731
Empirical Reff:	0.8570551902469005

Currently simulating parameters:	False neg:	0.0	Trace efficiency:	0.8400000000000004
Theoretical Reff:	0.8747791202790979
Empirical Reff:	0.8467935236258144

Currently simulating parameters:	False neg:	0.0	Trace efficiency:	0.8600000000000004
Theoretical Reff:	0.8436558359190193
Empirical Reff:	0.842191369993027

Currently simulating parameters:	False neg:	0.0	Trace efficiency:	0.8800000000000004
Theoretical Reff:	0.8051495467366667
Empirical Reff:	0.7902472772855569

Currently simulating parameters:	False neg:	0.0	Trace efficiency:	0.9000000000000005
Theoretical Reff:	0.8239527707475334
Empirical Reff:	0.8183478061505087

Currently simulating parameters:	False neg:	0.0	Trace efficiency:	0.9200000000000005
Theoretical Reff:	0.8078528521299293
Empirical Reff:	0.8094350881757496

Currently simulating parameters:	False neg:	0.0	Trace efficiency:	0.9400000000000005
Theoretical Reff:	0.7598885269917317
Empirical Reff:	0.7806839767983368

Currently simulating parameters:	False neg:	0.0	Trace efficiency:	0.9600000000000005
Theoretical Reff:	0.7505359077508239
Empirical Reff:	0.815995107034728

Currently simulating parameters:	False neg:	0.0	Trace efficiency:	0.9800000000000005
Theoretical Reff:	0.7423093599113759
Empirical Reff:	0.8115957487506243

Currently simulating parameters:	False neg:	0.0	Trace efficiency:	1.0000000000000004
Theoretical Reff:	0.7566719890558571
Empirical Reff:	0.8015327809000847

 Total elapsed time:	7207.328408734 seconds.

Currently simulating parameters:	False neg:	0.0	Trace efficiency:	0.0
Theoretical Reff:	1.3607735667490521
Empirical Reff:	1.3601032000000004

Currently simulating parameters:	False neg:	0.0	Trace efficiency:	0.02
Theoretical Reff:	1.3512365279117637
Empirical Reff:	1.3497322000000005

Currently simulating parameters:	False neg:	0.0	Trace efficiency:	0.04
Theoretical Reff:	1.3413233351446179
Empirical Reff:	1.2975545983260814

Currently simulating parameters:	False neg:	0.0	Trace efficiency:	0.06
Theoretical Reff:	1.3314796333587593
Empirical Reff:	1.303949594107406

Currently simulating parameters:	False neg:	0.0	Trace efficiency:	0.08
Theoretical Reff:	1.3209655740081947
Empirical Reff:	1.3120657056751464

Currently simulating parameters:	False neg:	0.0	Trace efficiency:	0.1
Theoretical Reff:	1.3107186713187353
Empirical Reff:	1.3080462

Currently simulating parameters:	False neg:	0.0	Trace efficiency:	0.12000000000000001
Theoretical Reff:	1.2996462744645383
Empirical Reff:	1.2589195332688639

Currently simulating parameters:	False neg:	0.0	Trace efficiency:	0.14
Theoretical Reff:	1.2886918397422122
Empirical Reff:	1.2752947578763447

Currently simulating parameters:	False neg:	0.0	Trace efficiency:	0.16
Theoretical Reff:	1.2794991244207687
Empirical Reff:	1.269379421238938

Currently simulating parameters:	False neg:	0.0	Trace efficiency:	0.18
Theoretical Reff:	1.2679914789437443
Empirical Reff:	1.2349420618277722

Currently simulating parameters:	False neg:	0.0	Trace efficiency:	0.19999999999999998
Theoretical Reff:	1.2569292738910611
Empirical Reff:	1.2301123215687952

Currently simulating parameters:	False neg:	0.0	Trace efficiency:	0.21999999999999997
Theoretical Reff:	1.245360456255796
Empirical Reff:	1.2273671310570269

Currently simulating parameters:	False neg:	0.0	Trace efficiency:	0.23999999999999996
Theoretical Reff:	1.2346622365063666
Empirical Reff:	1.199386660390395

Currently simulating parameters:	False neg:	0.0	Trace efficiency:	0.25999999999999995
Theoretical Reff:	1.2264518328483067
Empirical Reff:	1.2197918712328768

Currently simulating parameters:	False neg:	0.0	Trace efficiency:	0.27999999999999997
Theoretical Reff:	1.214637439577346
Empirical Reff:	1.2058699424657535

Currently simulating parameters:	False neg:	0.0	Trace efficiency:	0.3
Theoretical Reff:	1.2021789393141031
Empirical Reff:	1.1641637124555022

Currently simulating parameters:	False neg:	0.0	Trace efficiency:	0.32
Theoretical Reff:	1.1929371882492905
Empirical Reff:	1.161715964952376

Currently simulating parameters:	False neg:	0.0	Trace efficiency:	0.34
Theoretical Reff:	1.1826166349836804
Empirical Reff:	1.159520724322752

Currently simulating parameters:	False neg:	0.0	Trace efficiency:	0.36000000000000004
Theoretical Reff:	1.1693417514932078
Empirical Reff:	1.0975634219929653

Currently simulating parameters:	False neg:	0.0	Trace efficiency:	0.38000000000000006
Theoretical Reff:	1.1620400418776322
Empirical Reff:	1.1450297603209953

Currently simulating parameters:	False neg:	0.0	Trace efficiency:	0.4000000000000001
Theoretical Reff:	1.1476645037930178
Empirical Reff:	1.1072155124985168

Currently simulating parameters:	False neg:	0.0	Trace efficiency:	0.4200000000000001
Theoretical Reff:	1.1359082085551062
Empirical Reff:	1.0879972770331343

Currently simulating parameters:	False neg:	0.0	Trace efficiency:	0.4400000000000001
Theoretical Reff:	1.12149951068
Empirical Reff:	1.0806647866720553

Currently simulating parameters:	False neg:	0.0	Trace efficiency:	0.46000000000000013
Theoretical Reff:	1.1054420767908404
Empirical Reff:	1.0462502506293705

Currently simulating parameters:	False neg:	0.0	Trace efficiency:	0.48000000000000015
Theoretical Reff:	1.104570744748166
Empirical Reff:	1.038816988728441

Currently simulating parameters:	False neg:	0.0	Trace efficiency:	0.5000000000000001
Theoretical Reff:	1.0867146349866554
Empirical Reff:	1.0004270422534354

Currently simulating parameters:	False neg:	0.0	Trace efficiency:	0.5200000000000001
Theoretical Reff:	1.0681851246763585
Empirical Reff:	0.9835317847140703

Currently simulating parameters:	False neg:	0.0	Trace efficiency:	0.5400000000000001
Theoretical Reff:	1.0547370178908477
Empirical Reff:	0.9935600882993851

Currently simulating parameters:	False neg:	0.0	Trace efficiency:	0.5600000000000002
Theoretical Reff:	1.0408534875431399
Empirical Reff:	0.9348638410699371

Currently simulating parameters:	False neg:	0.0	Trace efficiency:	0.5800000000000002
Theoretical Reff:	1.02908778667942
Empirical Reff:	0.9607230766436379

Currently simulating parameters:	False neg:	0.0	Trace efficiency:	0.6000000000000002
Theoretical Reff:	1.026143856763523
Empirical Reff:	0.9375502574076093

Currently simulating parameters:	False neg:	0.0	Trace efficiency:	0.6200000000000002
Theoretical Reff:	1.009071167272714
Empirical Reff:	0.9306935980624584

Currently simulating parameters:	False neg:	0.0	Trace efficiency:	0.6400000000000002
Theoretical Reff:	0.9995973546788205
Empirical Reff:	0.9239337806236722

Currently simulating parameters:	False neg:	0.0	Trace efficiency:	0.6600000000000003
Theoretical Reff:	0.9832550161225981
Empirical Reff:	0.9101152526294696

Currently simulating parameters:	False neg:	0.0	Trace efficiency:	0.6800000000000003
Theoretical Reff:	0.9818609384446921
Empirical Reff:	0.9150246649339674

Currently simulating parameters:	False neg:	0.0	Trace efficiency:	0.7000000000000003
Theoretical Reff:	0.958449305997399
Empirical Reff:	0.8780484512890677

Currently simulating parameters:	False neg:	0.0	Trace efficiency:	0.7200000000000003
Theoretical Reff:	0.9487438109672303
Empirical Reff:	0.892864450525272

Currently simulating parameters:	False neg:	0.0	Trace efficiency:	0.7400000000000003
Theoretical Reff:	0.9239852071080934
Empirical Reff:	0.8703653718883779

Currently simulating parameters:	False neg:	0.0	Trace efficiency:	0.7600000000000003
Theoretical Reff:	0.9073075156721058
Empirical Reff:	0.8610538189848603

Currently simulating parameters:	False neg:	0.0	Trace efficiency:	0.7800000000000004
Theoretical Reff:	0.908179787654422
Empirical Reff:	0.853266056254872

Currently simulating parameters:	False neg:	0.0	Trace efficiency:	0.8000000000000004
Theoretical Reff:	0.890007564395965
Empirical Reff:	0.8802848143354722

Currently simulating parameters:	False neg:	0.0	Trace efficiency:	0.8200000000000004
Theoretical Reff:	0.8571171849891307
Empirical Reff:	0.8070590939955439

Currently simulating parameters:	False neg:	0.0	Trace efficiency:	0.8400000000000004
Theoretical Reff:	0.8281304538839295
Empirical Reff:	0.81003108889929

Currently simulating parameters:	False neg:	0.0	Trace efficiency:	0.8600000000000004
Theoretical Reff:	0.8405222009916596
Empirical Reff:	0.824781031942746

Currently simulating parameters:	False neg:	0.0	Trace efficiency:	0.8800000000000004
Theoretical Reff:	0.816279069455454
Empirical Reff:	0.7925675054804563

Currently simulating parameters:	False neg:	0.0	Trace efficiency:	0.9000000000000005
Theoretical Reff:	0.8176943830322689
Empirical Reff:	0.8650627093185779

Currently simulating parameters:	False neg:	0.0	Trace efficiency:	0.9200000000000005
Theoretical Reff:	0.7985006397193033
Empirical Reff:	0.8409161401355696

Currently simulating parameters:	False neg:	0.0	Trace efficiency:	0.9400000000000005
Theoretical Reff:	0.7954992654414762
Empirical Reff:	0.8348436127592107

Currently simulating parameters:	False neg:	0.0	Trace efficiency:	0.9600000000000005
Theoretical Reff:	0.7579080868410539
Empirical Reff:	0.8229724206752966

Currently simulating parameters:	False neg:	0.0	Trace efficiency:	0.9800000000000005
Theoretical Reff:	0.7642879176584544
Empirical Reff:	0.8056492021111754

Currently simulating parameters:	False neg:	0.0	Trace efficiency:	1.0000000000000004
Theoretical Reff:	0.744397542392429
Empirical Reff:	0.7881052252119006

 Total elapsed time:	7211.819183048 seconds.

Currently simulating parameters:	False neg:	0.0	Trace efficiency:	0.0
Theoretical Reff:	1.36068889892569
Empirical Reff:	1.3641603999999998

Currently simulating parameters:	False neg:	0.0	Trace efficiency:	0.02
Theoretical Reff:	1.3509991783115145
Empirical Reff:	1.3407277959595956

Currently simulating parameters:	False neg:	0.0	Trace efficiency:	0.04
Theoretical Reff:	1.3410325755960824
Empirical Reff:	1.3422236

Currently simulating parameters:	False neg:	0.0	Trace efficiency:	0.06
Theoretical Reff:	1.3305971699215273
Empirical Reff:	1.3303915999999996

Currently simulating parameters:	False neg:	0.0	Trace efficiency:	0.08
Theoretical Reff:	1.3207330389054517
Empirical Reff:	1.3203412000000003

Currently simulating parameters:	False neg:	0.0	Trace efficiency:	0.1
Theoretical Reff:	1.3106021690261502
Empirical Reff:	1.2944667909909908

Currently simulating parameters:	False neg:	0.0	Trace efficiency:	0.12000000000000001
Theoretical Reff:	1.3008221033314122
Empirical Reff:	1.284424417391304

Currently simulating parameters:	False neg:	0.0	Trace efficiency:	0.14
Theoretical Reff:	1.2891779341527485
Empirical Reff:	1.279611745799458

Currently simulating parameters:	False neg:	0.0	Trace efficiency:	0.16
Theoretical Reff:	1.2794631680736137
Empirical Reff:	1.2766263999999998

Currently simulating parameters:	False neg:	0.0	Trace efficiency:	0.18
Theoretical Reff:	1.2690092948569809
Empirical Reff:	1.2696692000000003

Currently simulating parameters:	False neg:	0.0	Trace efficiency:	0.19999999999999998
Theoretical Reff:	1.2576317407040196
Empirical Reff:	1.2507191404255316

Currently simulating parameters:	False neg:	0.0	Trace efficiency:	0.21999999999999997
Theoretical Reff:	1.2477718883556834
Empirical Reff:	1.1939084068842207

Currently simulating parameters:	False neg:	0.0	Trace efficiency:	0.23999999999999996
Theoretical Reff:	1.2379455589837347
Empirical Reff:	1.1662623428223542

Currently simulating parameters:	False neg:	0.0	Trace efficiency:	0.25999999999999995
Theoretical Reff:	1.2269724803870674
Empirical Reff:	1.2171651459119497

Currently simulating parameters:	False neg:	0.0	Trace efficiency:	0.27999999999999997
Theoretical Reff:	1.213748535066955
Empirical Reff:	1.147460239127319

Currently simulating parameters:	False neg:	0.0	Trace efficiency:	0.3
Theoretical Reff:	1.205553846788931
Empirical Reff:	1.1770271260405678

Currently simulating parameters:	False neg:	0.0	Trace efficiency:	0.32
Theoretical Reff:	1.1926979705455856
Empirical Reff:	1.1331627555762678

Currently simulating parameters:	False neg:	0.0	Trace efficiency:	0.34
Theoretical Reff:	1.1833988920758411
Empirical Reff:	1.1583341437186985

Currently simulating parameters:	False neg:	0.0	Trace efficiency:	0.36000000000000004
Theoretical Reff:	1.1699484754987948
Empirical Reff:	1.142878345095463

Currently simulating parameters:	False neg:	0.0	Trace efficiency:	0.38000000000000006
Theoretical Reff:	1.1613703593691906
Empirical Reff:	1.105326572150677

Currently simulating parameters:	False neg:	0.0	Trace efficiency:	0.4000000000000001
Theoretical Reff:	1.1477810237515103
Empirical Reff:	1.0998022110411874

Currently simulating parameters:	False neg:	0.0	Trace efficiency:	0.4200000000000001
Theoretical Reff:	1.1363200612617574
Empirical Reff:	1.0791653780241528

Currently simulating parameters:	False neg:	0.0	Trace efficiency:	0.4400000000000001
Theoretical Reff:	1.1239802113989967
Empirical Reff:	1.085352595118948

Currently simulating parameters:	False neg:	0.0	Trace efficiency:	0.46000000000000013
Theoretical Reff:	1.1139436425034561
Empirical Reff:	1.0711107619975164

Currently simulating parameters:	False neg:	0.0	Trace efficiency:	0.48000000000000015
Theoretical Reff:	1.0908820931984229
Empirical Reff:	1.0200803933709695

Currently simulating parameters:	False neg:	0.0	Trace efficiency:	0.5000000000000001
Theoretical Reff:	1.084150808073499
Empirical Reff:	0.9847541053973334

Currently simulating parameters:	False neg:	0.0	Trace efficiency:	0.5200000000000001
Theoretical Reff:	1.0759194110495818
Empirical Reff:	1.0130044874179216

Currently simulating parameters:	False neg:	0.0	Trace efficiency:	0.5400000000000001
Theoretical Reff:	1.0575078113938932
Empirical Reff:	0.9921914633069083

Currently simulating parameters:	False neg:	0.0	Trace efficiency:	0.5600000000000002
Theoretical Reff:	1.0530359939767528
Empirical Reff:	0.9696147157718461

Currently simulating parameters:	False neg:	0.0	Trace efficiency:	0.5800000000000002
Theoretical Reff:	1.0275551488016905
Empirical Reff:	0.9299936880026282

Currently simulating parameters:	False neg:	0.0	Trace efficiency:	0.6000000000000002
Theoretical Reff:	1.0219084150183544
Empirical Reff:	0.9493264138793858

Currently simulating parameters:	False neg:	0.0	Trace efficiency:	0.6200000000000002
Theoretical Reff:	0.9950245092590047
Empirical Reff:	0.9157531298352302

Currently simulating parameters:	False neg:	0.0	Trace efficiency:	0.6400000000000002
Theoretical Reff:	0.989816939913931
Empirical Reff:	0.8922461193495179

Currently simulating parameters:	False neg:	0.0	Trace efficiency:	0.6600000000000003
Theoretical Reff:	0.9803575388181873
Empirical Reff:	0.9077655436918957

Currently simulating parameters:	False neg:	0.0	Trace efficiency:	0.6800000000000003
Theoretical Reff:	0.9650945170008537
Empirical Reff:	0.9026076782142531

Currently simulating parameters:	False neg:	0.0	Trace efficiency:	0.7000000000000003
Theoretical Reff:	0.9569261101372338
Empirical Reff:	0.8979968207014349

Currently simulating parameters:	False neg:	0.0	Trace efficiency:	0.7200000000000003
Theoretical Reff:	0.9528953388359059
Empirical Reff:	0.9047555150132522

Currently simulating parameters:	False neg:	0.0	Trace efficiency:	0.7400000000000003
Theoretical Reff:	0.931538995293976
Empirical Reff:	0.884184616845398

Currently simulating parameters:	False neg:	0.0	Trace efficiency:	0.7600000000000003
Theoretical Reff:	0.9247696009655563
Empirical Reff:	0.877199317715535

Currently simulating parameters:	False neg:	0.0	Trace efficiency:	0.7800000000000004
Theoretical Reff:	0.9087403311068002
Empirical Reff:	0.8617159395797855

Currently simulating parameters:	False neg:	0.0	Trace efficiency:	0.8000000000000004
Theoretical Reff:	0.8879849935167452
Empirical Reff:	0.847797803866292

Currently simulating parameters:	False neg:	0.0	Trace efficiency:	0.8200000000000004
Theoretical Reff:	0.8707638565622395
Empirical Reff:	0.8555888311477928

Currently simulating parameters:	False neg:	0.0	Trace efficiency:	0.8400000000000004
Theoretical Reff:	0.8608739410590336
Empirical Reff:	0.8626794162904011

Currently simulating parameters:	False neg:	0.0	Trace efficiency:	0.8600000000000004
Theoretical Reff:	0.8559090245655692
Empirical Reff:	0.8150591106929208

Currently simulating parameters:	False neg:	0.0	Trace efficiency:	0.8800000000000004
Theoretical Reff:	0.8336911035534261
Empirical Reff:	0.8372454708358933

Currently simulating parameters:	False neg:	0.0	Trace efficiency:	0.9000000000000005
Theoretical Reff:	0.8370299672808217
Empirical Reff:	0.841323530160151

Currently simulating parameters:	False neg:	0.0	Trace efficiency:	0.9200000000000005
Theoretical Reff:	0.7831294088567667
Empirical Reff:	0.790593293128187

Currently simulating parameters:	False neg:	0.0	Trace efficiency:	0.9400000000000005
Theoretical Reff:	0.800361553631805
Empirical Reff:	0.8215856393026499

Currently simulating parameters:	False neg:	0.0	Trace efficiency:	0.9600000000000005
Theoretical Reff:	0.7316965230636798
Empirical Reff:	0.7804423767796763

Currently simulating parameters:	False neg:	0.0	Trace efficiency:	0.9800000000000005
Theoretical Reff:	0.7824365098080999
Empirical Reff:	0.7881306556140334

Currently simulating parameters:	False neg:	0.0	Trace efficiency:	1.0000000000000004
Theoretical Reff:	0.7521969807760284
Empirical Reff:	0.7906889557099048

 Total elapsed time:	7214.396175425 seconds.

Currently simulating parameters:	False neg:	0.0	Trace efficiency:	0.0
Theoretical Reff:	1.3607357724652056
Empirical Reff:	1.3631898

Currently simulating parameters:	False neg:	0.0	Trace efficiency:	0.02
Theoretical Reff:	1.3512929538611844
Empirical Reff:	1.3501356000000002

Currently simulating parameters:	False neg:	0.0	Trace efficiency:	0.04
Theoretical Reff:	1.340313031344842
Empirical Reff:	1.330276727950311

Currently simulating parameters:	False neg:	0.0	Trace efficiency:	0.06
Theoretical Reff:	1.3310908152817424
Empirical Reff:	1.334871

Currently simulating parameters:	False neg:	0.0	Trace efficiency:	0.08
Theoretical Reff:	1.3207821069839731
Empirical Reff:	1.2967915407298145

Currently simulating parameters:	False neg:	0.0	Trace efficiency:	0.1
Theoretical Reff:	1.3088434135623295
Empirical Reff:	1.2866394656892026

Currently simulating parameters:	False neg:	0.0	Trace efficiency:	0.12000000000000001
Theoretical Reff:	1.3005429289361687
Empirical Reff:	1.2899203630996308

Currently simulating parameters:	False neg:	0.0	Trace efficiency:	0.14
Theoretical Reff:	1.290040960176376
Empirical Reff:	1.2738510813918307

Currently simulating parameters:	False neg:	0.0	Trace efficiency:	0.16
Theoretical Reff:	1.279581809828634
Empirical Reff:	1.2536802415136499

Currently simulating parameters:	False neg:	0.0	Trace efficiency:	0.18
Theoretical Reff:	1.2691414338924933
Empirical Reff:	1.2596459674796745

Currently simulating parameters:	False neg:	0.0	Trace efficiency:	0.19999999999999998
Theoretical Reff:	1.259102093708022
Empirical Reff:	1.2534348000000002

Currently simulating parameters:	False neg:	0.0	Trace efficiency:	0.21999999999999997
Theoretical Reff:	1.2469466738369517
Empirical Reff:	1.2114464905276279

Currently simulating parameters:	False neg:	0.0	Trace efficiency:	0.23999999999999996
Theoretical Reff:	1.2378348645590416
Empirical Reff:	1.22071785786802

Currently simulating parameters:	False neg:	0.0	Trace efficiency:	0.25999999999999995
Theoretical Reff:	1.2254929424262406
Empirical Reff:	1.2134519959595957

Currently simulating parameters:	False neg:	0.0	Trace efficiency:	0.27999999999999997
Theoretical Reff:	1.2150487194879387
Empirical Reff:	1.1754076901105628

Currently simulating parameters:	False neg:	0.0	Trace efficiency:	0.3
Theoretical Reff:	1.2052283766584648
Empirical Reff:	1.175632753046276

Currently simulating parameters:	False neg:	0.0	Trace efficiency:	0.32
Theoretical Reff:	1.194581189381199
Empirical Reff:	1.1600463705598985

Currently simulating parameters:	False neg:	0.0	Trace efficiency:	0.34
Theoretical Reff:	1.1848604659152926
Empirical Reff:	1.1468827816564156

Currently simulating parameters:	False neg:	0.0	Trace efficiency:	0.36000000000000004
Theoretical Reff:	1.1695181950641824
Empirical Reff:	1.1221528874265843

Currently simulating parameters:	False neg:	0.0	Trace efficiency:	0.38000000000000006
Theoretical Reff:	1.158394819218667
Empirical Reff:	1.104461114678407

Currently simulating parameters:	False neg:	0.0	Trace efficiency:	0.4000000000000001
Theoretical Reff:	1.1501939743447493
Empirical Reff:	1.1051642710344667

Currently simulating parameters:	False neg:	0.0	Trace efficiency:	0.4200000000000001
Theoretical Reff:	1.1371849161232426
Empirical Reff:	1.1066861185348131

Currently simulating parameters:	False neg:	0.0	Trace efficiency:	0.4400000000000001
Theoretical Reff:	1.1255251502835368
Empirical Reff:	1.0895800384916174

Currently simulating parameters:	False neg:	0.0	Trace efficiency:	0.46000000000000013
Theoretical Reff:	1.1130110020661665
Empirical Reff:	1.057688778654748

Currently simulating parameters:	False neg:	0.0	Trace efficiency:	0.48000000000000015
Theoretical Reff:	1.090678462817205
Empirical Reff:	1.0247918551768707

Currently simulating parameters:	False neg:	0.0	Trace efficiency:	0.5000000000000001
Theoretical Reff:	1.0834175888485185
Empirical Reff:	1.007376069400331

Currently simulating parameters:	False neg:	0.0	Trace efficiency:	0.5200000000000001
Theoretical Reff:	1.0743969218062104
Empirical Reff:	1.0156988893218561

Currently simulating parameters:	False neg:	0.0	Trace efficiency:	0.5400000000000001
Theoretical Reff:	1.0623337195701599
Empirical Reff:	1.0115507267690547

Currently simulating parameters:	False neg:	0.0	Trace efficiency:	0.5600000000000002
Theoretical Reff:	1.0462682294605976
Empirical Reff:	0.9863383614960678

Currently simulating parameters:	False neg:	0.0	Trace efficiency:	0.5800000000000002
Theoretical Reff:	1.0320484254090636
Empirical Reff:	0.9637253421267549

Currently simulating parameters:	False neg:	0.0	Trace efficiency:	0.6000000000000002
Theoretical Reff:	1.0108354927753669
Empirical Reff:	0.9177038053566053

Currently simulating parameters:	False neg:	0.0	Trace efficiency:	0.6200000000000002
Theoretical Reff:	1.0090924880779055
Empirical Reff:	0.9374743926825856

Currently simulating parameters:	False neg:	0.0	Trace efficiency:	0.6400000000000002
Theoretical Reff:	0.9848009410684546
Empirical Reff:	0.9174476980291592

Currently simulating parameters:	False neg:	0.0	Trace efficiency:	0.6600000000000003
Theoretical Reff:	0.9760474371549999
Empirical Reff:	0.8997661001402036

Currently simulating parameters:	False neg:	0.0	Trace efficiency:	0.6800000000000003
Theoretical Reff:	0.9572513773761753
Empirical Reff:	0.8771522896027

Currently simulating parameters:	False neg:	0.0	Trace efficiency:	0.7000000000000003
Theoretical Reff:	0.9575543185370377
Empirical Reff:	0.8698420790130886

Currently simulating parameters:	False neg:	0.0	Trace efficiency:	0.7200000000000003
Theoretical Reff:	0.917668240417789
Empirical Reff:	0.8667907624783466

Currently simulating parameters:	False neg:	0.0	Trace efficiency:	0.7400000000000003
Theoretical Reff:	0.9345768497000772
Empirical Reff:	0.8960084210040259

Currently simulating parameters:	False neg:	0.0	Trace efficiency:	0.7600000000000003
Theoretical Reff:	0.9077811007989437
Empirical Reff:	0.8881170220333722

Currently simulating parameters:	False neg:	0.0	Trace efficiency:	0.7800000000000004
Theoretical Reff:	0.9016254449592714
Empirical Reff:	0.8751575712501709

Currently simulating parameters:	False neg:	0.0	Trace efficiency:	0.8000000000000004
Theoretical Reff:	0.890828560257831
Empirical Reff:	0.8411174850989177

Currently simulating parameters:	False neg:	0.0	Trace efficiency:	0.8200000000000004
Theoretical Reff:	0.8776292889304821
Empirical Reff:	0.8530257530108258

Currently simulating parameters:	False neg:	0.0	Trace efficiency:	0.8400000000000004
Theoretical Reff:	0.8807504692053505
Empirical Reff:	0.8347526610194186

Currently simulating parameters:	False neg:	0.0	Trace efficiency:	0.8600000000000004
Theoretical Reff:	0.8421739008498388
Empirical Reff:	0.8501128571393651

Currently simulating parameters:	False neg:	0.0	Trace efficiency:	0.8800000000000004
Theoretical Reff:	0.8217727870101295
Empirical Reff:	0.8335201538905366

Currently simulating parameters:	False neg:	0.0	Trace efficiency:	0.9000000000000005
Theoretical Reff:	0.7948985700802127
Empirical Reff:	0.7975843660567264

Currently simulating parameters:	False neg:	0.0	Trace efficiency:	0.9200000000000005
Theoretical Reff:	0.801655431817726
Empirical Reff:	0.813787844105034

Currently simulating parameters:	False neg:	0.0	Trace efficiency:	0.9400000000000005
Theoretical Reff:	0.793796990353633
Empirical Reff:	0.7948692704844792

Currently simulating parameters:	False neg:	0.0	Trace efficiency:	0.9600000000000005
Theoretical Reff:	0.7851844788726816
Empirical Reff:	0.8253805454743821

Currently simulating parameters:	False neg:	0.0	Trace efficiency:	0.9800000000000005
Theoretical Reff:	0.7762681567709797
Empirical Reff:	0.7949086971926907

Currently simulating parameters:	False neg:	0.0	Trace efficiency:	1.0000000000000004
Theoretical Reff:	0.7567159864266552
Empirical Reff:	0.796777300932056

 Total elapsed time:	7221.68881548 seconds.
