
Currently simulating parameters:	False neg:	0.0	Trace efficiency:	1.0000000000000004
Theoretical Reff:	0.5847044392883161
Empirical Reff:	0.7156628730060528

Currently simulating parameters:	False neg:	0.02	Trace efficiency:	1.0000000000000004
Theoretical Reff:	0.6304057934624097
Empirical Reff:	0.7580541120673315

Currently simulating parameters:	False neg:	0.04	Trace efficiency:	1.0000000000000004
Theoretical Reff:	0.6849571869372826
Empirical Reff:	0.7562376161957894

Currently simulating parameters:	False neg:	0.06	Trace efficiency:	1.0000000000000004
Theoretical Reff:	0.7488167444898485
Empirical Reff:	0.8145417974436993

Currently simulating parameters:	False neg:	0.08	Trace efficiency:	1.0000000000000004
Theoretical Reff:	0.7639114215499598
Empirical Reff:	0.7976983782295258

Currently simulating parameters:	False neg:	0.1	Trace efficiency:	1.0000000000000004
Theoretical Reff:	0.8245876221398684
Empirical Reff:	0.8147128842515751

Currently simulating parameters:	False neg:	0.12000000000000001	Trace efficiency:	1.0000000000000004
Theoretical Reff:	0.8828241802265294
Empirical Reff:	0.8341023096029555

Currently simulating parameters:	False neg:	0.14	Trace efficiency:	1.0000000000000004
Theoretical Reff:	0.8804371795391495
Empirical Reff:	0.8311183421814086

Currently simulating parameters:	False neg:	0.16	Trace efficiency:	1.0000000000000004
Theoretical Reff:	0.947828715218705
Empirical Reff:	0.8659281076499625

Currently simulating parameters:	False neg:	0.18	Trace efficiency:	1.0000000000000004
Theoretical Reff:	0.9910889713512855
Empirical Reff:	0.8998671760861054

Currently simulating parameters:	False neg:	0.19999999999999998	Trace efficiency:	1.0000000000000004
Theoretical Reff:	1.0303546911376331
Empirical Reff:	0.882876187239442

Currently simulating parameters:	False neg:	0.21999999999999997	Trace efficiency:	1.0000000000000004
Theoretical Reff:	1.0803811581131042
Empirical Reff:	0.9576001965707016

Currently simulating parameters:	False neg:	0.23999999999999996	Trace efficiency:	1.0000000000000004
Theoretical Reff:	1.118793342010409
Empirical Reff:	1.0084410600381277

Currently simulating parameters:	False neg:	0.25999999999999995	Trace efficiency:	1.0000000000000004
Theoretical Reff:	1.1471170013206469
Empirical Reff:	1.0396291247894338

Currently simulating parameters:	False neg:	0.27999999999999997	Trace efficiency:	1.0000000000000004
Theoretical Reff:	1.1931684475538091
Empirical Reff:	1.1083880357725169

Currently simulating parameters:	False neg:	0.3	Trace efficiency:	1.0000000000000004
Theoretical Reff:	1.2361747762528612
Empirical Reff:	1.1394956087782742

Currently simulating parameters:	False neg:	0.32	Trace efficiency:	1.0000000000000004
Theoretical Reff:	1.2639138450028637
Empirical Reff:	1.1810625677581887

Currently simulating parameters:	False neg:	0.34	Trace efficiency:	1.0000000000000004
Theoretical Reff:	1.300640287601934
Empirical Reff:	1.2308004145866152

Currently simulating parameters:	False neg:	0.36000000000000004	Trace efficiency:	1.0000000000000004
Theoretical Reff:	1.3320909722811622
Empirical Reff:	1.2677938673061673

Currently simulating parameters:	False neg:	0.38000000000000006	Trace efficiency:	1.0000000000000004
Theoretical Reff:	1.3607259278911332
Empirical Reff:	1.3025827186991874

Currently simulating parameters:	False neg:	0.4000000000000001	Trace efficiency:	1.0000000000000004
Theoretical Reff:	1.3925399923199218
Empirical Reff:	1.335847146031746

Currently simulating parameters:	False neg:	0.4200000000000001	Trace efficiency:	1.0000000000000004
Theoretical Reff:	1.422626821736869
Empirical Reff:	1.3353738430412452

Currently simulating parameters:	False neg:	0.4400000000000001	Trace efficiency:	1.0000000000000004
Theoretical Reff:	1.4469791168805606
Empirical Reff:	1.3758906993491105

Currently simulating parameters:	False neg:	0.46000000000000013	Trace efficiency:	1.0000000000000004
Theoretical Reff:	1.4736479220148524
Empirical Reff:	1.421883741475827

Currently simulating parameters:	False neg:	0.48000000000000015	Trace efficiency:	1.0000000000000004
Theoretical Reff:	1.5034511133393451
Empirical Reff:	1.4641804000000003

Currently simulating parameters:	False neg:	0.5000000000000001	Trace efficiency:	1.0000000000000004
Theoretical Reff:	1.5308678665810433
Empirical Reff:	1.4933941999999996

Currently simulating parameters:	False neg:	0.5200000000000001	Trace efficiency:	1.0000000000000004
Theoretical Reff:	1.5559415424767922
Empirical Reff:	1.5181813999999993

Currently simulating parameters:	False neg:	0.5400000000000001	Trace efficiency:	1.0000000000000004
Theoretical Reff:	1.5809201062957678
Empirical Reff:	1.5444827999999995

Currently simulating parameters:	False neg:	0.5600000000000002	Trace efficiency:	1.0000000000000004
Theoretical Reff:	1.6042695998813818
Empirical Reff:	1.5750696000000004

Currently simulating parameters:	False neg:	0.5800000000000002	Trace efficiency:	1.0000000000000004
Theoretical Reff:	1.6255330478783039
Empirical Reff:	1.5541057465817767

Currently simulating parameters:	False neg:	0.6000000000000002	Trace efficiency:	1.0000000000000004
Theoretical Reff:	1.6510120991152522
Empirical Reff:	1.6226731999999995

Currently simulating parameters:	False neg:	0.6200000000000002	Trace efficiency:	1.0000000000000004
Theoretical Reff:	1.6739102630659506
Empirical Reff:	1.6509447999999998

Currently simulating parameters:	False neg:	0.6400000000000002	Trace efficiency:	1.0000000000000004
Theoretical Reff:	1.6951111288333118
Empirical Reff:	1.6719770000000003

Currently simulating parameters:	False neg:	0.6600000000000003	Trace efficiency:	1.0000000000000004
Theoretical Reff:	1.7161262272288333
Empirical Reff:	1.6942458

Currently simulating parameters:	False neg:	0.6800000000000003	Trace efficiency:	1.0000000000000004
Theoretical Reff:	1.73712267908618
Empirical Reff:	1.7175275999999995

Currently simulating parameters:	False neg:	0.7000000000000003	Trace efficiency:	1.0000000000000004
Theoretical Reff:	1.7572560538188828
Empirical Reff:	1.7349038000000006

Currently simulating parameters:	False neg:	0.7200000000000003	Trace efficiency:	1.0000000000000004
Theoretical Reff:	1.777095719636937
Empirical Reff:	1.7583919999999995

Currently simulating parameters:	False neg:	0.7400000000000003	Trace efficiency:	1.0000000000000004
Theoretical Reff:	1.795753960894481
Empirical Reff:	1.7841263999999994

Currently simulating parameters:	False neg:	0.7600000000000003	Trace efficiency:	1.0000000000000004
Theoretical Reff:	1.8143853463662323
Empirical Reff:	1.7997766000000002

Currently simulating parameters:	False neg:	0.7800000000000004	Trace efficiency:	1.0000000000000004
Theoretical Reff:	1.8325870446600099
Empirical Reff:	1.8260576000000006

Currently simulating parameters:	False neg:	0.8000000000000004	Trace efficiency:	1.0000000000000004
Theoretical Reff:	1.8500046698147106
Empirical Reff:	1.8424956000000006

Currently simulating parameters:	False neg:	0.8200000000000004	Trace efficiency:	1.0000000000000004
Theoretical Reff:	1.8672514388439054
Empirical Reff:	1.8608477999999997

Currently simulating parameters:	False neg:	0.8400000000000004	Trace efficiency:	1.0000000000000004
Theoretical Reff:	1.8839195921455356
Empirical Reff:	1.875180399999999

Currently simulating parameters:	False neg:	0.8600000000000004	Trace efficiency:	1.0000000000000004
Theoretical Reff:	1.9000211708019685
Empirical Reff:	1.8964688

Currently simulating parameters:	False neg:	0.8800000000000004	Trace efficiency:	1.0000000000000004
Theoretical Reff:	1.9156395504142802
Empirical Reff:	1.9137435999999997

Currently simulating parameters:	False neg:	0.9000000000000005	Trace efficiency:	1.0000000000000004
Theoretical Reff:	1.9306810636094174
Empirical Reff:	1.9275470000000008

Currently simulating parameters:	False neg:	0.9200000000000005	Trace efficiency:	1.0000000000000004
Theoretical Reff:	1.945363563813253
Empirical Reff:	1.9487659999999993

Currently simulating parameters:	False neg:	0.9400000000000005	Trace efficiency:	1.0000000000000004
Theoretical Reff:	1.9597571642845426
Empirical Reff:	1.9583365999999995

Currently simulating parameters:	False neg:	0.9600000000000005	Trace efficiency:	1.0000000000000004
Theoretical Reff:	1.9735950711942727
Empirical Reff:	1.9708296

Currently simulating parameters:	False neg:	0.9800000000000005	Trace efficiency:	1.0000000000000004
Theoretical Reff:	1.9870028988869017
Empirical Reff:	1.9826158

Currently simulating parameters:	False neg:	1.0000000000000004	Trace efficiency:	1.0000000000000004
Theoretical Reff:	2.0000000000000004
Empirical Reff:	1.9903744000000003

 Total elapsed time:	1467.038159702 seconds.

Currently simulating parameters:	False neg:	0.0	Trace efficiency:	1.0000000000000004
Theoretical Reff:	0.5801010209475459
Empirical Reff:	0.7231782990674873

Currently simulating parameters:	False neg:	0.02	Trace efficiency:	1.0000000000000004
Theoretical Reff:	0.6156237813464898
Empirical Reff:	0.7339199647302955

Currently simulating parameters:	False neg:	0.04	Trace efficiency:	1.0000000000000004
Theoretical Reff:	0.7075956106524492
Empirical Reff:	0.7829554541772701

Currently simulating parameters:	False neg:	0.06	Trace efficiency:	1.0000000000000004
Theoretical Reff:	0.7247569455199621
Empirical Reff:	0.7849143447269925

Currently simulating parameters:	False neg:	0.08	Trace efficiency:	1.0000000000000004
Theoretical Reff:	0.7465724325442402
Empirical Reff:	0.778077015376248

Currently simulating parameters:	False neg:	0.1	Trace efficiency:	1.0000000000000004
Theoretical Reff:	0.8190748051903415
Empirical Reff:	0.8085780617659402

Currently simulating parameters:	False neg:	0.12000000000000001	Trace efficiency:	1.0000000000000004
Theoretical Reff:	0.8421525396288092
Empirical Reff:	0.8210867060829041

Currently simulating parameters:	False neg:	0.14	Trace efficiency:	1.0000000000000004
Theoretical Reff:	0.9006505049555045
Empirical Reff:	0.8792786808516075

Currently simulating parameters:	False neg:	0.16	Trace efficiency:	1.0000000000000004
Theoretical Reff:	0.9579833206975035
Empirical Reff:	0.8625536945377533

Currently simulating parameters:	False neg:	0.18	Trace efficiency:	1.0000000000000004
Theoretical Reff:	0.9834560717697988
Empirical Reff:	0.9044760698619723

Currently simulating parameters:	False neg:	0.19999999999999998	Trace efficiency:	1.0000000000000004
Theoretical Reff:	1.0354292466886397
Empirical Reff:	0.9163803249949173

Currently simulating parameters:	False neg:	0.21999999999999997	Trace efficiency:	1.0000000000000004
Theoretical Reff:	1.072736896414145
Empirical Reff:	0.967598296798758

Currently simulating parameters:	False neg:	0.23999999999999996	Trace efficiency:	1.0000000000000004
Theoretical Reff:	1.1106794640964757
Empirical Reff:	0.964621527413269

Currently simulating parameters:	False neg:	0.25999999999999995	Trace efficiency:	1.0000000000000004
Theoretical Reff:	1.1520234565854004
Empirical Reff:	1.040783135110883

Currently simulating parameters:	False neg:	0.27999999999999997	Trace efficiency:	1.0000000000000004
Theoretical Reff:	1.1862541447454047
Empirical Reff:	1.1000462629208976

Currently simulating parameters:	False neg:	0.3	Trace efficiency:	1.0000000000000004
Theoretical Reff:	1.2263171734514364
Empirical Reff:	1.1198961910743364

Currently simulating parameters:	False neg:	0.32	Trace efficiency:	1.0000000000000004
Theoretical Reff:	1.2655239302802292
Empirical Reff:	1.2071859343033686

Currently simulating parameters:	False neg:	0.34	Trace efficiency:	1.0000000000000004
Theoretical Reff:	1.289233669548063
Empirical Reff:	1.1809368669944103

Currently simulating parameters:	False neg:	0.36000000000000004	Trace efficiency:	1.0000000000000004
Theoretical Reff:	1.3296088863553193
Empirical Reff:	1.266845471723727

Currently simulating parameters:	False neg:	0.38000000000000006	Trace efficiency:	1.0000000000000004
Theoretical Reff:	1.3599533377314517
Empirical Reff:	1.2888315866552302

Currently simulating parameters:	False neg:	0.4000000000000001	Trace efficiency:	1.0000000000000004
Theoretical Reff:	1.3930245470031513
Empirical Reff:	1.3341354122137403

Currently simulating parameters:	False neg:	0.4200000000000001	Trace efficiency:	1.0000000000000004
Theoretical Reff:	1.4218643094599757
Empirical Reff:	1.3762284

Currently simulating parameters:	False neg:	0.4400000000000001	Trace efficiency:	1.0000000000000004
Theoretical Reff:	1.449736286411519
Empirical Reff:	1.4098951999999998

Currently simulating parameters:	False neg:	0.46000000000000013	Trace efficiency:	1.0000000000000004
Theoretical Reff:	1.478407294645884
Empirical Reff:	1.4349713999999998

Currently simulating parameters:	False neg:	0.48000000000000015	Trace efficiency:	1.0000000000000004
Theoretical Reff:	1.5049120702973846
Empirical Reff:	1.4645567999999998

Currently simulating parameters:	False neg:	0.5000000000000001	Trace efficiency:	1.0000000000000004
Theoretical Reff:	1.529488195593149
Empirical Reff:	1.4867702000000003

Currently simulating parameters:	False neg:	0.5200000000000001	Trace efficiency:	1.0000000000000004
Theoretical Reff:	1.5549589694811268
Empirical Reff:	1.5168388

Currently simulating parameters:	False neg:	0.5400000000000001	Trace efficiency:	1.0000000000000004
Theoretical Reff:	1.578406481237625
Empirical Reff:	1.5148778350418808

Currently simulating parameters:	False neg:	0.5600000000000002	Trace efficiency:	1.0000000000000004
Theoretical Reff:	1.6041707480574685
Empirical Reff:	1.5732734

Currently simulating parameters:	False neg:	0.5800000000000002	Trace efficiency:	1.0000000000000004
Theoretical Reff:	1.6271302250674184
Empirical Reff:	1.5970156000000002

Currently simulating parameters:	False neg:	0.6000000000000002	Trace efficiency:	1.0000000000000004
Theoretical Reff:	1.6512198633276172
Empirical Reff:	1.6173233999999999

Currently simulating parameters:	False neg:	0.6200000000000002	Trace efficiency:	1.0000000000000004
Theoretical Reff:	1.6729734903915943
Empirical Reff:	1.6438429999999997

Currently simulating parameters:	False neg:	0.6400000000000002	Trace efficiency:	1.0000000000000004
Theoretical Reff:	1.6951451778595934
Empirical Reff:	1.6671772000000002

Currently simulating parameters:	False neg:	0.6600000000000003	Trace efficiency:	1.0000000000000004
Theoretical Reff:	1.715941464290386
Empirical Reff:	1.6926302000000002

Currently simulating parameters:	False neg:	0.6800000000000003	Trace efficiency:	1.0000000000000004
Theoretical Reff:	1.7367895853033641
Empirical Reff:	1.7182406000000003

Currently simulating parameters:	False neg:	0.7000000000000003	Trace efficiency:	1.0000000000000004
Theoretical Reff:	1.7571262275398185
Empirical Reff:	1.739109

Currently simulating parameters:	False neg:	0.7200000000000003	Trace efficiency:	1.0000000000000004
Theoretical Reff:	1.7770038737372167
Empirical Reff:	1.764061

Currently simulating parameters:	False neg:	0.7400000000000003	Trace efficiency:	1.0000000000000004
Theoretical Reff:	1.7956916152291564
Empirical Reff:	1.7839338

Currently simulating parameters:	False neg:	0.7600000000000003	Trace efficiency:	1.0000000000000004
Theoretical Reff:	1.8141871666593166
Empirical Reff:	1.8033568000000002

Currently simulating parameters:	False neg:	0.7800000000000004	Trace efficiency:	1.0000000000000004
Theoretical Reff:	1.832559928786982
Empirical Reff:	1.8186539999999993

Currently simulating parameters:	False neg:	0.8000000000000004	Trace efficiency:	1.0000000000000004
Theoretical Reff:	1.8501509581023092
Empirical Reff:	1.8424716000000003

Currently simulating parameters:	False neg:	0.8200000000000004	Trace efficiency:	1.0000000000000004
Theoretical Reff:	1.8674026994474338
Empirical Reff:	1.8576336000000004

Currently simulating parameters:	False neg:	0.8400000000000004	Trace efficiency:	1.0000000000000004
Theoretical Reff:	1.8838961816165243
Empirical Reff:	1.8825826000000003

Currently simulating parameters:	False neg:	0.8600000000000004	Trace efficiency:	1.0000000000000004
Theoretical Reff:	1.8998606889846776
Empirical Reff:	1.8925924

Currently simulating parameters:	False neg:	0.8800000000000004	Trace efficiency:	1.0000000000000004
Theoretical Reff:	1.915651572839271
Empirical Reff:	1.9085317999999996

Currently simulating parameters:	False neg:	0.9000000000000005	Trace efficiency:	1.0000000000000004
Theoretical Reff:	1.930888130190679
Empirical Reff:	1.9374514000000003

Currently simulating parameters:	False neg:	0.9200000000000005	Trace efficiency:	1.0000000000000004
Theoretical Reff:	1.9455108230359892
Empirical Reff:	1.939683

Currently simulating parameters:	False neg:	0.9400000000000005	Trace efficiency:	1.0000000000000004
Theoretical Reff:	1.9597446429059857
Empirical Reff:	1.9642802000000004

Currently simulating parameters:	False neg:	0.9600000000000005	Trace efficiency:	1.0000000000000004
Theoretical Reff:	1.973593732998597
Empirical Reff:	1.9784292

Currently simulating parameters:	False neg:	0.9800000000000005	Trace efficiency:	1.0000000000000004
Theoretical Reff:	1.9870080143053783
Empirical Reff:	1.9844210000000002

Currently simulating parameters:	False neg:	1.0000000000000004	Trace efficiency:	1.0000000000000004
Theoretical Reff:	2.0000000000000004
Empirical Reff:	1.9950233999999998

 Total elapsed time:	1505.993357844 seconds.

Currently simulating parameters:	False neg:	0.0	Trace efficiency:	1.0000000000000004
Theoretical Reff:	0.5827763923366602
Empirical Reff:	0.7272903278694466

Currently simulating parameters:	False neg:	0.02	Trace efficiency:	1.0000000000000004
Theoretical Reff:	0.6277473205862565
Empirical Reff:	0.7469113529513547

Currently simulating parameters:	False neg:	0.04	Trace efficiency:	1.0000000000000004
Theoretical Reff:	0.6743593951657576
Empirical Reff:	0.7536196133034864

Currently simulating parameters:	False neg:	0.06	Trace efficiency:	1.0000000000000004
Theoretical Reff:	0.7490838484947064
Empirical Reff:	0.8166606030052057

Currently simulating parameters:	False neg:	0.08	Trace efficiency:	1.0000000000000004
Theoretical Reff:	0.7798460360996666
Empirical Reff:	0.8066002811882051

Currently simulating parameters:	False neg:	0.1	Trace efficiency:	1.0000000000000004
Theoretical Reff:	0.8226945648500397
Empirical Reff:	0.7923551099272755

Currently simulating parameters:	False neg:	0.12000000000000001	Trace efficiency:	1.0000000000000004
Theoretical Reff:	0.8580565566863864
Empirical Reff:	0.8054426650676916

Currently simulating parameters:	False neg:	0.14	Trace efficiency:	1.0000000000000004
Theoretical Reff:	0.9164968120372062
Empirical Reff:	0.8762777130567727

Currently simulating parameters:	False neg:	0.16	Trace efficiency:	1.0000000000000004
Theoretical Reff:	0.9645564792987872
Empirical Reff:	0.8765332715207665

Currently simulating parameters:	False neg:	0.18	Trace efficiency:	1.0000000000000004
Theoretical Reff:	0.9871643694818799
Empirical Reff:	0.8808088116387245

Currently simulating parameters:	False neg:	0.19999999999999998	Trace efficiency:	1.0000000000000004
Theoretical Reff:	1.0390030812728661
Empirical Reff:	0.9117331548456817

Currently simulating parameters:	False neg:	0.21999999999999997	Trace efficiency:	1.0000000000000004
Theoretical Reff:	1.0768016460372896
Empirical Reff:	0.9656512011059775

Currently simulating parameters:	False neg:	0.23999999999999996	Trace efficiency:	1.0000000000000004
Theoretical Reff:	1.1120815827472776
Empirical Reff:	0.999089780757458

Currently simulating parameters:	False neg:	0.25999999999999995	Trace efficiency:	1.0000000000000004
Theoretical Reff:	1.1474202306633585
Empirical Reff:	1.029657501293122

Currently simulating parameters:	False neg:	0.27999999999999997	Trace efficiency:	1.0000000000000004
Theoretical Reff:	1.189917481746894
Empirical Reff:	1.0677543788741648

Currently simulating parameters:	False neg:	0.3	Trace efficiency:	1.0000000000000004
Theoretical Reff:	1.2313051852881793
Empirical Reff:	1.1551473951564715

Currently simulating parameters:	False neg:	0.32	Trace efficiency:	1.0000000000000004
Theoretical Reff:	1.2647126241737905
Empirical Reff:	1.1912624957937665

Currently simulating parameters:	False neg:	0.34	Trace efficiency:	1.0000000000000004
Theoretical Reff:	1.3005803656808481
Empirical Reff:	1.2002053872858855

Currently simulating parameters:	False neg:	0.36000000000000004	Trace efficiency:	1.0000000000000004
Theoretical Reff:	1.3309497487074586
Empirical Reff:	1.2489367973859005

Currently simulating parameters:	False neg:	0.38000000000000006	Trace efficiency:	1.0000000000000004
Theoretical Reff:	1.3641969893199661
Empirical Reff:	1.3181163999999999

Currently simulating parameters:	False neg:	0.4000000000000001	Trace efficiency:	1.0000000000000004
Theoretical Reff:	1.3917430093314112
Empirical Reff:	1.3380215840319363

Currently simulating parameters:	False neg:	0.4200000000000001	Trace efficiency:	1.0000000000000004
Theoretical Reff:	1.4158036280814714
Empirical Reff:	1.347755270722773

Currently simulating parameters:	False neg:	0.4400000000000001	Trace efficiency:	1.0000000000000004
Theoretical Reff:	1.4497759452074082
Empirical Reff:	1.4076634000000001

Currently simulating parameters:	False neg:	0.46000000000000013	Trace efficiency:	1.0000000000000004
Theoretical Reff:	1.4759399912668707
Empirical Reff:	1.428702798601399

Currently simulating parameters:	False neg:	0.48000000000000015	Trace efficiency:	1.0000000000000004
Theoretical Reff:	1.504161735440814
Empirical Reff:	1.4608452000000005

Currently simulating parameters:	False neg:	0.5000000000000001	Trace efficiency:	1.0000000000000004
Theoretical Reff:	1.5293302715561365
Empirical Reff:	1.4934336

Currently simulating parameters:	False neg:	0.5200000000000001	Trace efficiency:	1.0000000000000004
Theoretical Reff:	1.5545475599400906
Empirical Reff:	1.5205222000000003

Currently simulating parameters:	False neg:	0.5400000000000001	Trace efficiency:	1.0000000000000004
Theoretical Reff:	1.580485551960896
Empirical Reff:	1.5461718

Currently simulating parameters:	False neg:	0.5600000000000002	Trace efficiency:	1.0000000000000004
Theoretical Reff:	1.6040091064381805
Empirical Reff:	1.5704754

Currently simulating parameters:	False neg:	0.5800000000000002	Trace efficiency:	1.0000000000000004
Theoretical Reff:	1.6282512808289702
Empirical Reff:	1.5969562

Currently simulating parameters:	False neg:	0.6000000000000002	Trace efficiency:	1.0000000000000004
Theoretical Reff:	1.6503280719434361
Empirical Reff:	1.6213042000000002

Currently simulating parameters:	False neg:	0.6200000000000002	Trace efficiency:	1.0000000000000004
Theoretical Reff:	1.6734039355875439
Empirical Reff:	1.648087

Currently simulating parameters:	False neg:	0.6400000000000002	Trace efficiency:	1.0000000000000004
Theoretical Reff:	1.6952380549950954
Empirical Reff:	1.6706328000000001

Currently simulating parameters:	False neg:	0.6600000000000003	Trace efficiency:	1.0000000000000004
Theoretical Reff:	1.7168860708528906
Empirical Reff:	1.6947926000000002

Currently simulating parameters:	False neg:	0.6800000000000003	Trace efficiency:	1.0000000000000004
Theoretical Reff:	1.7369363160471512
Empirical Reff:	1.7192503999999993

Currently simulating parameters:	False neg:	0.7000000000000003	Trace efficiency:	1.0000000000000004
Theoretical Reff:	1.7574542960004773
Empirical Reff:	1.7394758000000008

Currently simulating parameters:	False neg:	0.7200000000000003	Trace efficiency:	1.0000000000000004
Theoretical Reff:	1.7769956824665065
Empirical Reff:	1.7588896000000003

Currently simulating parameters:	False neg:	0.7400000000000003	Trace efficiency:	1.0000000000000004
Theoretical Reff:	1.7961798950060404
Empirical Reff:	1.7820699999999996

Currently simulating parameters:	False neg:	0.7600000000000003	Trace efficiency:	1.0000000000000004
Theoretical Reff:	1.8142972559761406
Empirical Reff:	1.8014809999999999

Currently simulating parameters:	False neg:	0.7800000000000004	Trace efficiency:	1.0000000000000004
Theoretical Reff:	1.8327317988921792
Empirical Reff:	1.8234411999999998

Currently simulating parameters:	False neg:	0.8000000000000004	Trace efficiency:	1.0000000000000004
Theoretical Reff:	1.8502628596686772
Empirical Reff:	1.8328478

Currently simulating parameters:	False neg:	0.8200000000000004	Trace efficiency:	1.0000000000000004
Theoretical Reff:	1.8673694150845759
Empirical Reff:	1.8635986000000002

Currently simulating parameters:	False neg:	0.8400000000000004	Trace efficiency:	1.0000000000000004
Theoretical Reff:	1.8839227226194568
Empirical Reff:	1.8767736

Currently simulating parameters:	False neg:	0.8600000000000004	Trace efficiency:	1.0000000000000004
Theoretical Reff:	1.8998725831236847
Empirical Reff:	1.8916656000000005

Currently simulating parameters:	False neg:	0.8800000000000004	Trace efficiency:	1.0000000000000004
Theoretical Reff:	1.9157196324141514
Empirical Reff:	1.912299

Currently simulating parameters:	False neg:	0.9000000000000005	Trace efficiency:	1.0000000000000004
Theoretical Reff:	1.930726796356331
Empirical Reff:	1.933644

Currently simulating parameters:	False neg:	0.9200000000000005	Trace efficiency:	1.0000000000000004
Theoretical Reff:	1.9454639525335145
Empirical Reff:	1.9378248000000002

Currently simulating parameters:	False neg:	0.9400000000000005	Trace efficiency:	1.0000000000000004
Theoretical Reff:	1.9597393682584237
Empirical Reff:	1.9624216

Currently simulating parameters:	False neg:	0.9600000000000005	Trace efficiency:	1.0000000000000004
Theoretical Reff:	1.9736139250958007
Empirical Reff:	1.9668498000000003

Currently simulating parameters:	False neg:	0.9800000000000005	Trace efficiency:	1.0000000000000004
Theoretical Reff:	1.9870067242437153
Empirical Reff:	1.9827758000000006

Currently simulating parameters:	False neg:	1.0000000000000004	Trace efficiency:	1.0000000000000004
Theoretical Reff:	2.0000000000000004
Empirical Reff:	1.9972812

 Total elapsed time:	1523.655445763 seconds.

Currently simulating parameters:	False neg:	0.0	Trace efficiency:	1.0000000000000004
Theoretical Reff:	0.5736570388265296
Empirical Reff:	0.7296356295496023

Currently simulating parameters:	False neg:	0.02	Trace efficiency:	1.0000000000000004
Theoretical Reff:	0.6144124896244225
Empirical Reff:	0.7585333599763219

Currently simulating parameters:	False neg:	0.04	Trace efficiency:	1.0000000000000004
Theoretical Reff:	0.6579160044451526
Empirical Reff:	0.7320583686203936

Currently simulating parameters:	False neg:	0.06	Trace efficiency:	1.0000000000000004
Theoretical Reff:	0.715887517536195
Empirical Reff:	0.7792665813765699

Currently simulating parameters:	False neg:	0.08	Trace efficiency:	1.0000000000000004
Theoretical Reff:	0.7468760376809802
Empirical Reff:	0.7850487965241871

Currently simulating parameters:	False neg:	0.1	Trace efficiency:	1.0000000000000004
Theoretical Reff:	0.82457009044855
Empirical Reff:	0.8368207227182719

Currently simulating parameters:	False neg:	0.12000000000000001	Trace efficiency:	1.0000000000000004
Theoretical Reff:	0.8748415532186647
Empirical Reff:	0.8665655793047431

Currently simulating parameters:	False neg:	0.14	Trace efficiency:	1.0000000000000004
Theoretical Reff:	0.8737313450029794
Empirical Reff:	0.8263997923869314

Currently simulating parameters:	False neg:	0.16	Trace efficiency:	1.0000000000000004
Theoretical Reff:	0.946466396815678
Empirical Reff:	0.8653199938917245

Currently simulating parameters:	False neg:	0.18	Trace efficiency:	1.0000000000000004
Theoretical Reff:	0.986217814102029
Empirical Reff:	0.8962787887588565

Currently simulating parameters:	False neg:	0.19999999999999998	Trace efficiency:	1.0000000000000004
Theoretical Reff:	1.0293461847383738
Empirical Reff:	0.919812326276074

Currently simulating parameters:	False neg:	0.21999999999999997	Trace efficiency:	1.0000000000000004
Theoretical Reff:	1.0699589175035253
Empirical Reff:	0.9405185597728386

Currently simulating parameters:	False neg:	0.23999999999999996	Trace efficiency:	1.0000000000000004
Theoretical Reff:	1.1029081346017653
Empirical Reff:	0.9977878153769351

Currently simulating parameters:	False neg:	0.25999999999999995	Trace efficiency:	1.0000000000000004
Theoretical Reff:	1.1483930615433604
Empirical Reff:	1.0196936575852036

Currently simulating parameters:	False neg:	0.27999999999999997	Trace efficiency:	1.0000000000000004
Theoretical Reff:	1.186470394856646
Empirical Reff:	1.0777101916599012

Currently simulating parameters:	False neg:	0.3	Trace efficiency:	1.0000000000000004
Theoretical Reff:	1.2379855434221754
Empirical Reff:	1.1482742570366253

Currently simulating parameters:	False neg:	0.32	Trace efficiency:	1.0000000000000004
Theoretical Reff:	1.2597953045082504
Empirical Reff:	1.1802098708709259

Currently simulating parameters:	False neg:	0.34	Trace efficiency:	1.0000000000000004
Theoretical Reff:	1.2982817641618847
Empirical Reff:	1.2132491374245493

Currently simulating parameters:	False neg:	0.36000000000000004	Trace efficiency:	1.0000000000000004
Theoretical Reff:	1.32904774143691
Empirical Reff:	1.2743373906040267

Currently simulating parameters:	False neg:	0.38000000000000006	Trace efficiency:	1.0000000000000004
Theoretical Reff:	1.3611506907839526
Empirical Reff:	1.3062866030075186

Currently simulating parameters:	False neg:	0.4000000000000001	Trace efficiency:	1.0000000000000004
Theoretical Reff:	1.393345820933702
Empirical Reff:	1.3370478697050943

Currently simulating parameters:	False neg:	0.4200000000000001	Trace efficiency:	1.0000000000000004
Theoretical Reff:	1.4210023571217203
Empirical Reff:	1.3641176115942033

Currently simulating parameters:	False neg:	0.4400000000000001	Trace efficiency:	1.0000000000000004
Theoretical Reff:	1.4499070207565217
Empirical Reff:	1.4096942000000001

Currently simulating parameters:	False neg:	0.46000000000000013	Trace efficiency:	1.0000000000000004
Theoretical Reff:	1.4776148341877808
Empirical Reff:	1.43098

Currently simulating parameters:	False neg:	0.48000000000000015	Trace efficiency:	1.0000000000000004
Theoretical Reff:	1.5044612036817284
Empirical Reff:	1.4645172

Currently simulating parameters:	False neg:	0.5000000000000001	Trace efficiency:	1.0000000000000004
Theoretical Reff:	1.530452670169013
Empirical Reff:	1.4922593999999996

Currently simulating parameters:	False neg:	0.5200000000000001	Trace efficiency:	1.0000000000000004
Theoretical Reff:	1.5559144635304745
Empirical Reff:	1.5224003999999995

Currently simulating parameters:	False neg:	0.5400000000000001	Trace efficiency:	1.0000000000000004
Theoretical Reff:	1.5795065769995014
Empirical Reff:	1.5480480000000005

Currently simulating parameters:	False neg:	0.5600000000000002	Trace efficiency:	1.0000000000000004
Theoretical Reff:	1.6048999344393122
Empirical Reff:	1.5721598000000008

Currently simulating parameters:	False neg:	0.5800000000000002	Trace efficiency:	1.0000000000000004
Theoretical Reff:	1.6284886361537807
Empirical Reff:	1.5880779999999992

Currently simulating parameters:	False neg:	0.6000000000000002	Trace efficiency:	1.0000000000000004
Theoretical Reff:	1.6511450383869506
Empirical Reff:	1.6240476000000001

Currently simulating parameters:	False neg:	0.6200000000000002	Trace efficiency:	1.0000000000000004
Theoretical Reff:	1.6740388314909067
Empirical Reff:	1.6449745999999998

Currently simulating parameters:	False neg:	0.6400000000000002	Trace efficiency:	1.0000000000000004
Theoretical Reff:	1.6949804206345136
Empirical Reff:	1.6701397999999992

Currently simulating parameters:	False neg:	0.6600000000000003	Trace efficiency:	1.0000000000000004
Theoretical Reff:	1.71616125326157
Empirical Reff:	1.6898238

Currently simulating parameters:	False neg:	0.6800000000000003	Trace efficiency:	1.0000000000000004
Theoretical Reff:	1.7368630941089422
Empirical Reff:	1.7186608000000003

Currently simulating parameters:	False neg:	0.7000000000000003	Trace efficiency:	1.0000000000000004
Theoretical Reff:	1.7571185494833441
Empirical Reff:	1.7374647999999997

Currently simulating parameters:	False neg:	0.7200000000000003	Trace efficiency:	1.0000000000000004
Theoretical Reff:	1.7767056970186734
Empirical Reff:	1.7580618000000001

Currently simulating parameters:	False neg:	0.7400000000000003	Trace efficiency:	1.0000000000000004
Theoretical Reff:	1.795516242221969
Empirical Reff:	1.7847744

Currently simulating parameters:	False neg:	0.7600000000000003	Trace efficiency:	1.0000000000000004
Theoretical Reff:	1.8144231765345664
Empirical Reff:	1.8041926000000001

Currently simulating parameters:	False neg:	0.7800000000000004	Trace efficiency:	1.0000000000000004
Theoretical Reff:	1.8325856695106335
Empirical Reff:	1.8274161999999996

Currently simulating parameters:	False neg:	0.8000000000000004	Trace efficiency:	1.0000000000000004
Theoretical Reff:	1.850211992684081
Empirical Reff:	1.8413342000000004

Currently simulating parameters:	False neg:	0.8200000000000004	Trace efficiency:	1.0000000000000004
Theoretical Reff:	1.8673556122397097
Empirical Reff:	1.8587306

Currently simulating parameters:	False neg:	0.8400000000000004	Trace efficiency:	1.0000000000000004
Theoretical Reff:	1.8839893748431285
Empirical Reff:	1.8766825999999996

Currently simulating parameters:	False neg:	0.8600000000000004	Trace efficiency:	1.0000000000000004
Theoretical Reff:	1.8999269370428207
Empirical Reff:	1.8882436000000007

Currently simulating parameters:	False neg:	0.8800000000000004	Trace efficiency:	1.0000000000000004
Theoretical Reff:	1.9154532573742236
Empirical Reff:	1.9106302000000002

Currently simulating parameters:	False neg:	0.9000000000000005	Trace efficiency:	1.0000000000000004
Theoretical Reff:	1.9308127054338207
Empirical Reff:	1.921128

Currently simulating parameters:	False neg:	0.9200000000000005	Trace efficiency:	1.0000000000000004
Theoretical Reff:	1.9454535332232872
Empirical Reff:	1.9487879999999997

Currently simulating parameters:	False neg:	0.9400000000000005	Trace efficiency:	1.0000000000000004
Theoretical Reff:	1.9597884856592647
Empirical Reff:	1.964436

Currently simulating parameters:	False neg:	0.9600000000000005	Trace efficiency:	1.0000000000000004
Theoretical Reff:	1.9736028816783886
Empirical Reff:	1.9755664000000004

Currently simulating parameters:	False neg:	0.9800000000000005	Trace efficiency:	1.0000000000000004
Theoretical Reff:	1.987007134116135
Empirical Reff:	1.9871044

Currently simulating parameters:	False neg:	1.0000000000000004	Trace efficiency:	1.0000000000000004
Theoretical Reff:	2.0000000000000004
Empirical Reff:	2.0020222000000003

 Total elapsed time:	1525.960974475 seconds.

Currently simulating parameters:	False neg:	0.0	Trace efficiency:	1.0000000000000004
Theoretical Reff:	0.5388672285987524
Empirical Reff:	0.7016057018829226

Currently simulating parameters:	False neg:	0.02	Trace efficiency:	1.0000000000000004
Theoretical Reff:	0.6209698249384621
Empirical Reff:	0.7248613004978446

Currently simulating parameters:	False neg:	0.04	Trace efficiency:	1.0000000000000004
Theoretical Reff:	0.6861103005269154
Empirical Reff:	0.7718800656403534

Currently simulating parameters:	False neg:	0.06	Trace efficiency:	1.0000000000000004
Theoretical Reff:	0.7109738820525229
Empirical Reff:	0.7699445548367894

Currently simulating parameters:	False neg:	0.08	Trace efficiency:	1.0000000000000004
Theoretical Reff:	0.7777619056907467
Empirical Reff:	0.796660024117585

Currently simulating parameters:	False neg:	0.1	Trace efficiency:	1.0000000000000004
Theoretical Reff:	0.8531145813623965
Empirical Reff:	0.8269678076923084

Currently simulating parameters:	False neg:	0.12000000000000001	Trace efficiency:	1.0000000000000004
Theoretical Reff:	0.8584161288270532
Empirical Reff:	0.8510796262833565

Currently simulating parameters:	False neg:	0.14	Trace efficiency:	1.0000000000000004
Theoretical Reff:	0.9302874343390817
Empirical Reff:	0.8563736304619275

Currently simulating parameters:	False neg:	0.16	Trace efficiency:	1.0000000000000004
Theoretical Reff:	0.9584496806060671
Empirical Reff:	0.8892456732905787

Currently simulating parameters:	False neg:	0.18	Trace efficiency:	1.0000000000000004
Theoretical Reff:	1.0011592306605945
Empirical Reff:	0.884487162577006

Currently simulating parameters:	False neg:	0.19999999999999998	Trace efficiency:	1.0000000000000004
Theoretical Reff:	1.0253290834841229
Empirical Reff:	0.925166507548063

Currently simulating parameters:	False neg:	0.21999999999999997	Trace efficiency:	1.0000000000000004
Theoretical Reff:	1.0667537270452832
Empirical Reff:	0.9425711775360583

Currently simulating parameters:	False neg:	0.23999999999999996	Trace efficiency:	1.0000000000000004
Theoretical Reff:	1.1062140193516599
Empirical Reff:	0.9850276948886247

Currently simulating parameters:	False neg:	0.25999999999999995	Trace efficiency:	1.0000000000000004
Theoretical Reff:	1.1535744947277422
Empirical Reff:	1.0391923745756597

Currently simulating parameters:	False neg:	0.27999999999999997	Trace efficiency:	1.0000000000000004
Theoretical Reff:	1.190224664125872
Empirical Reff:	1.1015057893228828

Currently simulating parameters:	False neg:	0.3	Trace efficiency:	1.0000000000000004
Theoretical Reff:	1.2188649480071705
Empirical Reff:	1.1176577598568962

Currently simulating parameters:	False neg:	0.32	Trace efficiency:	1.0000000000000004
Theoretical Reff:	1.2662705052197047
Empirical Reff:	1.1901596672995876

Currently simulating parameters:	False neg:	0.34	Trace efficiency:	1.0000000000000004
Theoretical Reff:	1.2986766509153969
Empirical Reff:	1.2387976784313728

Currently simulating parameters:	False neg:	0.36000000000000004	Trace efficiency:	1.0000000000000004
Theoretical Reff:	1.3271360005494677
Empirical Reff:	1.2363793885352212

Currently simulating parameters:	False neg:	0.38000000000000006	Trace efficiency:	1.0000000000000004
Theoretical Reff:	1.3579711317040715
Empirical Reff:	1.289870781961344

Currently simulating parameters:	False neg:	0.4000000000000001	Trace efficiency:	1.0000000000000004
Theoretical Reff:	1.3936648347918283
Empirical Reff:	1.3474707999999997

Currently simulating parameters:	False neg:	0.4200000000000001	Trace efficiency:	1.0000000000000004
Theoretical Reff:	1.4217648826544298
Empirical Reff:	1.3761734000000008

Currently simulating parameters:	False neg:	0.4400000000000001	Trace efficiency:	1.0000000000000004
Theoretical Reff:	1.4509158224487506
Empirical Reff:	1.4104989999999995

Currently simulating parameters:	False neg:	0.46000000000000013	Trace efficiency:	1.0000000000000004
Theoretical Reff:	1.4788822310510699
Empirical Reff:	1.4203653901345294

Currently simulating parameters:	False neg:	0.48000000000000015	Trace efficiency:	1.0000000000000004
Theoretical Reff:	1.503782348171203
Empirical Reff:	1.4649778

Currently simulating parameters:	False neg:	0.5000000000000001	Trace efficiency:	1.0000000000000004
Theoretical Reff:	1.5289136760200508
Empirical Reff:	1.4780170039603961

Currently simulating parameters:	False neg:	0.5200000000000001	Trace efficiency:	1.0000000000000004
Theoretical Reff:	1.5555464974379776
Empirical Reff:	1.5166073999999998

Currently simulating parameters:	False neg:	0.5400000000000001	Trace efficiency:	1.0000000000000004
Theoretical Reff:	1.5801994215730697
Empirical Reff:	1.5465828000000001

Currently simulating parameters:	False neg:	0.5600000000000002	Trace efficiency:	1.0000000000000004
Theoretical Reff:	1.6044122762606132
Empirical Reff:	1.572883

Currently simulating parameters:	False neg:	0.5800000000000002	Trace efficiency:	1.0000000000000004
Theoretical Reff:	1.6277329975039887
Empirical Reff:	1.5962124

Currently simulating parameters:	False neg:	0.6000000000000002	Trace efficiency:	1.0000000000000004
Theoretical Reff:	1.650855331714723
Empirical Reff:	1.601228828070175

Currently simulating parameters:	False neg:	0.6200000000000002	Trace efficiency:	1.0000000000000004
Theoretical Reff:	1.6729123636454921
Empirical Reff:	1.6469616000000011

Currently simulating parameters:	False neg:	0.6400000000000002	Trace efficiency:	1.0000000000000004
Theoretical Reff:	1.6948101133586602
Empirical Reff:	1.66898

Currently simulating parameters:	False neg:	0.6600000000000003	Trace efficiency:	1.0000000000000004
Theoretical Reff:	1.716262785094731
Empirical Reff:	1.6908545999999998

Currently simulating parameters:	False neg:	0.6800000000000003	Trace efficiency:	1.0000000000000004
Theoretical Reff:	1.7373957760016396
Empirical Reff:	1.7190922

Currently simulating parameters:	False neg:	0.7000000000000003	Trace efficiency:	1.0000000000000004
Theoretical Reff:	1.7576219605773997
Empirical Reff:	1.740384

Currently simulating parameters:	False neg:	0.7200000000000003	Trace efficiency:	1.0000000000000004
Theoretical Reff:	1.7771109076184408
Empirical Reff:	1.7608630000000003

Currently simulating parameters:	False neg:	0.7400000000000003	Trace efficiency:	1.0000000000000004
Theoretical Reff:	1.7958480483911077
Empirical Reff:	1.7760407999999996

Currently simulating parameters:	False neg:	0.7600000000000003	Trace efficiency:	1.0000000000000004
Theoretical Reff:	1.8145422326204808
Empirical Reff:	1.7974101999999998

Currently simulating parameters:	False neg:	0.7800000000000004	Trace efficiency:	1.0000000000000004
Theoretical Reff:	1.8326453217831635
Empirical Reff:	1.8246101999999995

Currently simulating parameters:	False neg:	0.8000000000000004	Trace efficiency:	1.0000000000000004
Theoretical Reff:	1.849857996966537
Empirical Reff:	1.8373822000000002

Currently simulating parameters:	False neg:	0.8200000000000004	Trace efficiency:	1.0000000000000004
Theoretical Reff:	1.867419525752927
Empirical Reff:	1.8598446000000002

Currently simulating parameters:	False neg:	0.8400000000000004	Trace efficiency:	1.0000000000000004
Theoretical Reff:	1.8838766001581648
Empirical Reff:	1.8787171999999999

Currently simulating parameters:	False neg:	0.8600000000000004	Trace efficiency:	1.0000000000000004
Theoretical Reff:	1.8999672229203968
Empirical Reff:	1.8937000000000004

Currently simulating parameters:	False neg:	0.8800000000000004	Trace efficiency:	1.0000000000000004
Theoretical Reff:	1.915647920468303
Empirical Reff:	1.9128664000000004

Currently simulating parameters:	False neg:	0.9000000000000005	Trace efficiency:	1.0000000000000004
Theoretical Reff:	1.9308305281464737
Empirical Reff:	1.9231781999999995

Currently simulating parameters:	False neg:	0.9200000000000005	Trace efficiency:	1.0000000000000004
Theoretical Reff:	1.9455113021798034
Empirical Reff:	1.9476476000000005

Currently simulating parameters:	False neg:	0.9400000000000005	Trace efficiency:	1.0000000000000004
Theoretical Reff:	1.9597484716087918
Empirical Reff:	1.9566951999999997

Currently simulating parameters:	False neg:	0.9600000000000005	Trace efficiency:	1.0000000000000004
Theoretical Reff:	1.9736041914967353
Empirical Reff:	1.9701882000000004

Currently simulating parameters:	False neg:	0.9800000000000005	Trace efficiency:	1.0000000000000004
Theoretical Reff:	1.987024526005205
Empirical Reff:	1.9908054000000004

Currently simulating parameters:	False neg:	1.0000000000000004	Trace efficiency:	1.0000000000000004
Theoretical Reff:	2.0000000000000004
Empirical Reff:	1.999714

 Total elapsed time:	1568.381990111 seconds.

Currently simulating parameters:	False neg:	0.0	Trace efficiency:	0.9800000000000005
Theoretical Reff:	0.6162287441018337
Empirical Reff:	0.7028981500951116

Currently simulating parameters:	False neg:	0.02	Trace efficiency:	0.9800000000000005
Theoretical Reff:	0.6597303996549098
Empirical Reff:	0.7589765225850279

Currently simulating parameters:	False neg:	0.04	Trace efficiency:	0.9800000000000005
Theoretical Reff:	0.6647867945664203
Empirical Reff:	0.7499799129697823

Currently simulating parameters:	False neg:	0.06	Trace efficiency:	0.9800000000000005
Theoretical Reff:	0.7542475367599957
Empirical Reff:	0.8007302407496834

Currently simulating parameters:	False neg:	0.08	Trace efficiency:	0.9800000000000005
Theoretical Reff:	0.791768364549676
Empirical Reff:	0.8007697407789103

Currently simulating parameters:	False neg:	0.1	Trace efficiency:	0.9800000000000005
Theoretical Reff:	0.842279223862362
Empirical Reff:	0.7973736829980682

Currently simulating parameters:	False neg:	0.12000000000000001	Trace efficiency:	0.9800000000000005
Theoretical Reff:	0.8752926162804415
Empirical Reff:	0.8514517746978737

Currently simulating parameters:	False neg:	0.14	Trace efficiency:	0.9800000000000005
Theoretical Reff:	0.9092624972185379
Empirical Reff:	0.825780962640435

Currently simulating parameters:	False neg:	0.16	Trace efficiency:	0.9800000000000005
Theoretical Reff:	0.9594062300464589
Empirical Reff:	0.8916882860072144

Currently simulating parameters:	False neg:	0.18	Trace efficiency:	0.9800000000000005
Theoretical Reff:	0.9859204047269705
Empirical Reff:	0.8987949902535968

Currently simulating parameters:	False neg:	0.19999999999999998	Trace efficiency:	0.9800000000000005
Theoretical Reff:	1.0365630109612303
Empirical Reff:	0.9421901226048601

Currently simulating parameters:	False neg:	0.21999999999999997	Trace efficiency:	0.9800000000000005
Theoretical Reff:	1.0737907877742776
Empirical Reff:	0.9431310826657753

Currently simulating parameters:	False neg:	0.23999999999999996	Trace efficiency:	0.9800000000000005
Theoretical Reff:	1.1132090319461243
Empirical Reff:	0.990542735294413

Currently simulating parameters:	False neg:	0.25999999999999995	Trace efficiency:	0.9800000000000005
Theoretical Reff:	1.174035838850446
Empirical Reff:	1.099365167800115

Currently simulating parameters:	False neg:	0.27999999999999997	Trace efficiency:	0.9800000000000005
Theoretical Reff:	1.2064971236215403
Empirical Reff:	1.1177551216505788

Currently simulating parameters:	False neg:	0.3	Trace efficiency:	0.9800000000000005
Theoretical Reff:	1.2377788467825392
Empirical Reff:	1.163909370988966

Currently simulating parameters:	False neg:	0.32	Trace efficiency:	0.9800000000000005
Theoretical Reff:	1.2721072577207848
Empirical Reff:	1.2025448010053104

Currently simulating parameters:	False neg:	0.34	Trace efficiency:	0.9800000000000005
Theoretical Reff:	1.2980913067878999
Empirical Reff:	1.2276568179566818

Currently simulating parameters:	False neg:	0.36000000000000004	Trace efficiency:	0.9800000000000005
Theoretical Reff:	1.338020719931892
Empirical Reff:	1.2720400152550928

Currently simulating parameters:	False neg:	0.38000000000000006	Trace efficiency:	0.9800000000000005
Theoretical Reff:	1.3692458698438519
Empirical Reff:	1.3232340000000002

Currently simulating parameters:	False neg:	0.4000000000000001	Trace efficiency:	0.9800000000000005
Theoretical Reff:	1.3924378150064383
Empirical Reff:	1.3204628888888887

Currently simulating parameters:	False neg:	0.4200000000000001	Trace efficiency:	0.9800000000000005
Theoretical Reff:	1.4267123112652165
Empirical Reff:	1.3836188

Currently simulating parameters:	False neg:	0.4400000000000001	Trace efficiency:	0.9800000000000005
Theoretical Reff:	1.452104007320919
Empirical Reff:	1.4052028822429903

Currently simulating parameters:	False neg:	0.46000000000000013	Trace efficiency:	0.9800000000000005
Theoretical Reff:	1.4803674598093528
Empirical Reff:	1.4408344000000006

Currently simulating parameters:	False neg:	0.48000000000000015	Trace efficiency:	0.9800000000000005
Theoretical Reff:	1.5078589337873378
Empirical Reff:	1.4670796

Currently simulating parameters:	False neg:	0.5000000000000001	Trace efficiency:	0.9800000000000005
Theoretical Reff:	1.533077010314083
Empirical Reff:	1.4899584000000001

Currently simulating parameters:	False neg:	0.5200000000000001	Trace efficiency:	0.9800000000000005
Theoretical Reff:	1.5585582823233886
Empirical Reff:	1.5190898000000002

Currently simulating parameters:	False neg:	0.5400000000000001	Trace efficiency:	0.9800000000000005
Theoretical Reff:	1.583459101810367
Empirical Reff:	1.5494798000000003

Currently simulating parameters:	False neg:	0.5600000000000002	Trace efficiency:	0.9800000000000005
Theoretical Reff:	1.606769813038247
Empirical Reff:	1.5763915999999998

Currently simulating parameters:	False neg:	0.5800000000000002	Trace efficiency:	0.9800000000000005
Theoretical Reff:	1.6297579905182045
Empirical Reff:	1.6027744000000004

Currently simulating parameters:	False neg:	0.6000000000000002	Trace efficiency:	0.9800000000000005
Theoretical Reff:	1.65267004585215
Empirical Reff:	1.6241811999999995

Currently simulating parameters:	False neg:	0.6200000000000002	Trace efficiency:	0.9800000000000005
Theoretical Reff:	1.6750878866472738
Empirical Reff:	1.6502803999999995

Currently simulating parameters:	False neg:	0.6400000000000002	Trace efficiency:	0.9800000000000005
Theoretical Reff:	1.697009576094358
Empirical Reff:	1.6766974000000006

Currently simulating parameters:	False neg:	0.6600000000000003	Trace efficiency:	0.9800000000000005
Theoretical Reff:	1.717995304135086
Empirical Reff:	1.6920394

Currently simulating parameters:	False neg:	0.6800000000000003	Trace efficiency:	0.9800000000000005
Theoretical Reff:	1.7385658574466725
Empirical Reff:	1.719966

Currently simulating parameters:	False neg:	0.7000000000000003	Trace efficiency:	0.9800000000000005
Theoretical Reff:	1.7582357652643357
Empirical Reff:	1.7422032000000005

Currently simulating parameters:	False neg:	0.7200000000000003	Trace efficiency:	0.9800000000000005
Theoretical Reff:	1.7781964997840902
Empirical Reff:	1.7653351999999998

Currently simulating parameters:	False neg:	0.7400000000000003	Trace efficiency:	0.9800000000000005
Theoretical Reff:	1.7972084960708494
Empirical Reff:	1.7811106

Currently simulating parameters:	False neg:	0.7600000000000003	Trace efficiency:	0.9800000000000005
Theoretical Reff:	1.8152101962127987
Empirical Reff:	1.8071055999999996

Currently simulating parameters:	False neg:	0.7800000000000004	Trace efficiency:	0.9800000000000005
Theoretical Reff:	1.8330345913286568
Empirical Reff:	1.8215856

Currently simulating parameters:	False neg:	0.8000000000000004	Trace efficiency:	0.9800000000000005
Theoretical Reff:	1.8506086201791232
Empirical Reff:	1.8420082000000002

Currently simulating parameters:	False neg:	0.8200000000000004	Trace efficiency:	0.9800000000000005
Theoretical Reff:	1.8676405216076934
Empirical Reff:	1.8633284000000003

Currently simulating parameters:	False neg:	0.8400000000000004	Trace efficiency:	0.9800000000000005
Theoretical Reff:	1.8841047402283178
Empirical Reff:	1.8785021999999998

Currently simulating parameters:	False neg:	0.8600000000000004	Trace efficiency:	0.9800000000000005
Theoretical Reff:	1.9001802398165568
Empirical Reff:	1.9003456

Currently simulating parameters:	False neg:	0.8800000000000004	Trace efficiency:	0.9800000000000005
Theoretical Reff:	1.915662479251807
Empirical Reff:	1.9131757999999994

Currently simulating parameters:	False neg:	0.9000000000000005	Trace efficiency:	0.9800000000000005
Theoretical Reff:	1.9307839863317091
Empirical Reff:	1.9321794000000003

Currently simulating parameters:	False neg:	0.9200000000000005	Trace efficiency:	0.9800000000000005
Theoretical Reff:	1.9455500802841494
Empirical Reff:	1.9423822

Currently simulating parameters:	False neg:	0.9400000000000005	Trace efficiency:	0.9800000000000005
Theoretical Reff:	1.959812800701215
Empirical Reff:	1.9543355999999996

Currently simulating parameters:	False neg:	0.9600000000000005	Trace efficiency:	0.9800000000000005
Theoretical Reff:	1.9736076011193833
Empirical Reff:	1.9735093999999997

Currently simulating parameters:	False neg:	0.9800000000000005	Trace efficiency:	0.9800000000000005
Theoretical Reff:	1.987005706245031
Empirical Reff:	1.9900130000000003

Currently simulating parameters:	False neg:	1.0000000000000004	Trace efficiency:	0.9800000000000005
Theoretical Reff:	2.0000000000000004
Empirical Reff:	1.9996829999999994

Currently simulating parameters:	False neg:	0.0	Trace efficiency:	1.0000000000000004
Theoretical Reff:	0.6063378141981017
Empirical Reff:	0.7421204462739953

Currently simulating parameters:	False neg:	0.02	Trace efficiency:	1.0000000000000004
Theoretical Reff:	0.6341735920818559
Empirical Reff:	0.7359574875052429

Currently simulating parameters:	False neg:	0.04	Trace efficiency:	1.0000000000000004
Theoretical Reff:	0.6600801485852066
Empirical Reff:	0.7354246498990675

Currently simulating parameters:	False neg:	0.06	Trace efficiency:	1.0000000000000004
Theoretical Reff:	0.7252043010530802
Empirical Reff:	0.7855094675633069

Currently simulating parameters:	False neg:	0.08	Trace efficiency:	1.0000000000000004
Theoretical Reff:	0.7789163926125209
Empirical Reff:	0.7741315426518329

Currently simulating parameters:	False neg:	0.1	Trace efficiency:	1.0000000000000004
Theoretical Reff:	0.7984507600144342
Empirical Reff:	0.8089322816445891

Currently simulating parameters:	False neg:	0.12000000000000001	Trace efficiency:	1.0000000000000004
Theoretical Reff:	0.888635803762094
Empirical Reff:	0.8366431095869545

Currently simulating parameters:	False neg:	0.14	Trace efficiency:	1.0000000000000004
Theoretical Reff:	0.8961332496696773
Empirical Reff:	0.8087927961927103

Currently simulating parameters:	False neg:	0.16	Trace efficiency:	1.0000000000000004
Theoretical Reff:	0.954369608925156
Empirical Reff:	0.8978315201443001

Currently simulating parameters:	False neg:	0.18	Trace efficiency:	1.0000000000000004
Theoretical Reff:	0.9761143934653368
Empirical Reff:	0.895226111288345

Currently simulating parameters:	False neg:	0.19999999999999998	Trace efficiency:	1.0000000000000004
Theoretical Reff:	1.0080569037891771
Empirical Reff:	0.8752868972538385

Currently simulating parameters:	False neg:	0.21999999999999997	Trace efficiency:	1.0000000000000004
Theoretical Reff:	1.0658315769245754
Empirical Reff:	0.9409218385791798

Currently simulating parameters:	False neg:	0.23999999999999996	Trace efficiency:	1.0000000000000004
Theoretical Reff:	1.1162743235676509
Empirical Reff:	0.9742997242274802

Currently simulating parameters:	False neg:	0.25999999999999995	Trace efficiency:	1.0000000000000004
Theoretical Reff:	1.1356840146203113
Empirical Reff:	0.9973138917264877

Currently simulating parameters:	False neg:	0.27999999999999997	Trace efficiency:	1.0000000000000004
Theoretical Reff:	1.1991295494928802
Empirical Reff:	1.1044643978067086

Currently simulating parameters:	False neg:	0.3	Trace efficiency:	1.0000000000000004
Theoretical Reff:	1.2218573874375322
Empirical Reff:	1.0921612449176055

Currently simulating parameters:	False neg:	0.32	Trace efficiency:	1.0000000000000004
Theoretical Reff:	1.2685902652804764
Empirical Reff:	1.1952285216945333

Currently simulating parameters:	False neg:	0.34	Trace efficiency:	1.0000000000000004
Theoretical Reff:	1.2992629376322213
Empirical Reff:	1.2431240482758623

Currently simulating parameters:	False neg:	0.36000000000000004	Trace efficiency:	1.0000000000000004
Theoretical Reff:	1.3269007716334813
Empirical Reff:	1.2550581724006338

Currently simulating parameters:	False neg:	0.38000000000000006	Trace efficiency:	1.0000000000000004
Theoretical Reff:	1.362438002524279
Empirical Reff:	1.2864217391083141

Currently simulating parameters:	False neg:	0.4000000000000001	Trace efficiency:	1.0000000000000004
Theoretical Reff:	1.393782466156364
Empirical Reff:	1.3436428

Currently simulating parameters:	False neg:	0.4200000000000001	Trace efficiency:	1.0000000000000004
Theoretical Reff:	1.4200106834928388
Empirical Reff:	1.3598695371900826

Currently simulating parameters:	False neg:	0.4400000000000001	Trace efficiency:	1.0000000000000004
Theoretical Reff:	1.4492179803980672
Empirical Reff:	1.3877404424778765

Currently simulating parameters:	False neg:	0.46000000000000013	Trace efficiency:	1.0000000000000004
Theoretical Reff:	1.4771576463361131
Empirical Reff:	1.4370395999999996

Currently simulating parameters:	False neg:	0.48000000000000015	Trace efficiency:	1.0000000000000004
Theoretical Reff:	1.5038093746735146
Empirical Reff:	1.462862

Currently simulating parameters:	False neg:	0.5000000000000001	Trace efficiency:	1.0000000000000004
Theoretical Reff:	1.5294405212080309
Empirical Reff:	1.4877847999999998

Currently simulating parameters:	False neg:	0.5200000000000001	Trace efficiency:	1.0000000000000004
Theoretical Reff:	1.555239062652107
Empirical Reff:	1.5151946

Currently simulating parameters:	False neg:	0.5400000000000001	Trace efficiency:	1.0000000000000004
Theoretical Reff:	1.580086226190325
Empirical Reff:	1.5456409999999996

Currently simulating parameters:	False neg:	0.5600000000000002	Trace efficiency:	1.0000000000000004
Theoretical Reff:	1.6030285300338458
Empirical Reff:	1.5536023082217978

Currently simulating parameters:	False neg:	0.5800000000000002	Trace efficiency:	1.0000000000000004
Theoretical Reff:	1.627805616514928
Empirical Reff:	1.5944067999999998

Currently simulating parameters:	False neg:	0.6000000000000002	Trace efficiency:	1.0000000000000004
Theoretical Reff:	1.6517209684108771
Empirical Reff:	1.6234966

Currently simulating parameters:	False neg:	0.6200000000000002	Trace efficiency:	1.0000000000000004
Theoretical Reff:	1.6737130183432711
Empirical Reff:	1.6449773999999997

Currently simulating parameters:	False neg:	0.6400000000000002	Trace efficiency:	1.0000000000000004
Theoretical Reff:	1.6949845891191941
Empirical Reff:	1.6741295999999999

Currently simulating parameters:	False neg:	0.6600000000000003	Trace efficiency:	1.0000000000000004
Theoretical Reff:	1.7166666739989653
Empirical Reff:	1.6966141999999993

Currently simulating parameters:	False neg:	0.6800000000000003	Trace efficiency:	1.0000000000000004
Theoretical Reff:	1.736608475210925
Empirical Reff:	1.7125344

Currently simulating parameters:	False neg:	0.7000000000000003	Trace efficiency:	1.0000000000000004
Theoretical Reff:	1.757072537886138
Empirical Reff:	1.7416000000000005

Currently simulating parameters:	False neg:	0.7200000000000003	Trace efficiency:	1.0000000000000004
Theoretical Reff:	1.77696161857441
Empirical Reff:	1.7572860000000006

Currently simulating parameters:	False neg:	0.7400000000000003	Trace efficiency:	1.0000000000000004
Theoretical Reff:	1.795821709852412
Empirical Reff:	1.7794514

Currently simulating parameters:	False neg:	0.7600000000000003	Trace efficiency:	1.0000000000000004
Theoretical Reff:	1.8142558724433349
Empirical Reff:	1.8030486

Currently simulating parameters:	False neg:	0.7800000000000004	Trace efficiency:	1.0000000000000004
Theoretical Reff:	1.832552102817531
Empirical Reff:	1.8235234000000005

Currently simulating parameters:	False neg:	0.8000000000000004	Trace efficiency:	1.0000000000000004
Theoretical Reff:	1.8502923640425508
Empirical Reff:	1.838414

Currently simulating parameters:	False neg:	0.8200000000000004	Trace efficiency:	1.0000000000000004
Theoretical Reff:	1.867072498794679
Empirical Reff:	1.8631738000000002

Currently simulating parameters:	False neg:	0.8400000000000004	Trace efficiency:	1.0000000000000004
Theoretical Reff:	1.8838990966987599
Empirical Reff:	1.8805600000000005

Currently simulating parameters:	False neg:	0.8600000000000004	Trace efficiency:	1.0000000000000004
Theoretical Reff:	1.8999900495454625
Empirical Reff:	1.8986592000000002

Currently simulating parameters:	False neg:	0.8800000000000004	Trace efficiency:	1.0000000000000004
Theoretical Reff:	1.9154925074085805
Empirical Reff:	1.9142686000000007

Currently simulating parameters:	False neg:	0.9000000000000005	Trace efficiency:	1.0000000000000004
Theoretical Reff:	1.930804102642982
Empirical Reff:	1.9272675999999997

Currently simulating parameters:	False neg:	0.9200000000000005	Trace efficiency:	1.0000000000000004
Theoretical Reff:	1.9455214983286262
Empirical Reff:	1.9420442

Currently simulating parameters:	False neg:	0.9400000000000005	Trace efficiency:	1.0000000000000004
Theoretical Reff:	1.9597529431514564
Empirical Reff:	1.9624175999999998

Currently simulating parameters:	False neg:	0.9600000000000005	Trace efficiency:	1.0000000000000004
Theoretical Reff:	1.9735759531127142
Empirical Reff:	1.9678031999999999

Currently simulating parameters:	False neg:	0.9800000000000005	Trace efficiency:	1.0000000000000004
Theoretical Reff:	1.9870118974742625
Empirical Reff:	1.9922917999999996

Currently simulating parameters:	False neg:	1.0000000000000004	Trace efficiency:	1.0000000000000004
Theoretical Reff:	2.0000000000000004
Empirical Reff:	1.9987662

 Total elapsed time:	2498.782671702 seconds.
