ERROR: LoadError: ArgumentError: Package Distributions not found in current path.
- Run `import Pkg; Pkg.add("Distributions")` to install the Distributions package.
Stacktrace:
 [1] macro expansion
   @ ./loading.jl:2296 [inlined]
 [2] macro expansion
   @ ./lock.jl:273 [inlined]
 [3] __require(into::Module, mod::Symbol)
   @ Base ./loading.jl:2271
 [4] #invoke_in_world#3
   @ ./essentials.jl:1089 [inlined]
 [5] invoke_in_world
   @ ./essentials.jl:1086 [inlined]
 [6] require(into::Module, mod::Symbol)
   @ Base ./loading.jl:2260
in expression starting at /home/morah/TestTraceTradeoff/code/mainhpc.jl:4
ERROR: LoadError: ArgumentError: Package Distributions not found in current path.
- Run `import Pkg; Pkg.add("Distributions")` to install the Distributions package.
Stacktrace:
 [1] macro expansion
   @ ./loading.jl:2296 [inlined]
 [2] macro expansion
   @ ./lock.jl:273 [inlined]
 [3] __require(into::Module, mod::Symbol)
   @ Base ./loading.jl:2271
 [4] #invoke_in_world#3
   @ ./essentials.jl:1089 [inlined]
 [5] invoke_in_world
   @ ./essentials.jl:1086 [inlined]
 [6] require(into::Module, mod::Symbol)
   @ Base ./loading.jl:2260
in expression starting at /home/morah/TestTraceTradeoff/code/mainhpc.jl:4
ERROR: LoadError: ArgumentError: Package Distributions not found in current path.
- Run `import Pkg; Pkg.add("Distributions")` to install the Distributions package.
Stacktrace:
 [1] macro expansion
   @ ./loading.jl:2296 [inlined]
 [2] macro expansion
   @ ./lock.jl:273 [inlined]
 [3] __require(into::Module, mod::Symbol)
   @ Base ./loading.jl:2271
 [4] #invoke_in_world#3
   @ ./essentials.jl:1089 [inlined]
 [5] invoke_in_world
   @ ./essentials.jl:1086 [inlined]
 [6] require(into::Module, mod::Symbol)
   @ Base ./loading.jl:2260
in expression starting at /home/morah/TestTraceTradeoff/code/mainhpc.jl:4
ERROR: LoadError: ArgumentError: Package Distributions not found in current path.
- Run `import Pkg; Pkg.add("Distributions")` to install the Distributions package.
Stacktrace:
 [1] macro expansion
   @ ./loading.jl:2296 [inlined]
 [2] macro expansion
   @ ./lock.jl:273 [inlined]
 [3] __require(into::Module, mod::Symbol)
   @ Base ./loading.jl:2271
 [4] #invoke_in_world#3
   @ ./essentials.jl:1089 [inlined]
 [5] invoke_in_world
   @ ./essentials.jl:1086 [inlined]
 [6] require(into::Module, mod::Symbol)
   @ Base ./loading.jl:2260
in expression starting at /home/morah/TestTraceTradeoff/code/mainhpc.jl:4
ERROR: LoadError: ArgumentError: Package Distributions not found in current path.
- Run `import Pkg; Pkg.add("Distributions")` to install the Distributions package.
Stacktrace:
 [1] macro expansion
   @ ./loading.jl:2296 [inlined]
 [2] macro expansion
   @ ./lock.jl:273 [inlined]
 [3] __require(into::Module, mod::Symbol)
   @ Base ./loading.jl:2271
 [4] #invoke_in_world#3
   @ ./essentials.jl:1089 [inlined]
 [5] invoke_in_world
   @ ./essentials.jl:1086 [inlined]
 [6] require(into::Module, mod::Symbol)
   @ Base ./loading.jl:2260
in expression starting at /home/morah/TestTraceTradeoff/code/mainhpc.jl:4
