ERROR: File already exists: code/OutputsHPC/JULIA_TestSensitivity_Istart100_Nexp50_R02.0_WaitBeforeTestTaken1_WaitBeforeTestResult5_Asymptomatics0.3_InfectiousProfileempirical_OffspringDistributiongeometric.txt
Please remove the existing file or change the filename to avoid overwriting data.

Currently simulating parameters:	False neg:	0.0	Trace efficiency:	0.0
Theoretical Reff:	1.3615153636817254
Empirical Reff:	1.3605376

Currently simulating parameters:	False neg:	0.0	Trace efficiency:	0.02
Theoretical Reff:	1.3578237906854715
Empirical Reff:	1.3572564000000003

Currently simulating parameters:	False neg:	0.0	Trace efficiency:	0.04
Theoretical Reff:	1.3547229105173664
Empirical Reff:	1.3509453999999996

Currently simulating parameters:	False neg:	0.0	Trace efficiency:	0.06
Theoretical Reff:	1.3519863302467956
Empirical Reff:	1.3485590000000003

Currently simulating parameters:	False neg:	0.0	Trace efficiency:	0.08
Theoretical Reff:	1.3491766534726166
Empirical Reff:	1.3442409999999996

Currently simulating parameters:	False neg:	0.0	Trace efficiency:	0.1
Theoretical Reff:	1.3457657955374962
Empirical Reff:	1.3409639999999998

Currently simulating parameters:	False neg:	0.0	Trace efficiency:	0.12000000000000001
Theoretical Reff:	1.3434464577672367
Empirical Reff:	1.3381067999999998

Currently simulating parameters:	False neg:	0.0	Trace efficiency:	0.14
Theoretical Reff:	1.3399276342514403
Empirical Reff:	1.3334206

Currently simulating parameters:	False neg:	0.0	Trace efficiency:	0.16
Theoretical Reff:	1.337205052719912
Empirical Reff:	1.3302776

Currently simulating parameters:	False neg:	0.0	Trace efficiency:	0.18
Theoretical Reff:	1.3340982297351167
Empirical Reff:	1.3249536

Currently simulating parameters:	False neg:	0.0	Trace efficiency:	0.19999999999999998
Theoretical Reff:	1.3302060644542022
Empirical Reff:	1.3235051999999998

Currently simulating parameters:	False neg:	0.0	Trace efficiency:	0.21999999999999997
Theoretical Reff:	1.3274601768059606
Empirical Reff:	1.3194431999999998

Currently simulating parameters:	False neg:	0.0	Trace efficiency:	0.23999999999999996
Theoretical Reff:	1.3242441327813412
Empirical Reff:	1.3151973999999997

Currently simulating parameters:	False neg:	0.0	Trace efficiency:	0.25999999999999995
Theoretical Reff:	1.321308860535162
Empirical Reff:	1.3101572000000001

Currently simulating parameters:	False neg:	0.0	Trace efficiency:	0.27999999999999997
Theoretical Reff:	1.3180680679757184
Empirical Reff:	1.3061426

Currently simulating parameters:	False neg:	0.0	Trace efficiency:	0.3
Theoretical Reff:	1.3142439045892906
Empirical Reff:	1.3012056

Currently simulating parameters:	False neg:	0.0	Trace efficiency:	0.32
Theoretical Reff:	1.311534058707552
Empirical Reff:	1.2962976

Currently simulating parameters:	False neg:	0.0	Trace efficiency:	0.34
Theoretical Reff:	1.3084291848570944
Empirical Reff:	1.2935950000000003

Currently simulating parameters:	False neg:	0.0	Trace efficiency:	0.36000000000000004
Theoretical Reff:	1.3047994818404733
Empirical Reff:	1.2894471999999997

Currently simulating parameters:	False neg:	0.0	Trace efficiency:	0.38000000000000006
Theoretical Reff:	1.3011198419548393
Empirical Reff:	1.2842959999999999

Currently simulating parameters:	False neg:	0.0	Trace efficiency:	0.4000000000000001
Theoretical Reff:	1.2980808789405285
Empirical Reff:	1.2795602000000001

Currently simulating parameters:	False neg:	0.0	Trace efficiency:	0.4200000000000001
Theoretical Reff:	1.29439799470181
Empirical Reff:	1.2753984

Currently simulating parameters:	False neg:	0.0	Trace efficiency:	0.4400000000000001
Theoretical Reff:	1.290739913867348
Empirical Reff:	1.2721665999999998

Currently simulating parameters:	False neg:	0.0	Trace efficiency:	0.46000000000000013
Theoretical Reff:	1.2873660579311352
Empirical Reff:	1.2653467999999999

Currently simulating parameters:	False neg:	0.0	Trace efficiency:	0.48000000000000015
Theoretical Reff:	1.2845104175200956
Empirical Reff:	1.2614572000000006

Currently simulating parameters:	False neg:	0.0	Trace efficiency:	0.5000000000000001
Theoretical Reff:	1.2806080023374105
Empirical Reff:	1.2587871999999998

Currently simulating parameters:	False neg:	0.0	Trace efficiency:	0.5200000000000001
Theoretical Reff:	1.2770140517555153
Empirical Reff:	1.2535011999999999

Currently simulating parameters:	False neg:	0.0	Trace efficiency:	0.5400000000000001
Theoretical Reff:	1.2730948055861744
Empirical Reff:	1.2491354

Currently simulating parameters:	False neg:	0.0	Trace efficiency:	0.5600000000000002
Theoretical Reff:	1.2695426611236553
Empirical Reff:	1.2452417999999998

Currently simulating parameters:	False neg:	0.0	Trace efficiency:	0.5800000000000002
Theoretical Reff:	1.2666844467490461
Empirical Reff:	1.2393200000000002

Currently simulating parameters:	False neg:	0.0	Trace efficiency:	0.6000000000000002
Theoretical Reff:	1.2623824179171506
Empirical Reff:	1.2357071999999998

Currently simulating parameters:	False neg:	0.0	Trace efficiency:	0.6200000000000002
Theoretical Reff:	1.2592540673848545
Empirical Reff:	1.2293911999999998

Currently simulating parameters:	False neg:	0.0	Trace efficiency:	0.6400000000000002
Theoretical Reff:	1.25414865735995
Empirical Reff:	1.2270348000000002

Currently simulating parameters:	False neg:	0.0	Trace efficiency:	0.6600000000000003
Theoretical Reff:	1.25057266933612
Empirical Reff:	1.2207334

Currently simulating parameters:	False neg:	0.0	Trace efficiency:	0.6800000000000003
Theoretical Reff:	1.2470628391442438
Empirical Reff:	1.2159874000000002

Currently simulating parameters:	False neg:	0.0	Trace efficiency:	0.7000000000000003
Theoretical Reff:	1.2427859002008765
Empirical Reff:	1.2109531999999998

Currently simulating parameters:	False neg:	0.0	Trace efficiency:	0.7200000000000003
Theoretical Reff:	1.2393987773881705
Empirical Reff:	1.2066302000000004

Currently simulating parameters:	False neg:	0.0	Trace efficiency:	0.7400000000000003
Theoretical Reff:	1.2351729925315733
Empirical Reff:	1.2019807999999998

Currently simulating parameters:	False neg:	0.0	Trace efficiency:	0.7600000000000003
Theoretical Reff:	1.2305647879890724
Empirical Reff:	1.1962976

Currently simulating parameters:	False neg:	0.0	Trace efficiency:	0.7800000000000004
Theoretical Reff:	1.2254305739232345
Empirical Reff:	1.1905904

Currently simulating parameters:	False neg:	0.0	Trace efficiency:	0.8000000000000004
Theoretical Reff:	1.2224663844525636
Empirical Reff:	1.1866440000000003

Currently simulating parameters:	False neg:	0.0	Trace efficiency:	0.8200000000000004
Theoretical Reff:	1.2176474975995135
Empirical Reff:	1.1775270000000004

Currently simulating parameters:	False neg:	0.0	Trace efficiency:	0.8400000000000004
Theoretical Reff:	1.2139669448246972
Empirical Reff:	1.1757968

Currently simulating parameters:	False neg:	0.0	Trace efficiency:	0.8600000000000004
Theoretical Reff:	1.2091609005913329
Empirical Reff:	1.1708306

Currently simulating parameters:	False neg:	0.0	Trace efficiency:	0.8800000000000004
Theoretical Reff:	1.204171627543083
Empirical Reff:	1.1659524

Currently simulating parameters:	False neg:	0.0	Trace efficiency:	0.9000000000000005
Theoretical Reff:	1.2016547173039474
Empirical Reff:	1.1589778000000002

Currently simulating parameters:	False neg:	0.0	Trace efficiency:	0.9200000000000005
Theoretical Reff:	1.1959792919969772
Empirical Reff:	1.1540958000000001

Currently simulating parameters:	False neg:	0.0	Trace efficiency:	0.9400000000000005
Theoretical Reff:	1.1911617985176624
Empirical Reff:	1.1489862000000004

Currently simulating parameters:	False neg:	0.0	Trace efficiency:	0.9600000000000005
Theoretical Reff:	1.1848528836555414
Empirical Reff:	1.1442468000000001

Currently simulating parameters:	False neg:	0.0	Trace efficiency:	0.9800000000000005
Theoretical Reff:	1.1817619087400941
Empirical Reff:	1.1355480000000004

Currently simulating parameters:	False neg:	0.0	Trace efficiency:	1.0000000000000004
Theoretical Reff:	1.1760692397899357
Empirical Reff:	1.1319824000000003

 Total elapsed time:	1876.873064361 seconds.
ERROR: File already exists: code/OutputsHPC/JULIA_TestSensitivity_Istart100_Nexp50_R02.0_WaitBeforeTestTaken1_WaitBeforeTestResult7_Asymptomatics0.3_InfectiousProfileempirical_OffspringDistributiongeometric.txt
Please remove the existing file or change the filename to avoid overwriting data.

Currently simulating parameters:	False neg:	0.0	Trace efficiency:	0.0
Theoretical Reff:	1.3612652168521913
Empirical Reff:	1.3601660000000004

Currently simulating parameters:	False neg:	0.0	Trace efficiency:	0.02
Theoretical Reff:	1.3593147364546085
Empirical Reff:	1.3575424000000005

Currently simulating parameters:	False neg:	0.0	Trace efficiency:	0.04
Theoretical Reff:	1.357292265066996
Empirical Reff:	1.3589925999999997

Currently simulating parameters:	False neg:	0.0	Trace efficiency:	0.06
Theoretical Reff:	1.3558124112701264
Empirical Reff:	1.3529764

Currently simulating parameters:	False neg:	0.0	Trace efficiency:	0.08
Theoretical Reff:	1.3545650904449162
Empirical Reff:	1.3513674

Currently simulating parameters:	False neg:	0.0	Trace efficiency:	0.1
Theoretical Reff:	1.3528843865496842
Empirical Reff:	1.3499468000000006

Currently simulating parameters:	False neg:	0.0	Trace efficiency:	0.12000000000000001
Theoretical Reff:	1.3517386035839003
Empirical Reff:	1.3480556000000001

Currently simulating parameters:	False neg:	0.0	Trace efficiency:	0.14
Theoretical Reff:	1.3496887646890798
Empirical Reff:	1.3446538

Currently simulating parameters:	False neg:	0.0	Trace efficiency:	0.16
Theoretical Reff:	1.3479778673514837
Empirical Reff:	1.3435986

Currently simulating parameters:	False neg:	0.0	Trace efficiency:	0.18
Theoretical Reff:	1.3465730708718244
Empirical Reff:	1.3415956

Currently simulating parameters:	False neg:	0.0	Trace efficiency:	0.19999999999999998
Theoretical Reff:	1.345364932453078
Empirical Reff:	1.337725

Currently simulating parameters:	False neg:	0.0	Trace efficiency:	0.21999999999999997
Theoretical Reff:	1.343768498845508
Empirical Reff:	1.3343424

Currently simulating parameters:	False neg:	0.0	Trace efficiency:	0.23999999999999996
Theoretical Reff:	1.3409024589714904
Empirical Reff:	1.3324512

Currently simulating parameters:	False neg:	0.0	Trace efficiency:	0.25999999999999995
Theoretical Reff:	1.340064647055952
Empirical Reff:	1.3304399999999998

Currently simulating parameters:	False neg:	0.0	Trace efficiency:	0.27999999999999997
Theoretical Reff:	1.3378453015434133
Empirical Reff:	1.3272205999999995

Currently simulating parameters:	False neg:	0.0	Trace efficiency:	0.3
Theoretical Reff:	1.3370309865592838
Empirical Reff:	1.3245902

Currently simulating parameters:	False neg:	0.0	Trace efficiency:	0.32
Theoretical Reff:	1.3350649422410688
Empirical Reff:	1.3236491999999997

Currently simulating parameters:	False neg:	0.0	Trace efficiency:	0.34
Theoretical Reff:	1.3331012103753352
Empirical Reff:	1.3215762

Currently simulating parameters:	False neg:	0.0	Trace efficiency:	0.36000000000000004
Theoretical Reff:	1.331226552507222
Empirical Reff:	1.3181232

Currently simulating parameters:	False neg:	0.0	Trace efficiency:	0.38000000000000006
Theoretical Reff:	1.3302864126558556
Empirical Reff:	1.3157610000000006

Currently simulating parameters:	False neg:	0.0	Trace efficiency:	0.4000000000000001
Theoretical Reff:	1.327803621338593
Empirical Reff:	1.3115771999999999

Currently simulating parameters:	False neg:	0.0	Trace efficiency:	0.4200000000000001
Theoretical Reff:	1.3267730645439069
Empirical Reff:	1.3096024000000002

Currently simulating parameters:	False neg:	0.0	Trace efficiency:	0.4400000000000001
Theoretical Reff:	1.3242734670105663
Empirical Reff:	1.3076061999999995

Currently simulating parameters:	False neg:	0.0	Trace efficiency:	0.46000000000000013
Theoretical Reff:	1.3230385270007385
Empirical Reff:	1.3050593999999998

Currently simulating parameters:	False neg:	0.0	Trace efficiency:	0.48000000000000015
Theoretical Reff:	1.3200186338084092
Empirical Reff:	1.3015894000000001

Currently simulating parameters:	False neg:	0.0	Trace efficiency:	0.5000000000000001
Theoretical Reff:	1.318876261153713
Empirical Reff:	1.2990928

Currently simulating parameters:	False neg:	0.0	Trace efficiency:	0.5200000000000001
Theoretical Reff:	1.3167891298245864
Empirical Reff:	1.2970342

Currently simulating parameters:	False neg:	0.0	Trace efficiency:	0.5400000000000001
Theoretical Reff:	1.3150663072873927
Empirical Reff:	1.2954228

Currently simulating parameters:	False neg:	0.0	Trace efficiency:	0.5600000000000002
Theoretical Reff:	1.3128754668036642
Empirical Reff:	1.2917226000000002

Currently simulating parameters:	False neg:	0.0	Trace efficiency:	0.5800000000000002
Theoretical Reff:	1.3113803961864037
Empirical Reff:	1.2881618000000001

Currently simulating parameters:	False neg:	0.0	Trace efficiency:	0.6000000000000002
Theoretical Reff:	1.3099856940112584
Empirical Reff:	1.2878696000000003

Currently simulating parameters:	False neg:	0.0	Trace efficiency:	0.6200000000000002
Theoretical Reff:	1.3085378299766117
Empirical Reff:	1.2838572000000001

Currently simulating parameters:	False neg:	0.0	Trace efficiency:	0.6400000000000002
Theoretical Reff:	1.305115601760383
Empirical Reff:	1.2821458000000001

Currently simulating parameters:	False neg:	0.0	Trace efficiency:	0.6600000000000003
Theoretical Reff:	1.3039427372851315
Empirical Reff:	1.2776750000000001

Currently simulating parameters:	False neg:	0.0	Trace efficiency:	0.6800000000000003
Theoretical Reff:	1.302829183845578
Empirical Reff:	1.2776177999999998

Currently simulating parameters:	False neg:	0.0	Trace efficiency:	0.7000000000000003
Theoretical Reff:	1.3000517996379308
Empirical Reff:	1.2730518000000004

Currently simulating parameters:	False neg:	0.0	Trace efficiency:	0.7200000000000003
Theoretical Reff:	1.2981177800221222
Empirical Reff:	1.2708668

Currently simulating parameters:	False neg:	0.0	Trace efficiency:	0.7400000000000003
Theoretical Reff:	1.2951120728334997
Empirical Reff:	1.2682713999999995

Currently simulating parameters:	False neg:	0.0	Trace efficiency:	0.7600000000000003
Theoretical Reff:	1.293108756184386
Empirical Reff:	1.2659124000000004

Currently simulating parameters:	False neg:	0.0	Trace efficiency:	0.7800000000000004
Theoretical Reff:	1.291586671743132
Empirical Reff:	1.2613565999999998

Currently simulating parameters:	False neg:	0.0	Trace efficiency:	0.8000000000000004
Theoretical Reff:	1.2906397376014205
Empirical Reff:	1.2587636

Currently simulating parameters:	False neg:	0.0	Trace efficiency:	0.8200000000000004
Theoretical Reff:	1.28879316479168
Empirical Reff:	1.2554869999999996

Currently simulating parameters:	False neg:	0.0	Trace efficiency:	0.8400000000000004
Theoretical Reff:	1.2861096379114894
Empirical Reff:	1.2533058

Currently simulating parameters:	False neg:	0.0	Trace efficiency:	0.8600000000000004
Theoretical Reff:	1.2835273899297763
Empirical Reff:	1.2487310000000003

Currently simulating parameters:	False neg:	0.0	Trace efficiency:	0.8800000000000004
Theoretical Reff:	1.2815817063658312
Empirical Reff:	1.2476378000000004

Currently simulating parameters:	False neg:	0.0	Trace efficiency:	0.9000000000000005
Theoretical Reff:	1.279625354392644
Empirical Reff:	1.2448404000000002

Currently simulating parameters:	False neg:	0.0	Trace efficiency:	0.9200000000000005
Theoretical Reff:	1.2779790317660074
Empirical Reff:	1.2411594000000001

Currently simulating parameters:	False neg:	0.0	Trace efficiency:	0.9400000000000005
Theoretical Reff:	1.2749193988166085
Empirical Reff:	1.239682

Currently simulating parameters:	False neg:	0.0	Trace efficiency:	0.9600000000000005
Theoretical Reff:	1.2729246214887915
Empirical Reff:	1.2372101999999998

Currently simulating parameters:	False neg:	0.0	Trace efficiency:	0.9800000000000005
Theoretical Reff:	1.2710571770622663
Empirical Reff:	1.2307842

Currently simulating parameters:	False neg:	0.0	Trace efficiency:	1.0000000000000004
Theoretical Reff:	1.2692150571221057
Empirical Reff:	1.2293892

 Total elapsed time:	1775.782181554 seconds.
ERROR: File already exists: code/OutputsHPC/JULIA_TestSensitivity_Istart100_Nexp50_R02.0_WaitBeforeTestTaken1_WaitBeforeTestResult9_Asymptomatics0.3_InfectiousProfileempirical_OffspringDistributiongeometric.txt
Please remove the existing file or change the filename to avoid overwriting data.
