  Installing known registries into `~/.julia`
       Added `General` registry to ~/.julia/registries
    Updating registry at `~/.julia/registries/General.toml`
   Resolving package versions...
   Installed Rmath ─────────────────── v0.9.0
   Installed StatsFuns ─────────────── v1.5.2
   Installed IrrationalConstants ───── v0.2.6
   Installed PtrArrays ─────────────── v1.4.0
   Installed PDMats ────────────────── v0.11.37
   Installed HypergeometricFunctions ─ v0.3.28
   Installed SpecialFunctions ──────── v2.7.1
   Installed Preferences ───────────── v1.5.2
   Installed DataAPI ───────────────── v1.16.0
   Installed JLLWrappers ───────────── v1.7.1
   Installed Rmath_jll ─────────────── v0.5.1+0
   Installed Reexport ──────────────── v1.2.2
   Installed OrderedCollections ────── v1.8.1
   Installed QuadGK ────────────────── v2.11.2
   Installed FillArrays ────────────── v1.16.0
   Installed Statistics ────────────── v1.11.1
   Installed DataStructures ────────── v0.19.3
   Installed LogExpFunctions ───────── v0.3.29
   Installed OpenSpecFun_jll ───────── v0.5.6+0
   Installed StatsAPI ──────────────── v1.8.0
   Installed AliasTables ───────────── v1.1.3
   Installed SortingAlgorithms ─────── v1.2.2
   Installed StatsBase ─────────────── v0.34.10
   Installed Missings ──────────────── v1.2.0
   Installed DocStringExtensions ───── v0.9.5
   Installed Distributions ─────────── v0.25.123
    Updating `~/.julia/environments/v1.11/Project.toml`
  [31c24e10] + Distributions v0.25.123
    Updating `~/.julia/environments/v1.11/Manifest.toml`
  [66dad0bd] + AliasTables v1.1.3
  [9a962f9c] + DataAPI v1.16.0
  [864edb3b] + DataStructures v0.19.3
  [31c24e10] + Distributions v0.25.123
  [ffbed154] + DocStringExtensions v0.9.5
  [1a297f60] + FillArrays v1.16.0
  [34004b35] + HypergeometricFunctions v0.3.28
  [92d709cd] + IrrationalConstants v0.2.6
  [692b3bcd] + JLLWrappers v1.7.1
  [2ab3a3ac] + LogExpFunctions v0.3.29
  [e1d29d7a] + Missings v1.2.0
  [bac558e1] + OrderedCollections v1.8.1
  [90014a1f] + PDMats v0.11.37
  [21216c6a] + Preferences v1.5.2
  [43287f4e] + PtrArrays v1.4.0
  [1fd47b50] + QuadGK v2.11.2
  [189a3867] + Reexport v1.2.2
  [79098fc4] + Rmath v0.9.0
  [a2af1166] + SortingAlgorithms v1.2.2
  [276daf66] + SpecialFunctions v2.7.1
  [10745b16] + Statistics v1.11.1
  [82ae8749] + StatsAPI v1.8.0
  [2913bbd2] + StatsBase v0.34.10
  [4c63d2b9] + StatsFuns v1.5.2
  [efe28fd5] + OpenSpecFun_jll v0.5.6+0
  [f50d1b31] + Rmath_jll v0.5.1+0
  [56f22d72] + Artifacts v1.11.0
  [ade2ca70] + Dates v1.11.0
  [8f399da3] + Libdl v1.11.0
  [37e2e46d] + LinearAlgebra v1.11.0
  [de0858da] + Printf v1.11.0
  [9a3f8284] + Random v1.11.0
  [ea8e919c] + SHA v0.7.0
  [9e88b42a] + Serialization v1.11.0
  [2f01184e] + SparseArrays v1.11.0
  [4607b0f0] + SuiteSparse
  [fa267f1f] + TOML v1.0.3
  [4ec0a83e] + Unicode v1.11.0
  [e66e0078] + CompilerSupportLibraries_jll v1.1.1+0
  [4536629a] + OpenBLAS_jll v0.3.27+1
  [05823500] + OpenLibm_jll v0.8.5+0
  [bea87d4a] + SuiteSparse_jll v7.7.0+0
  [8e850b90] + libblastrampoline_jll v5.11.0+0
Precompiling project...
   5267.2 ms  ✓ PtrArrays
   4226.6 ms  ✓ Reexport
   5454.5 ms  ✓ DataAPI
   5103.4 ms  ✓ StatsAPI
   6438.0 ms  ✓ Statistics
   4828.9 ms  ✓ OrderedCollections
   4270.3 ms  ✓ DocStringExtensions
   7982.4 ms  ✓ FillArrays
   8920.9 ms  ✓ IrrationalConstants
   4677.2 ms  ✓ SuiteSparse
   4465.8 ms  ✓ AliasTables
   4049.8 ms  ✓ Missings
   3457.4 ms  ✓ FillArrays → FillArraysStatisticsExt
   5364.4 ms  ✓ Preferences
   4688.8 ms  ✓ Statistics → SparseArraysExt
   3044.0 ms  ✓ FillArrays → FillArraysSparseArraysExt
   3335.9 ms  ✓ LogExpFunctions
   5553.8 ms  ✓ DataStructures
   3434.4 ms  ✓ PDMats
   2900.5 ms  ✓ JLLWrappers
   2892.6 ms  ✓ SortingAlgorithms
   3195.1 ms  ✓ QuadGK
   2337.0 ms  ✓ FillArrays → FillArraysPDMatsExt
   2379.4 ms  ✓ Rmath_jll
   2130.2 ms  ✓ OpenSpecFun_jll
   2761.5 ms  ✓ Rmath
   4275.7 ms  ✓ StatsBase
   5173.8 ms  ✓ SpecialFunctions
   1904.1 ms  ✓ PDMats → StatsBaseExt
   2207.8 ms  ✓ HypergeometricFunctions
   3075.1 ms  ✓ StatsFuns
   6327.3 ms  ✓ Distributions
  32 dependencies successfully precompiled in 36 seconds. 9 already precompiled.
slurmstepd: error: *** JOB 57271 ON desktop12 CANCELLED AT 2026-03-16T15:13:08 ***
