
Currently simulating parameters:	False neg:	0.0	Trace efficiency:	0.0
Theoretical Reff:	1.3608535995932032
Empirical Reff:	1.3619515999999998

Currently simulating parameters:	False neg:	0.0	Trace efficiency:	0.02
Theoretical Reff:	1.357511617361304
Empirical Reff:	1.3548952

Currently simulating parameters:	False neg:	0.0	Trace efficiency:	0.04
Theoretical Reff:	1.3528992322070097
Empirical Reff:	1.3508955999999994

Currently simulating parameters:	False neg:	0.0	Trace efficiency:	0.06
Theoretical Reff:	1.3490157240472849
Empirical Reff:	1.3454785999999999

Currently simulating parameters:	False neg:	0.0	Trace efficiency:	0.08
Theoretical Reff:	1.3445420552292988
Empirical Reff:	1.3420239999999994

Currently simulating parameters:	False neg:	0.0	Trace efficiency:	0.1
Theoretical Reff:	1.341051482534322
Empirical Reff:	1.3372873999999997

Currently simulating parameters:	False neg:	0.0	Trace efficiency:	0.12000000000000001
Theoretical Reff:	1.3364738459013525
Empirical Reff:	1.3309458000000007

Currently simulating parameters:	False neg:	0.0	Trace efficiency:	0.14
Theoretical Reff:	1.332544881086884
Empirical Reff:	1.3268526

Currently simulating parameters:	False neg:	0.0	Trace efficiency:	0.16
Theoretical Reff:	1.3281915705416227
Empirical Reff:	1.3224958000000004

Currently simulating parameters:	False neg:	0.0	Trace efficiency:	0.18
Theoretical Reff:	1.3242027325513277
Empirical Reff:	1.3167741999999998

Currently simulating parameters:	False neg:	0.0	Trace efficiency:	0.19999999999999998
Theoretical Reff:	1.319631319110221
Empirical Reff:	1.3110628000000002

Currently simulating parameters:	False neg:	0.0	Trace efficiency:	0.21999999999999997
Theoretical Reff:	1.315188794272585
Empirical Reff:	1.3059258000000002

Currently simulating parameters:	False neg:	0.0	Trace efficiency:	0.23999999999999996
Theoretical Reff:	1.311866581637376
Empirical Reff:	1.301808

Currently simulating parameters:	False neg:	0.0	Trace efficiency:	0.25999999999999995
Theoretical Reff:	1.307905289449082
Empirical Reff:	1.2962558000000002

Currently simulating parameters:	False neg:	0.0	Trace efficiency:	0.27999999999999997
Theoretical Reff:	1.302844526287626
Empirical Reff:	1.2934048000000005

Currently simulating parameters:	False neg:	0.0	Trace efficiency:	0.3
Theoretical Reff:	1.299065177535899
Empirical Reff:	1.2855822000000001

Currently simulating parameters:	False neg:	0.0	Trace efficiency:	0.32
Theoretical Reff:	1.2944938291276906
Empirical Reff:	1.2796459999999996

Currently simulating parameters:	False neg:	0.0	Trace efficiency:	0.34
Theoretical Reff:	1.2891125737521445
Empirical Reff:	1.2770169999999998

Currently simulating parameters:	False neg:	0.0	Trace efficiency:	0.36000000000000004
Theoretical Reff:	1.2855212499031694
Empirical Reff:	1.2693126

Currently simulating parameters:	False neg:	0.0	Trace efficiency:	0.38000000000000006
Theoretical Reff:	1.2804271606304
Empirical Reff:	1.2652023999999997

Currently simulating parameters:	False neg:	0.0	Trace efficiency:	0.4000000000000001
Theoretical Reff:	1.275992358034813
Empirical Reff:	1.2594305999999995

Currently simulating parameters:	False neg:	0.0	Trace efficiency:	0.4200000000000001
Theoretical Reff:	1.271721866017864
Empirical Reff:	1.2546500000000003

Currently simulating parameters:	False neg:	0.0	Trace efficiency:	0.4400000000000001
Theoretical Reff:	1.265620486976668
Empirical Reff:	1.2473922

Currently simulating parameters:	False neg:	0.0	Trace efficiency:	0.46000000000000013
Theoretical Reff:	1.2613791285955909
Empirical Reff:	1.2406944000000002

Currently simulating parameters:	False neg:	0.0	Trace efficiency:	0.48000000000000015
Theoretical Reff:	1.256627090827678
Empirical Reff:	1.2373802

Currently simulating parameters:	False neg:	0.0	Trace efficiency:	0.5000000000000001
Theoretical Reff:	1.2519703810204894
Empirical Reff:	1.2303798000000001

Currently simulating parameters:	False neg:	0.0	Trace efficiency:	0.5200000000000001
Theoretical Reff:	1.2477278241427499
Empirical Reff:	1.2249745999999997

Currently simulating parameters:	False neg:	0.0	Trace efficiency:	0.5400000000000001
Theoretical Reff:	1.2423467291426455
Empirical Reff:	1.2189661999999999

Currently simulating parameters:	False neg:	0.0	Trace efficiency:	0.5600000000000002
Theoretical Reff:	1.235833679555131
Empirical Reff:	1.2128603999999996

Currently simulating parameters:	False neg:	0.0	Trace efficiency:	0.5800000000000002
Theoretical Reff:	1.23211471923497
Empirical Reff:	1.207371

Currently simulating parameters:	False neg:	0.0	Trace efficiency:	0.6000000000000002
Theoretical Reff:	1.2272877541614258
Empirical Reff:	1.201933

Currently simulating parameters:	False neg:	0.0	Trace efficiency:	0.6200000000000002
Theoretical Reff:	1.2212696162313144
Empirical Reff:	1.1957586

Currently simulating parameters:	False neg:	0.0	Trace efficiency:	0.6400000000000002
Theoretical Reff:	1.217033006268112
Empirical Reff:	1.1887351999999998

Currently simulating parameters:	False neg:	0.0	Trace efficiency:	0.6600000000000003
Theoretical Reff:	1.211730248294104
Empirical Reff:	1.184156

Currently simulating parameters:	False neg:	0.0	Trace efficiency:	0.6800000000000003
Theoretical Reff:	1.2054694383322917
Empirical Reff:	1.1765471999999997

Currently simulating parameters:	False neg:	0.0	Trace efficiency:	0.7000000000000003
Theoretical Reff:	1.1998464057193265
Empirical Reff:	1.1706638

Currently simulating parameters:	False neg:	0.0	Trace efficiency:	0.7200000000000003
Theoretical Reff:	1.193351189434628
Empirical Reff:	1.1644398

Currently simulating parameters:	False neg:	0.0	Trace efficiency:	0.7400000000000003
Theoretical Reff:	1.1889793789287033
Empirical Reff:	1.157693

Currently simulating parameters:	False neg:	0.0	Trace efficiency:	0.7600000000000003
Theoretical Reff:	1.1839812419228868
Empirical Reff:	1.1489822000000003

Currently simulating parameters:	False neg:	0.0	Trace efficiency:	0.7800000000000004
Theoretical Reff:	1.1778629138094499
Empirical Reff:	1.1445612000000003

Currently simulating parameters:	False neg:	0.0	Trace efficiency:	0.8000000000000004
Theoretical Reff:	1.1718064764962832
Empirical Reff:	1.1367293999999994

Currently simulating parameters:	False neg:	0.0	Trace efficiency:	0.8200000000000004
Theoretical Reff:	1.165851690670977
Empirical Reff:	1.132723

Currently simulating parameters:	False neg:	0.0	Trace efficiency:	0.8400000000000004
Theoretical Reff:	1.1591604300523488
Empirical Reff:	1.1247365999999999

Currently simulating parameters:	False neg:	0.0	Trace efficiency:	0.8600000000000004
Theoretical Reff:	1.1530279577200653
Empirical Reff:	1.117439

Currently simulating parameters:	False neg:	0.0	Trace efficiency:	0.8800000000000004
Theoretical Reff:	1.1467212410225103
Empirical Reff:	1.1101542000000004

Currently simulating parameters:	False neg:	0.0	Trace efficiency:	0.9000000000000005
Theoretical Reff:	1.1401950125036937
Empirical Reff:	1.1013708

Currently simulating parameters:	False neg:	0.0	Trace efficiency:	0.9200000000000005
Theoretical Reff:	1.1348541185060599
Empirical Reff:	1.0946337999999998

Currently simulating parameters:	False neg:	0.0	Trace efficiency:	0.9400000000000005
Theoretical Reff:	1.126324365812798
Empirical Reff:	1.0881734

Currently simulating parameters:	False neg:	0.0	Trace efficiency:	0.9600000000000005
Theoretical Reff:	1.1197011644814752
Empirical Reff:	1.0795500000000002

Currently simulating parameters:	False neg:	0.0	Trace efficiency:	0.9800000000000005
Theoretical Reff:	1.113543859982562
Empirical Reff:	1.0713003999999997

Currently simulating parameters:	False neg:	0.0	Trace efficiency:	1.0000000000000004
Theoretical Reff:	1.1070920354412983
Empirical Reff:	1.0636346

 Total elapsed time:	1662.57241787 seconds.
ERROR: File already exists: code/OutputsHPC/JULIA_TestSensitivity_Istart100_Nexp50_R02.0_WaitBeforeTestTaken1_WaitBeforeTestResult6_Asymptomatics0.3_InfectiousProfileempirical_OffspringDistributiongeometric.txt
Please remove the existing file or change the filename to avoid overwriting data.

Currently simulating parameters:	False neg:	0.0	Trace efficiency:	0.0
Theoretical Reff:	1.3610869433782322
Empirical Reff:	1.3610306

Currently simulating parameters:	False neg:	0.0	Trace efficiency:	0.02
Theoretical Reff:	1.3587604475893629
Empirical Reff:	1.3570207999999997

Currently simulating parameters:	False neg:	0.0	Trace efficiency:	0.04
Theoretical Reff:	1.3562909940072378
Empirical Reff:	1.3540193999999999

Currently simulating parameters:	False neg:	0.0	Trace efficiency:	0.06
Theoretical Reff:	1.3541665783052401
Empirical Reff:	1.3524878000000007

Currently simulating parameters:	False neg:	0.0	Trace efficiency:	0.08
Theoretical Reff:	1.3519013974827225
Empirical Reff:	1.3497106000000003

Currently simulating parameters:	False neg:	0.0	Trace efficiency:	0.1
Theoretical Reff:	1.3498308045921124
Empirical Reff:	1.344304

Currently simulating parameters:	False neg:	0.0	Trace efficiency:	0.12000000000000001
Theoretical Reff:	1.347591371233413
Empirical Reff:	1.3425318000000002

Currently simulating parameters:	False neg:	0.0	Trace efficiency:	0.14
Theoretical Reff:	1.3452822116694167
Empirical Reff:	1.3391126

Currently simulating parameters:	False neg:	0.0	Trace efficiency:	0.16
Theoretical Reff:	1.343245729590827
Empirical Reff:	1.3361715999999995

Currently simulating parameters:	False neg:	0.0	Trace efficiency:	0.18
Theoretical Reff:	1.3404953989885429
Empirical Reff:	1.3339367999999998

Currently simulating parameters:	False neg:	0.0	Trace efficiency:	0.19999999999999998
Theoretical Reff:	1.3389206241453633
Empirical Reff:	1.3291977999999998

Currently simulating parameters:	False neg:	0.0	Trace efficiency:	0.21999999999999997
Theoretical Reff:	1.3362566789753836
Empirical Reff:	1.3246218

Currently simulating parameters:	False neg:	0.0	Trace efficiency:	0.23999999999999996
Theoretical Reff:	1.3336000652888247
Empirical Reff:	1.3239554000000004

Currently simulating parameters:	False neg:	0.0	Trace efficiency:	0.25999999999999995
Theoretical Reff:	1.3308792142821324
Empirical Reff:	1.3193377999999998

Currently simulating parameters:	False neg:	0.0	Trace efficiency:	0.27999999999999997
Theoretical Reff:	1.329783644391578
Empirical Reff:	1.3167423999999996

Currently simulating parameters:	False neg:	0.0	Trace efficiency:	0.3
Theoretical Reff:	1.3275049147619435
Empirical Reff:	1.3144308000000005

Currently simulating parameters:	False neg:	0.0	Trace efficiency:	0.32
Theoretical Reff:	1.324881225792304
Empirical Reff:	1.3099650000000003

Currently simulating parameters:	False neg:	0.0	Trace efficiency:	0.34
Theoretical Reff:	1.3219869567234022
Empirical Reff:	1.3076971999999998

Currently simulating parameters:	False neg:	0.0	Trace efficiency:	0.36000000000000004
Theoretical Reff:	1.3193069252763872
Empirical Reff:	1.305113

Currently simulating parameters:	False neg:	0.0	Trace efficiency:	0.38000000000000006
Theoretical Reff:	1.3175257535569764
Empirical Reff:	1.3011754000000004

Currently simulating parameters:	False neg:	0.0	Trace efficiency:	0.4000000000000001
Theoretical Reff:	1.315488255557284
Empirical Reff:	1.2996672000000005

Currently simulating parameters:	False neg:	0.0	Trace efficiency:	0.4200000000000001
Theoretical Reff:	1.3115336344886865
Empirical Reff:	1.2944358000000002

Currently simulating parameters:	False neg:	0.0	Trace efficiency:	0.4400000000000001
Theoretical Reff:	1.3102856923991062
Empirical Reff:	1.2927516000000006

Currently simulating parameters:	False neg:	0.0	Trace efficiency:	0.46000000000000013
Theoretical Reff:	1.3065648663327893
Empirical Reff:	1.2898138000000001

Currently simulating parameters:	False neg:	0.0	Trace efficiency:	0.48000000000000015
Theoretical Reff:	1.3044560708917605
Empirical Reff:	1.2864769999999999

Currently simulating parameters:	False neg:	0.0	Trace efficiency:	0.5000000000000001
Theoretical Reff:	1.3017879230799523
Empirical Reff:	1.2806891999999999

Currently simulating parameters:	False neg:	0.0	Trace efficiency:	0.5200000000000001
Theoretical Reff:	1.299515756364414
Empirical Reff:	1.2790512000000003

Currently simulating parameters:	False neg:	0.0	Trace efficiency:	0.5400000000000001
Theoretical Reff:	1.2960967721525338
Empirical Reff:	1.2759242

Currently simulating parameters:	False neg:	0.0	Trace efficiency:	0.5600000000000002
Theoretical Reff:	1.293829074678402
Empirical Reff:	1.2705356

Currently simulating parameters:	False neg:	0.0	Trace efficiency:	0.5800000000000002
Theoretical Reff:	1.291053500343734
Empirical Reff:	1.2677100000000001

Currently simulating parameters:	False neg:	0.0	Trace efficiency:	0.6000000000000002
Theoretical Reff:	1.2880235320737816
Empirical Reff:	1.2632202000000001

Currently simulating parameters:	False neg:	0.0	Trace efficiency:	0.6200000000000002
Theoretical Reff:	1.285141263380871
Empirical Reff:	1.2609906

Currently simulating parameters:	False neg:	0.0	Trace efficiency:	0.6400000000000002
Theoretical Reff:	1.2825295368755825
Empirical Reff:	1.257402

Currently simulating parameters:	False neg:	0.0	Trace efficiency:	0.6600000000000003
Theoretical Reff:	1.279635905674321
Empirical Reff:	1.2532944000000001

Currently simulating parameters:	False neg:	0.0	Trace efficiency:	0.6800000000000003
Theoretical Reff:	1.2770951666118477
Empirical Reff:	1.249807

Currently simulating parameters:	False neg:	0.0	Trace efficiency:	0.7000000000000003
Theoretical Reff:	1.2740804920995308
Empirical Reff:	1.2456181999999993

Currently simulating parameters:	False neg:	0.0	Trace efficiency:	0.7200000000000003
Theoretical Reff:	1.2708579844664725
Empirical Reff:	1.2405203999999999

Currently simulating parameters:	False neg:	0.0	Trace efficiency:	0.7400000000000003
Theoretical Reff:	1.2686586267348934
Empirical Reff:	1.2386527999999999

Currently simulating parameters:	False neg:	0.0	Trace efficiency:	0.7600000000000003
Theoretical Reff:	1.2654052716806086
Empirical Reff:	1.2363336

Currently simulating parameters:	False neg:	0.0	Trace efficiency:	0.7800000000000004
Theoretical Reff:	1.2627384064519271
Empirical Reff:	1.230882

Currently simulating parameters:	False neg:	0.0	Trace efficiency:	0.8000000000000004
Theoretical Reff:	1.2598528345757587
Empirical Reff:	1.2270215999999998

Currently simulating parameters:	False neg:	0.0	Trace efficiency:	0.8200000000000004
Theoretical Reff:	1.2566098130249275
Empirical Reff:	1.223677

Currently simulating parameters:	False neg:	0.0	Trace efficiency:	0.8400000000000004
Theoretical Reff:	1.2535908018301762
Empirical Reff:	1.2194843999999998

Currently simulating parameters:	False neg:	0.0	Trace efficiency:	0.8600000000000004
Theoretical Reff:	1.250969299420237
Empirical Reff:	1.2149242

Currently simulating parameters:	False neg:	0.0	Trace efficiency:	0.8800000000000004
Theoretical Reff:	1.2477101189949589
Empirical Reff:	1.2112901999999999

Currently simulating parameters:	False neg:	0.0	Trace efficiency:	0.9000000000000005
Theoretical Reff:	1.243557970174531
Empirical Reff:	1.2060874000000004

Currently simulating parameters:	False neg:	0.0	Trace efficiency:	0.9200000000000005
Theoretical Reff:	1.2409298205638588
Empirical Reff:	1.2027896000000002

Currently simulating parameters:	False neg:	0.0	Trace efficiency:	0.9400000000000005
Theoretical Reff:	1.2385027703616638
Empirical Reff:	1.1985930000000002

Currently simulating parameters:	False neg:	0.0	Trace efficiency:	0.9600000000000005
Theoretical Reff:	1.2351819899126455
Empirical Reff:	1.1947164

Currently simulating parameters:	False neg:	0.0	Trace efficiency:	0.9800000000000005
Theoretical Reff:	1.231123939360374
Empirical Reff:	1.1901322000000003

Currently simulating parameters:	False neg:	0.0	Trace efficiency:	1.0000000000000004
Theoretical Reff:	1.2273175767760918
Empirical Reff:	1.1872528000000002

 Total elapsed time:	1492.867688333 seconds.
ERROR: File already exists: code/OutputsHPC/JULIA_TestSensitivity_Istart100_Nexp50_R02.0_WaitBeforeTestTaken1_WaitBeforeTestResult8_Asymptomatics0.3_InfectiousProfileempirical_OffspringDistributiongeometric.txt
Please remove the existing file or change the filename to avoid overwriting data.

Currently simulating parameters:	False neg:	0.0	Trace efficiency:	0.0
Theoretical Reff:	1.360654581786977
Empirical Reff:	1.3618032

Currently simulating parameters:	False neg:	0.0	Trace efficiency:	0.02
Theoretical Reff:	1.359641067645169
Empirical Reff:	1.3575420000000002

Currently simulating parameters:	False neg:	0.0	Trace efficiency:	0.04
Theoretical Reff:	1.359215418342712
Empirical Reff:	1.3564562

Currently simulating parameters:	False neg:	0.0	Trace efficiency:	0.06
Theoretical Reff:	1.357812892836119
Empirical Reff:	1.3541852000000003

Currently simulating parameters:	False neg:	0.0	Trace efficiency:	0.08
Theoretical Reff:	1.3558918979760362
Empirical Reff:	1.3537218000000002

Currently simulating parameters:	False neg:	0.0	Trace efficiency:	0.1
Theoretical Reff:	1.3554073584299187
Empirical Reff:	1.3511262

Currently simulating parameters:	False neg:	0.0	Trace efficiency:	0.12000000000000001
Theoretical Reff:	1.3535393768449047
Empirical Reff:	1.3489530000000005

Currently simulating parameters:	False neg:	0.0	Trace efficiency:	0.14
Theoretical Reff:	1.3534600857800025
Empirical Reff:	1.3468183999999999

Currently simulating parameters:	False neg:	0.0	Trace efficiency:	0.16
Theoretical Reff:	1.3520067027426
Empirical Reff:	1.3451484

Currently simulating parameters:	False neg:	0.0	Trace efficiency:	0.18
Theoretical Reff:	1.3504880347318808
Empirical Reff:	1.3456914

Currently simulating parameters:	False neg:	0.0	Trace efficiency:	0.19999999999999998
Theoretical Reff:	1.3489530041838829
Empirical Reff:	1.3436574

Currently simulating parameters:	False neg:	0.0	Trace efficiency:	0.21999999999999997
Theoretical Reff:	1.3482623722106934
Empirical Reff:	1.3409507999999997

Currently simulating parameters:	False neg:	0.0	Trace efficiency:	0.23999999999999996
Theoretical Reff:	1.3466552028363794
Empirical Reff:	1.3385913999999999

Currently simulating parameters:	False neg:	0.0	Trace efficiency:	0.25999999999999995
Theoretical Reff:	1.3454653582715108
Empirical Reff:	1.3369280000000003

Currently simulating parameters:	False neg:	0.0	Trace efficiency:	0.27999999999999997
Theoretical Reff:	1.3446272851549093
Empirical Reff:	1.3344064000000007

Currently simulating parameters:	False neg:	0.0	Trace efficiency:	0.3
Theoretical Reff:	1.3433359532828548
Empirical Reff:	1.3326996000000002

Currently simulating parameters:	False neg:	0.0	Trace efficiency:	0.32
Theoretical Reff:	1.342046699410676
Empirical Reff:	1.3329550000000001

Currently simulating parameters:	False neg:	0.0	Trace efficiency:	0.34
Theoretical Reff:	1.34085110357102
Empirical Reff:	1.3297611999999999

Currently simulating parameters:	False neg:	0.0	Trace efficiency:	0.36000000000000004
Theoretical Reff:	1.339508823881134
Empirical Reff:	1.3265043999999997

Currently simulating parameters:	False neg:	0.0	Trace efficiency:	0.38000000000000006
Theoretical Reff:	1.3381968994519742
Empirical Reff:	1.3256652

Currently simulating parameters:	False neg:	0.0	Trace efficiency:	0.4000000000000001
Theoretical Reff:	1.3369048070306668
Empirical Reff:	1.3239247999999997

Currently simulating parameters:	False neg:	0.0	Trace efficiency:	0.4200000000000001
Theoretical Reff:	1.3359946533837461
Empirical Reff:	1.3235643999999995

Currently simulating parameters:	False neg:	0.0	Trace efficiency:	0.4400000000000001
Theoretical Reff:	1.3339749417539206
Empirical Reff:	1.3207759999999993

Currently simulating parameters:	False neg:	0.0	Trace efficiency:	0.46000000000000013
Theoretical Reff:	1.3332427988901419
Empirical Reff:	1.319215

Currently simulating parameters:	False neg:	0.0	Trace efficiency:	0.48000000000000015
Theoretical Reff:	1.3322977486856826
Empirical Reff:	1.3146965999999998

Currently simulating parameters:	False neg:	0.0	Trace efficiency:	0.5000000000000001
Theoretical Reff:	1.3308842622447736
Empirical Reff:	1.3127998000000003

Currently simulating parameters:	False neg:	0.0	Trace efficiency:	0.5200000000000001
Theoretical Reff:	1.3288838438963284
Empirical Reff:	1.3112709999999996

Currently simulating parameters:	False neg:	0.0	Trace efficiency:	0.5400000000000001
Theoretical Reff:	1.3276640855047488
Empirical Reff:	1.3107939999999996

Currently simulating parameters:	False neg:	0.0	Trace efficiency:	0.5600000000000002
Theoretical Reff:	1.3265901665195081
Empirical Reff:	1.3076839999999996

Currently simulating parameters:	False neg:	0.0	Trace efficiency:	0.5800000000000002
Theoretical Reff:	1.3253849323493874
Empirical Reff:	1.3075842

Currently simulating parameters:	False neg:	0.0	Trace efficiency:	0.6000000000000002
Theoretical Reff:	1.3248040316830143
Empirical Reff:	1.3030431999999998

Currently simulating parameters:	False neg:	0.0	Trace efficiency:	0.6200000000000002
Theoretical Reff:	1.3231026106244028
Empirical Reff:	1.301983

Currently simulating parameters:	False neg:	0.0	Trace efficiency:	0.6400000000000002
Theoretical Reff:	1.3210671337589348
Empirical Reff:	1.30162

Currently simulating parameters:	False neg:	0.0	Trace efficiency:	0.6600000000000003
Theoretical Reff:	1.3204017263518109
Empirical Reff:	1.2987844000000002

Currently simulating parameters:	False neg:	0.0	Trace efficiency:	0.6800000000000003
Theoretical Reff:	1.3184390477453403
Empirical Reff:	1.2958854

Currently simulating parameters:	False neg:	0.0	Trace efficiency:	0.7000000000000003
Theoretical Reff:	1.3169215285863836
Empirical Reff:	1.2931867999999997

Currently simulating parameters:	False neg:	0.0	Trace efficiency:	0.7200000000000003
Theoretical Reff:	1.3160242181537554
Empirical Reff:	1.2916661999999999

Currently simulating parameters:	False neg:	0.0	Trace efficiency:	0.7400000000000003
Theoretical Reff:	1.314477242277492
Empirical Reff:	1.2910604000000003

Currently simulating parameters:	False neg:	0.0	Trace efficiency:	0.7600000000000003
Theoretical Reff:	1.313635064177531
Empirical Reff:	1.2874109999999999

Currently simulating parameters:	False neg:	0.0	Trace efficiency:	0.7800000000000004
Theoretical Reff:	1.3117765705387883
Empirical Reff:	1.2870106000000001

Currently simulating parameters:	False neg:	0.0	Trace efficiency:	0.8000000000000004
Theoretical Reff:	1.3097454366301278
Empirical Reff:	1.2826526

Currently simulating parameters:	False neg:	0.0	Trace efficiency:	0.8200000000000004
Theoretical Reff:	1.3091730063421358
Empirical Reff:	1.2815151999999999

Currently simulating parameters:	False neg:	0.0	Trace efficiency:	0.8400000000000004
Theoretical Reff:	1.3071074491038466
Empirical Reff:	1.2793451999999996

Currently simulating parameters:	False neg:	0.0	Trace efficiency:	0.8600000000000004
Theoretical Reff:	1.3062085429886374
Empirical Reff:	1.2766383999999997

Currently simulating parameters:	False neg:	0.0	Trace efficiency:	0.8800000000000004
Theoretical Reff:	1.3049074910650598
Empirical Reff:	1.2752658000000001

Currently simulating parameters:	False neg:	0.0	Trace efficiency:	0.9000000000000005
Theoretical Reff:	1.3030066450550666
Empirical Reff:	1.2725240000000002

Currently simulating parameters:	False neg:	0.0	Trace efficiency:	0.9200000000000005
Theoretical Reff:	1.3019525322535066
Empirical Reff:	1.2704901999999998

Currently simulating parameters:	False neg:	0.0	Trace efficiency:	0.9400000000000005
Theoretical Reff:	1.301481830520287
Empirical Reff:	1.2682829999999998

Currently simulating parameters:	False neg:	0.0	Trace efficiency:	0.9600000000000005
Theoretical Reff:	1.2985466544935338
Empirical Reff:	1.2665087999999998

Currently simulating parameters:	False neg:	0.0	Trace efficiency:	0.9800000000000005
Theoretical Reff:	1.2979445328444121
Empirical Reff:	1.2638087999999998

Currently simulating parameters:	False neg:	0.0	Trace efficiency:	1.0000000000000004
Theoretical Reff:	1.2950328928821557
Empirical Reff:	1.2608948

 Total elapsed time:	1490.268869312 seconds.
