
Currently simulating parameters:	False neg:	0.0	Trace efficiency:	0.0
Theoretical Reff:	1.3613916670504447
Empirical Reff:	1.3604512

Currently simulating parameters:	False neg:	0.0	Trace efficiency:	0.02
Theoretical Reff:	1.3598693379147884
Empirical Reff:	1.3586962000000002

Currently simulating parameters:	False neg:	0.0	Trace efficiency:	0.04
Theoretical Reff:	1.3591680950256786
Empirical Reff:	1.3578312

Currently simulating parameters:	False neg:	0.0	Trace efficiency:	0.06
Theoretical Reff:	1.3584222636831556
Empirical Reff:	1.3571044000000003

Currently simulating parameters:	False neg:	0.0	Trace efficiency:	0.08
Theoretical Reff:	1.357541162429487
Empirical Reff:	1.3562848

Currently simulating parameters:	False neg:	0.0	Trace efficiency:	0.1
Theoretical Reff:	1.3571828580803338
Empirical Reff:	1.3541709999999998

Currently simulating parameters:	False neg:	0.0	Trace efficiency:	0.12000000000000001
Theoretical Reff:	1.356314350031714
Empirical Reff:	1.3528194

Currently simulating parameters:	False neg:	0.0	Trace efficiency:	0.14
Theoretical Reff:	1.3551055967367336
Empirical Reff:	1.3516135999999996

Currently simulating parameters:	False neg:	0.0	Trace efficiency:	0.16
Theoretical Reff:	1.354706820779919
Empirical Reff:	1.3494754

Currently simulating parameters:	False neg:	0.0	Trace efficiency:	0.18
Theoretical Reff:	1.3532811106770393
Empirical Reff:	1.3486420000000001

Currently simulating parameters:	False neg:	0.0	Trace efficiency:	0.19999999999999998
Theoretical Reff:	1.3530897968092463
Empirical Reff:	1.346832

Currently simulating parameters:	False neg:	0.0	Trace efficiency:	0.21999999999999997
Theoretical Reff:	1.352120927300256
Empirical Reff:	1.3444044000000002

Currently simulating parameters:	False neg:	0.0	Trace efficiency:	0.23999999999999996
Theoretical Reff:	1.3509541265096612
Empirical Reff:	1.3446628000000005

Currently simulating parameters:	False neg:	0.0	Trace efficiency:	0.25999999999999995
Theoretical Reff:	1.35054861853776
Empirical Reff:	1.34202

Currently simulating parameters:	False neg:	0.0	Trace efficiency:	0.27999999999999997
Theoretical Reff:	1.3495690071610082
Empirical Reff:	1.3417417999999999

Currently simulating parameters:	False neg:	0.0	Trace efficiency:	0.3
Theoretical Reff:	1.349323695951236
Empirical Reff:	1.3406814

Currently simulating parameters:	False neg:	0.0	Trace efficiency:	0.32
Theoretical Reff:	1.3477041298602308
Empirical Reff:	1.3380775999999996

Currently simulating parameters:	False neg:	0.0	Trace efficiency:	0.34
Theoretical Reff:	1.3471926730058623
Empirical Reff:	1.3375006000000003

Currently simulating parameters:	False neg:	0.0	Trace efficiency:	0.36000000000000004
Theoretical Reff:	1.3463604990724507
Empirical Reff:	1.3359816

Currently simulating parameters:	False neg:	0.0	Trace efficiency:	0.38000000000000006
Theoretical Reff:	1.3454316956825372
Empirical Reff:	1.3335853999999998

Currently simulating parameters:	False neg:	0.0	Trace efficiency:	0.4000000000000001
Theoretical Reff:	1.3440723742484575
Empirical Reff:	1.3345339999999999

Currently simulating parameters:	False neg:	0.0	Trace efficiency:	0.4200000000000001
Theoretical Reff:	1.343557582045868
Empirical Reff:	1.3307726000000002

Currently simulating parameters:	False neg:	0.0	Trace efficiency:	0.4400000000000001
Theoretical Reff:	1.3433189624039312
Empirical Reff:	1.3307873999999997

Currently simulating parameters:	False neg:	0.0	Trace efficiency:	0.46000000000000013
Theoretical Reff:	1.3417870181360854
Empirical Reff:	1.3277046

Currently simulating parameters:	False neg:	0.0	Trace efficiency:	0.48000000000000015
Theoretical Reff:	1.3413039601794587
Empirical Reff:	1.3262720000000001

Currently simulating parameters:	False neg:	0.0	Trace efficiency:	0.5000000000000001
Theoretical Reff:	1.3409409543727457
Empirical Reff:	1.3252216

Currently simulating parameters:	False neg:	0.0	Trace efficiency:	0.5200000000000001
Theoretical Reff:	1.339771663919487
Empirical Reff:	1.3236364

Currently simulating parameters:	False neg:	0.0	Trace efficiency:	0.5400000000000001
Theoretical Reff:	1.338152969961132
Empirical Reff:	1.3216939999999997

Currently simulating parameters:	False neg:	0.0	Trace efficiency:	0.5600000000000002
Theoretical Reff:	1.3377639655179672
Empirical Reff:	1.320397

Currently simulating parameters:	False neg:	0.0	Trace efficiency:	0.5800000000000002
Theoretical Reff:	1.3370310205414078
Empirical Reff:	1.3193854000000003

Currently simulating parameters:	False neg:	0.0	Trace efficiency:	0.6000000000000002
Theoretical Reff:	1.3365056848509578
Empirical Reff:	1.3178966

Currently simulating parameters:	False neg:	0.0	Trace efficiency:	0.6200000000000002
Theoretical Reff:	1.3353608699236021
Empirical Reff:	1.3163973999999998

Currently simulating parameters:	False neg:	0.0	Trace efficiency:	0.6400000000000002
Theoretical Reff:	1.333639958267763
Empirical Reff:	1.3138559999999995

Currently simulating parameters:	False neg:	0.0	Trace efficiency:	0.6600000000000003
Theoretical Reff:	1.3332686795772528
Empirical Reff:	1.3142181999999998

Currently simulating parameters:	False neg:	0.0	Trace efficiency:	0.6800000000000003
Theoretical Reff:	1.3318900676312706
Empirical Reff:	1.3118798

Currently simulating parameters:	False neg:	0.0	Trace efficiency:	0.7000000000000003
Theoretical Reff:	1.331104737055061
Empirical Reff:	1.3095170000000003

Currently simulating parameters:	False neg:	0.0	Trace efficiency:	0.7200000000000003
Theoretical Reff:	1.3300581650344974
Empirical Reff:	1.3088588

Currently simulating parameters:	False neg:	0.0	Trace efficiency:	0.7400000000000003
Theoretical Reff:	1.329265869559546
Empirical Reff:	1.3065231999999998

Currently simulating parameters:	False neg:	0.0	Trace efficiency:	0.7600000000000003
Theoretical Reff:	1.3286199587703782
Empirical Reff:	1.3051200000000003

Currently simulating parameters:	False neg:	0.0	Trace efficiency:	0.7800000000000004
Theoretical Reff:	1.3276745027096521
Empirical Reff:	1.3039220000000002

Currently simulating parameters:	False neg:	0.0	Trace efficiency:	0.8000000000000004
Theoretical Reff:	1.3262722853430835
Empirical Reff:	1.3015532000000005

Currently simulating parameters:	False neg:	0.0	Trace efficiency:	0.8200000000000004
Theoretical Reff:	1.3253011772553502
Empirical Reff:	1.3012738

Currently simulating parameters:	False neg:	0.0	Trace efficiency:	0.8400000000000004
Theoretical Reff:	1.3243596151238595
Empirical Reff:	1.2992094

Currently simulating parameters:	False neg:	0.0	Trace efficiency:	0.8600000000000004
Theoretical Reff:	1.3243152716551374
Empirical Reff:	1.2968964000000003

Currently simulating parameters:	False neg:	0.0	Trace efficiency:	0.8800000000000004
Theoretical Reff:	1.3225555049208353
Empirical Reff:	1.296131

Currently simulating parameters:	False neg:	0.0	Trace efficiency:	0.9000000000000005
Theoretical Reff:	1.321692029373203
Empirical Reff:	1.2947147999999995

Currently simulating parameters:	False neg:	0.0	Trace efficiency:	0.9200000000000005
Theoretical Reff:	1.319779852707519
Empirical Reff:	1.2920000000000005

Currently simulating parameters:	False neg:	0.0	Trace efficiency:	0.9400000000000005
Theoretical Reff:	1.3196482201017181
Empirical Reff:	1.2914664000000002

Currently simulating parameters:	False neg:	0.0	Trace efficiency:	0.9600000000000005
Theoretical Reff:	1.3182412997078816
Empirical Reff:	1.2891153999999998

Currently simulating parameters:	False neg:	0.0	Trace efficiency:	0.9800000000000005
Theoretical Reff:	1.3179736881184896
Empirical Reff:	1.2887926

Currently simulating parameters:	False neg:	0.0	Trace efficiency:	1.0000000000000004
Theoretical Reff:	1.3163023989428901
Empirical Reff:	1.2866829999999998

 Total elapsed time:	1742.079935289 seconds.

Currently simulating parameters:	False neg:	0.0	Trace efficiency:	0.0
Theoretical Reff:	1.3609714661501269
Empirical Reff:	1.3609498

Currently simulating parameters:	False neg:	0.0	Trace efficiency:	0.02
Theoretical Reff:	1.3604782371615187
Empirical Reff:	1.3593065999999998

Currently simulating parameters:	False neg:	0.0	Trace efficiency:	0.04
Theoretical Reff:	1.3593779272285667
Empirical Reff:	1.3590575999999999

Currently simulating parameters:	False neg:	0.0	Trace efficiency:	0.06
Theoretical Reff:	1.3589696408096734
Empirical Reff:	1.3585211999999998

Currently simulating parameters:	False neg:	0.0	Trace efficiency:	0.08
Theoretical Reff:	1.3591261540960684
Empirical Reff:	1.3566340000000003

Currently simulating parameters:	False neg:	0.0	Trace efficiency:	0.1
Theoretical Reff:	1.3579073582609564
Empirical Reff:	1.3544938000000004

Currently simulating parameters:	False neg:	0.0	Trace efficiency:	0.12000000000000001
Theoretical Reff:	1.3573540350052653
Empirical Reff:	1.3540402000000002

Currently simulating parameters:	False neg:	0.0	Trace efficiency:	0.14
Theoretical Reff:	1.3568064266619353
Empirical Reff:	1.3533892000000003

Currently simulating parameters:	False neg:	0.0	Trace efficiency:	0.16
Theoretical Reff:	1.3559329809636336
Empirical Reff:	1.3529569999999997

Currently simulating parameters:	False neg:	0.0	Trace efficiency:	0.18
Theoretical Reff:	1.356024823539903
Empirical Reff:	1.3500452000000005

Currently simulating parameters:	False neg:	0.0	Trace efficiency:	0.19999999999999998
Theoretical Reff:	1.3555301074369788
Empirical Reff:	1.3500676000000005

Currently simulating parameters:	False neg:	0.0	Trace efficiency:	0.21999999999999997
Theoretical Reff:	1.3549161119224014
Empirical Reff:	1.3484796000000001

Currently simulating parameters:	False neg:	0.0	Trace efficiency:	0.23999999999999996
Theoretical Reff:	1.3539691597211476
Empirical Reff:	1.3475991999999997

Currently simulating parameters:	False neg:	0.0	Trace efficiency:	0.25999999999999995
Theoretical Reff:	1.3538933991503683
Empirical Reff:	1.3480056000000002

Currently simulating parameters:	False neg:	0.0	Trace efficiency:	0.27999999999999997
Theoretical Reff:	1.352795566282711
Empirical Reff:	1.3471010000000003

Currently simulating parameters:	False neg:	0.0	Trace efficiency:	0.3
Theoretical Reff:	1.3528278224159553
Empirical Reff:	1.3456153999999998

Currently simulating parameters:	False neg:	0.0	Trace efficiency:	0.32
Theoretical Reff:	1.352238088481573
Empirical Reff:	1.3425370000000003

Currently simulating parameters:	False neg:	0.0	Trace efficiency:	0.34
Theoretical Reff:	1.351457360284944
Empirical Reff:	1.3433254000000003

Currently simulating parameters:	False neg:	0.0	Trace efficiency:	0.36000000000000004
Theoretical Reff:	1.3499952231374985
Empirical Reff:	1.3417915999999999

Currently simulating parameters:	False neg:	0.0	Trace efficiency:	0.38000000000000006
Theoretical Reff:	1.349695929200912
Empirical Reff:	1.3402800000000001

Currently simulating parameters:	False neg:	0.0	Trace efficiency:	0.4000000000000001
Theoretical Reff:	1.3500369824940566
Empirical Reff:	1.3399837999999997

Currently simulating parameters:	False neg:	0.0	Trace efficiency:	0.4200000000000001
Theoretical Reff:	1.3482758922724725
Empirical Reff:	1.3377610000000002

Currently simulating parameters:	False neg:	0.0	Trace efficiency:	0.4400000000000001
Theoretical Reff:	1.348152620256257
Empirical Reff:	1.3380012

Currently simulating parameters:	False neg:	0.0	Trace efficiency:	0.46000000000000013
Theoretical Reff:	1.3478351974512885
Empirical Reff:	1.3360669999999997

Currently simulating parameters:	False neg:	0.0	Trace efficiency:	0.48000000000000015
Theoretical Reff:	1.3474517414356406
Empirical Reff:	1.3352452

Currently simulating parameters:	False neg:	0.0	Trace efficiency:	0.5000000000000001
Theoretical Reff:	1.3463995629530026
Empirical Reff:	1.3331914000000007

Currently simulating parameters:	False neg:	0.0	Trace efficiency:	0.5200000000000001
Theoretical Reff:	1.3457684879540113
Empirical Reff:	1.3329545999999999

Currently simulating parameters:	False neg:	0.0	Trace efficiency:	0.5400000000000001
Theoretical Reff:	1.3449666940025682
Empirical Reff:	1.3318858

Currently simulating parameters:	False neg:	0.0	Trace efficiency:	0.5600000000000002
Theoretical Reff:	1.3443483928920967
Empirical Reff:	1.3302576

Currently simulating parameters:	False neg:	0.0	Trace efficiency:	0.5800000000000002
Theoretical Reff:	1.3440028084714088
Empirical Reff:	1.3281836

Currently simulating parameters:	False neg:	0.0	Trace efficiency:	0.6000000000000002
Theoretical Reff:	1.343016613712516
Empirical Reff:	1.3290639999999998

Currently simulating parameters:	False neg:	0.0	Trace efficiency:	0.6200000000000002
Theoretical Reff:	1.342812098470783
Empirical Reff:	1.3275897999999997

Currently simulating parameters:	False neg:	0.0	Trace efficiency:	0.6400000000000002
Theoretical Reff:	1.3415018058659578
Empirical Reff:	1.3261091999999999

Currently simulating parameters:	False neg:	0.0	Trace efficiency:	0.6600000000000003
Theoretical Reff:	1.34135519661975
Empirical Reff:	1.3253092000000002

Currently simulating parameters:	False neg:	0.0	Trace efficiency:	0.6800000000000003
Theoretical Reff:	1.340992724980508
Empirical Reff:	1.3230412

Currently simulating parameters:	False neg:	0.0	Trace efficiency:	0.7000000000000003
Theoretical Reff:	1.339971050893283
Empirical Reff:	1.3222040000000002

Currently simulating parameters:	False neg:	0.0	Trace efficiency:	0.7200000000000003
Theoretical Reff:	1.3389589599526666
Empirical Reff:	1.3222984

Currently simulating parameters:	False neg:	0.0	Trace efficiency:	0.7400000000000003
Theoretical Reff:	1.3391965463108548
Empirical Reff:	1.3194188

Currently simulating parameters:	False neg:	0.0	Trace efficiency:	0.7600000000000003
Theoretical Reff:	1.3383505535326938
Empirical Reff:	1.3200066000000001

Currently simulating parameters:	False neg:	0.0	Trace efficiency:	0.7800000000000004
Theoretical Reff:	1.3373163398974748
Empirical Reff:	1.3191556

Currently simulating parameters:	False neg:	0.0	Trace efficiency:	0.8000000000000004
Theoretical Reff:	1.3369821691587536
Empirical Reff:	1.3171675999999999

Currently simulating parameters:	False neg:	0.0	Trace efficiency:	0.8200000000000004
Theoretical Reff:	1.3361843898246715
Empirical Reff:	1.3145784000000003

Currently simulating parameters:	False neg:	0.0	Trace efficiency:	0.8400000000000004
Theoretical Reff:	1.3356656247873506
Empirical Reff:	1.3156162

Currently simulating parameters:	False neg:	0.0	Trace efficiency:	0.8600000000000004
Theoretical Reff:	1.3347173948761355
Empirical Reff:	1.3131951999999998

Currently simulating parameters:	False neg:	0.0	Trace efficiency:	0.8800000000000004
Theoretical Reff:	1.334424781256144
Empirical Reff:	1.3104634000000002

Currently simulating parameters:	False neg:	0.0	Trace efficiency:	0.9000000000000005
Theoretical Reff:	1.3331910223871302
Empirical Reff:	1.3101102000000007

Currently simulating parameters:	False neg:	0.0	Trace efficiency:	0.9200000000000005
Theoretical Reff:	1.3323325755091304
Empirical Reff:	1.3099766

Currently simulating parameters:	False neg:	0.0	Trace efficiency:	0.9400000000000005
Theoretical Reff:	1.332882974753019
Empirical Reff:	1.3089737999999997

Currently simulating parameters:	False neg:	0.0	Trace efficiency:	0.9600000000000005
Theoretical Reff:	1.3316767862079277
Empirical Reff:	1.3079993999999997

Currently simulating parameters:	False neg:	0.0	Trace efficiency:	0.9800000000000005
Theoretical Reff:	1.3302912076747049
Empirical Reff:	1.3067655999999999

Currently simulating parameters:	False neg:	0.0	Trace efficiency:	1.0000000000000004
Theoretical Reff:	1.3297143983667583
Empirical Reff:	1.3051187999999998

 Total elapsed time:	1739.974809008 seconds.

Currently simulating parameters:	False neg:	0.0	Trace efficiency:	0.0
Theoretical Reff:	1.3614865005824528
Empirical Reff:	1.3612583999999999

Currently simulating parameters:	False neg:	0.0	Trace efficiency:	0.02
Theoretical Reff:	1.3601499561654058
Empirical Reff:	1.3599168

Currently simulating parameters:	False neg:	0.0	Trace efficiency:	0.04
Theoretical Reff:	1.359862065752695
Empirical Reff:	1.3583508

Currently simulating parameters:	False neg:	0.0	Trace efficiency:	0.06
Theoretical Reff:	1.359844774271561
Empirical Reff:	1.3593767999999995

Currently simulating parameters:	False neg:	0.0	Trace efficiency:	0.08
Theoretical Reff:	1.3601157014913157
Empirical Reff:	1.3578121999999997

Currently simulating parameters:	False neg:	0.0	Trace efficiency:	0.1
Theoretical Reff:	1.3586524620946412
Empirical Reff:	1.3573417999999995

Currently simulating parameters:	False neg:	0.0	Trace efficiency:	0.12000000000000001
Theoretical Reff:	1.3589215594910564
Empirical Reff:	1.3552206

Currently simulating parameters:	False neg:	0.0	Trace efficiency:	0.14
Theoretical Reff:	1.3582478998550305
Empirical Reff:	1.3541302

Currently simulating parameters:	False neg:	0.0	Trace efficiency:	0.16
Theoretical Reff:	1.3585608484353686
Empirical Reff:	1.3534894000000006

Currently simulating parameters:	False neg:	0.0	Trace efficiency:	0.18
Theoretical Reff:	1.3570584091161866
Empirical Reff:	1.3526801999999998

Currently simulating parameters:	False neg:	0.0	Trace efficiency:	0.19999999999999998
Theoretical Reff:	1.3576094846483115
Empirical Reff:	1.3531816

Currently simulating parameters:	False neg:	0.0	Trace efficiency:	0.21999999999999997
Theoretical Reff:	1.3563569872911547
Empirical Reff:	1.3523347999999995

Currently simulating parameters:	False neg:	0.0	Trace efficiency:	0.23999999999999996
Theoretical Reff:	1.3563017030149627
Empirical Reff:	1.3516102

Currently simulating parameters:	False neg:	0.0	Trace efficiency:	0.25999999999999995
Theoretical Reff:	1.3556315481558558
Empirical Reff:	1.3507444000000002

Currently simulating parameters:	False neg:	0.0	Trace efficiency:	0.27999999999999997
Theoretical Reff:	1.3559964862077616
Empirical Reff:	1.3503555999999994

Currently simulating parameters:	False neg:	0.0	Trace efficiency:	0.3
Theoretical Reff:	1.3556603784930914
Empirical Reff:	1.3482188000000002

Currently simulating parameters:	False neg:	0.0	Trace efficiency:	0.32
Theoretical Reff:	1.3549746007517525
Empirical Reff:	1.3471122

Currently simulating parameters:	False neg:	0.0	Trace efficiency:	0.34
Theoretical Reff:	1.3545236435339354
Empirical Reff:	1.3473427999999998

Currently simulating parameters:	False neg:	0.0	Trace efficiency:	0.36000000000000004
Theoretical Reff:	1.3542783056535053
Empirical Reff:	1.3472254000000004

Currently simulating parameters:	False neg:	0.0	Trace efficiency:	0.38000000000000006
Theoretical Reff:	1.3541424140867286
Empirical Reff:	1.3452362000000004

Currently simulating parameters:	False neg:	0.0	Trace efficiency:	0.4000000000000001
Theoretical Reff:	1.3539260138473017
Empirical Reff:	1.3451182000000004

Currently simulating parameters:	False neg:	0.0	Trace efficiency:	0.4200000000000001
Theoretical Reff:	1.3535440392919518
Empirical Reff:	1.3433396

Currently simulating parameters:	False neg:	0.0	Trace efficiency:	0.4400000000000001
Theoretical Reff:	1.352496270906181
Empirical Reff:	1.3429433999999998

Currently simulating parameters:	False neg:	0.0	Trace efficiency:	0.46000000000000013
Theoretical Reff:	1.3520348331286214
Empirical Reff:	1.3428204

Currently simulating parameters:	False neg:	0.0	Trace efficiency:	0.48000000000000015
Theoretical Reff:	1.3516668931180074
Empirical Reff:	1.341375

Currently simulating parameters:	False neg:	0.0	Trace efficiency:	0.5000000000000001
Theoretical Reff:	1.3523293493365307
Empirical Reff:	1.3392358

Currently simulating parameters:	False neg:	0.0	Trace efficiency:	0.5200000000000001
Theoretical Reff:	1.3508815634999962
Empirical Reff:	1.3397564

Currently simulating parameters:	False neg:	0.0	Trace efficiency:	0.5400000000000001
Theoretical Reff:	1.3507327450321356
Empirical Reff:	1.3396525999999997

Currently simulating parameters:	False neg:	0.0	Trace efficiency:	0.5600000000000002
Theoretical Reff:	1.3498339089848457
Empirical Reff:	1.3379465999999995

Currently simulating parameters:	False neg:	0.0	Trace efficiency:	0.5800000000000002
Theoretical Reff:	1.3496031214658053
Empirical Reff:	1.3373559999999998

Currently simulating parameters:	False neg:	0.0	Trace efficiency:	0.6000000000000002
Theoretical Reff:	1.3493105200617337
Empirical Reff:	1.3354619999999997

Currently simulating parameters:	False neg:	0.0	Trace efficiency:	0.6200000000000002
Theoretical Reff:	1.3493145945602596
Empirical Reff:	1.3358723999999995

Currently simulating parameters:	False neg:	0.0	Trace efficiency:	0.6400000000000002
Theoretical Reff:	1.3486331645840726
Empirical Reff:	1.3342193999999998

Currently simulating parameters:	False neg:	0.0	Trace efficiency:	0.6600000000000003
Theoretical Reff:	1.3483861527378853
Empirical Reff:	1.3333888000000003

Currently simulating parameters:	False neg:	0.0	Trace efficiency:	0.6800000000000003
Theoretical Reff:	1.3483595771890289
Empirical Reff:	1.3330616000000004

Currently simulating parameters:	False neg:	0.0	Trace efficiency:	0.7000000000000003
Theoretical Reff:	1.3473371336649411
Empirical Reff:	1.3322737999999998

Currently simulating parameters:	False neg:	0.0	Trace efficiency:	0.7200000000000003
Theoretical Reff:	1.3467636733251616
Empirical Reff:	1.3321232

Currently simulating parameters:	False neg:	0.0	Trace efficiency:	0.7400000000000003
Theoretical Reff:	1.3461204342278608
Empirical Reff:	1.3303220000000002

Currently simulating parameters:	False neg:	0.0	Trace efficiency:	0.7600000000000003
Theoretical Reff:	1.3458356825800961
Empirical Reff:	1.3292092000000002

Currently simulating parameters:	False neg:	0.0	Trace efficiency:	0.7800000000000004
Theoretical Reff:	1.3457378914291453
Empirical Reff:	1.3279162

Currently simulating parameters:	False neg:	0.0	Trace efficiency:	0.8000000000000004
Theoretical Reff:	1.3456114655003293
Empirical Reff:	1.3265189999999998

Currently simulating parameters:	False neg:	0.0	Trace efficiency:	0.8200000000000004
Theoretical Reff:	1.3447331351121556
Empirical Reff:	1.3256354

Currently simulating parameters:	False neg:	0.0	Trace efficiency:	0.8400000000000004
Theoretical Reff:	1.344317000223232
Empirical Reff:	1.3258338000000003

Currently simulating parameters:	False neg:	0.0	Trace efficiency:	0.8600000000000004
Theoretical Reff:	1.344218519622977
Empirical Reff:	1.3256384000000003

Currently simulating parameters:	False neg:	0.0	Trace efficiency:	0.8800000000000004
Theoretical Reff:	1.3434851065619466
Empirical Reff:	1.324905

Currently simulating parameters:	False neg:	0.0	Trace efficiency:	0.9000000000000005
Theoretical Reff:	1.3428810370334674
Empirical Reff:	1.3217425999999997

Currently simulating parameters:	False neg:	0.0	Trace efficiency:	0.9200000000000005
Theoretical Reff:	1.3429451288393597
Empirical Reff:	1.3224033999999998

Currently simulating parameters:	False neg:	0.0	Trace efficiency:	0.9400000000000005
Theoretical Reff:	1.3428317649030812
Empirical Reff:	1.3222898

Currently simulating parameters:	False neg:	0.0	Trace efficiency:	0.9600000000000005
Theoretical Reff:	1.3414666814808838
Empirical Reff:	1.3203867999999996

Currently simulating parameters:	False neg:	0.0	Trace efficiency:	0.9800000000000005
Theoretical Reff:	1.3416708098085646
Empirical Reff:	1.3198204000000002

Currently simulating parameters:	False neg:	0.0	Trace efficiency:	1.0000000000000004
Theoretical Reff:	1.3409454638388196
Empirical Reff:	1.3189589999999998

 Total elapsed time:	1722.980082037 seconds.

Currently simulating parameters:	False neg:	0.0	Trace efficiency:	0.0
Theoretical Reff:	1.361352129916666
Empirical Reff:	1.3614721999999997

Currently simulating parameters:	False neg:	0.0	Trace efficiency:	0.02
Theoretical Reff:	1.360556353963009
Empirical Reff:	1.3610026

Currently simulating parameters:	False neg:	0.0	Trace efficiency:	0.04
Theoretical Reff:	1.3607717553774872
Empirical Reff:	1.3598256

Currently simulating parameters:	False neg:	0.0	Trace efficiency:	0.06
Theoretical Reff:	1.360581583933032
Empirical Reff:	1.3590165999999997

Currently simulating parameters:	False neg:	0.0	Trace efficiency:	0.08
Theoretical Reff:	1.359762425418873
Empirical Reff:	1.3578273999999997

Currently simulating parameters:	False neg:	0.0	Trace efficiency:	0.1
Theoretical Reff:	1.3602217455451717
Empirical Reff:	1.3565018

Currently simulating parameters:	False neg:	0.0	Trace efficiency:	0.12000000000000001
Theoretical Reff:	1.3596397589945302
Empirical Reff:	1.3565894

Currently simulating parameters:	False neg:	0.0	Trace efficiency:	0.14
Theoretical Reff:	1.3587292775413995
Empirical Reff:	1.3572728000000003

Currently simulating parameters:	False neg:	0.0	Trace efficiency:	0.16
Theoretical Reff:	1.3592479373762132
Empirical Reff:	1.3558878

Currently simulating parameters:	False neg:	0.0	Trace efficiency:	0.18
Theoretical Reff:	1.3582231224593686
Empirical Reff:	1.3561142000000002

Currently simulating parameters:	False neg:	0.0	Trace efficiency:	0.19999999999999998
Theoretical Reff:	1.3582156761580904
Empirical Reff:	1.3548915999999998

Currently simulating parameters:	False neg:	0.0	Trace efficiency:	0.21999999999999997
Theoretical Reff:	1.3582306597183862
Empirical Reff:	1.3542229999999997

Currently simulating parameters:	False neg:	0.0	Trace efficiency:	0.23999999999999996
Theoretical Reff:	1.3575891732945273
Empirical Reff:	1.3544436

Currently simulating parameters:	False neg:	0.0	Trace efficiency:	0.25999999999999995
Theoretical Reff:	1.3568024223453252
Empirical Reff:	1.3523538000000002

Currently simulating parameters:	False neg:	0.0	Trace efficiency:	0.27999999999999997
Theoretical Reff:	1.3574273167642423
Empirical Reff:	1.3516318

Currently simulating parameters:	False neg:	0.0	Trace efficiency:	0.3
Theoretical Reff:	1.3568754375488592
Empirical Reff:	1.3530567999999996

Currently simulating parameters:	False neg:	0.0	Trace efficiency:	0.32
Theoretical Reff:	1.3567714299244702
Empirical Reff:	1.3510748

Currently simulating parameters:	False neg:	0.0	Trace efficiency:	0.34
Theoretical Reff:	1.3572793674114292
Empirical Reff:	1.3503113999999998

Currently simulating parameters:	False neg:	0.0	Trace efficiency:	0.36000000000000004
Theoretical Reff:	1.3560746733194522
Empirical Reff:	1.3497725999999994

Currently simulating parameters:	False neg:	0.0	Trace efficiency:	0.38000000000000006
Theoretical Reff:	1.3560578082020422
Empirical Reff:	1.3489650000000004

Currently simulating parameters:	False neg:	0.0	Trace efficiency:	0.4000000000000001
Theoretical Reff:	1.3557590179794852
Empirical Reff:	1.3481588

Currently simulating parameters:	False neg:	0.0	Trace efficiency:	0.4200000000000001
Theoretical Reff:	1.3552117879687098
Empirical Reff:	1.3473763999999997

Currently simulating parameters:	False neg:	0.0	Trace efficiency:	0.4400000000000001
Theoretical Reff:	1.3553575777940943
Empirical Reff:	1.3461612

Currently simulating parameters:	False neg:	0.0	Trace efficiency:	0.46000000000000013
Theoretical Reff:	1.3548056445418795
Empirical Reff:	1.3473408

Currently simulating parameters:	False neg:	0.0	Trace efficiency:	0.48000000000000015
Theoretical Reff:	1.3542679497836558
Empirical Reff:	1.3464572

Currently simulating parameters:	False neg:	0.0	Trace efficiency:	0.5000000000000001
Theoretical Reff:	1.3550437805080187
Empirical Reff:	1.3441746

Currently simulating parameters:	False neg:	0.0	Trace efficiency:	0.5200000000000001
Theoretical Reff:	1.3540917832827368
Empirical Reff:	1.3443456

Currently simulating parameters:	False neg:	0.0	Trace efficiency:	0.5400000000000001
Theoretical Reff:	1.353598988357581
Empirical Reff:	1.3444364

Currently simulating parameters:	False neg:	0.0	Trace efficiency:	0.5600000000000002
Theoretical Reff:	1.3532457520126613
Empirical Reff:	1.3440084

Currently simulating parameters:	False neg:	0.0	Trace efficiency:	0.5800000000000002
Theoretical Reff:	1.3534864858731597
Empirical Reff:	1.3434222

Currently simulating parameters:	False neg:	0.0	Trace efficiency:	0.6000000000000002
Theoretical Reff:	1.3531759796686265
Empirical Reff:	1.3416400000000002

Currently simulating parameters:	False neg:	0.0	Trace efficiency:	0.6200000000000002
Theoretical Reff:	1.3520659964076096
Empirical Reff:	1.3416518

Currently simulating parameters:	False neg:	0.0	Trace efficiency:	0.6400000000000002
Theoretical Reff:	1.3524286893403283
Empirical Reff:	1.3403365999999999

Currently simulating parameters:	False neg:	0.0	Trace efficiency:	0.6600000000000003
Theoretical Reff:	1.3519888299717457
Empirical Reff:	1.3409980000000001

Currently simulating parameters:	False neg:	0.0	Trace efficiency:	0.6800000000000003
Theoretical Reff:	1.3517661338544216
Empirical Reff:	1.3400514000000001

Currently simulating parameters:	False neg:	0.0	Trace efficiency:	0.7000000000000003
Theoretical Reff:	1.3513844749258825
Empirical Reff:	1.3395219999999997

Currently simulating parameters:	False neg:	0.0	Trace efficiency:	0.7200000000000003
Theoretical Reff:	1.3518520996277774
Empirical Reff:	1.3384352000000002

Currently simulating parameters:	False neg:	0.0	Trace efficiency:	0.7400000000000003
Theoretical Reff:	1.3508905409627618
Empirical Reff:	1.3378615999999997

Currently simulating parameters:	False neg:	0.0	Trace efficiency:	0.7600000000000003
Theoretical Reff:	1.3510663676999646
Empirical Reff:	1.3377836000000003

Currently simulating parameters:	False neg:	0.0	Trace efficiency:	0.7800000000000004
Theoretical Reff:	1.3508457560793201
Empirical Reff:	1.3361255999999995

Currently simulating parameters:	False neg:	0.0	Trace efficiency:	0.8000000000000004
Theoretical Reff:	1.3499009806450621
Empirical Reff:	1.3357750000000004

Currently simulating parameters:	False neg:	0.0	Trace efficiency:	0.8200000000000004
Theoretical Reff:	1.3501630854592361
Empirical Reff:	1.3343588

Currently simulating parameters:	False neg:	0.0	Trace efficiency:	0.8400000000000004
Theoretical Reff:	1.349560565356451
Empirical Reff:	1.3331801999999997

Currently simulating parameters:	False neg:	0.0	Trace efficiency:	0.8600000000000004
Theoretical Reff:	1.349164662418334
Empirical Reff:	1.3336614

Currently simulating parameters:	False neg:	0.0	Trace efficiency:	0.8800000000000004
Theoretical Reff:	1.3493524990842052
Empirical Reff:	1.3322228

Currently simulating parameters:	False neg:	0.0	Trace efficiency:	0.9000000000000005
Theoretical Reff:	1.3492448326420217
Empirical Reff:	1.3322546

Currently simulating parameters:	False neg:	0.0	Trace efficiency:	0.9200000000000005
Theoretical Reff:	1.3487662543242709
Empirical Reff:	1.3320755999999998

Currently simulating parameters:	False neg:	0.0	Trace efficiency:	0.9400000000000005
Theoretical Reff:	1.3486313556669034
Empirical Reff:	1.3311028000000003

Currently simulating parameters:	False neg:	0.0	Trace efficiency:	0.9600000000000005
Theoretical Reff:	1.3484588935620412
Empirical Reff:	1.3305016

Currently simulating parameters:	False neg:	0.0	Trace efficiency:	0.9800000000000005
Theoretical Reff:	1.347515111414265
Empirical Reff:	1.3301194

Currently simulating parameters:	False neg:	0.0	Trace efficiency:	1.0000000000000004
Theoretical Reff:	1.347253150202976
Empirical Reff:	1.3287556

 Total elapsed time:	1717.776900518 seconds.

Currently simulating parameters:	False neg:	0.0	Trace efficiency:	0.0
Theoretical Reff:	1.360819415974169
Empirical Reff:	1.3606804

Currently simulating parameters:	False neg:	0.0	Trace efficiency:	0.02
Theoretical Reff:	1.3607590900095048
Empirical Reff:	1.3615534000000002

Currently simulating parameters:	False neg:	0.0	Trace efficiency:	0.04
Theoretical Reff:	1.3608496562437078
Empirical Reff:	1.3605130000000003

Currently simulating parameters:	False neg:	0.0	Trace efficiency:	0.06
Theoretical Reff:	1.3597824493528483
Empirical Reff:	1.3602467999999999

Currently simulating parameters:	False neg:	0.0	Trace efficiency:	0.08
Theoretical Reff:	1.3598350374409003
Empirical Reff:	1.3588614000000003

Currently simulating parameters:	False neg:	0.0	Trace efficiency:	0.1
Theoretical Reff:	1.3606151471816972
Empirical Reff:	1.3585928

Currently simulating parameters:	False neg:	0.0	Trace efficiency:	0.12000000000000001
Theoretical Reff:	1.3592973123301053
Empirical Reff:	1.3582691999999996

Currently simulating parameters:	False neg:	0.0	Trace efficiency:	0.14
Theoretical Reff:	1.3600430504422627
Empirical Reff:	1.3575034000000001

Currently simulating parameters:	False neg:	0.0	Trace efficiency:	0.16
Theoretical Reff:	1.359893349277004
Empirical Reff:	1.3567375999999995

Currently simulating parameters:	False neg:	0.0	Trace efficiency:	0.18
Theoretical Reff:	1.3593624793593946
Empirical Reff:	1.3569345999999998

Currently simulating parameters:	False neg:	0.0	Trace efficiency:	0.19999999999999998
Theoretical Reff:	1.3595285632628389
Empirical Reff:	1.356729

Currently simulating parameters:	False neg:	0.0	Trace efficiency:	0.21999999999999997
Theoretical Reff:	1.3593650090282885
Empirical Reff:	1.3556177999999994

Currently simulating parameters:	False neg:	0.0	Trace efficiency:	0.23999999999999996
Theoretical Reff:	1.3587453822705406
Empirical Reff:	1.3566983999999997

Currently simulating parameters:	False neg:	0.0	Trace efficiency:	0.25999999999999995
Theoretical Reff:	1.3584047321456996
Empirical Reff:	1.3556689999999998

Currently simulating parameters:	False neg:	0.0	Trace efficiency:	0.27999999999999997
Theoretical Reff:	1.3588400569345647
Empirical Reff:	1.3554159999999995

Currently simulating parameters:	False neg:	0.0	Trace efficiency:	0.3
Theoretical Reff:	1.3580251482853283
Empirical Reff:	1.3539398

Currently simulating parameters:	False neg:	0.0	Trace efficiency:	0.32
Theoretical Reff:	1.358560284892812
Empirical Reff:	1.3530842

Currently simulating parameters:	False neg:	0.0	Trace efficiency:	0.34
Theoretical Reff:	1.358661291034942
Empirical Reff:	1.3522405999999996

Currently simulating parameters:	False neg:	0.0	Trace efficiency:	0.36000000000000004
Theoretical Reff:	1.3583482050593698
Empirical Reff:	1.3527099999999999

Currently simulating parameters:	False neg:	0.0	Trace efficiency:	0.38000000000000006
Theoretical Reff:	1.358078607659905
Empirical Reff:	1.353135

Currently simulating parameters:	False neg:	0.0	Trace efficiency:	0.4000000000000001
Theoretical Reff:	1.357876143873577
Empirical Reff:	1.3498873999999994

Currently simulating parameters:	False neg:	0.0	Trace efficiency:	0.4200000000000001
Theoretical Reff:	1.3573287619145684
Empirical Reff:	1.3500490000000003

Currently simulating parameters:	False neg:	0.0	Trace efficiency:	0.4400000000000001
Theoretical Reff:	1.3579714426238392
Empirical Reff:	1.3501018

Currently simulating parameters:	False neg:	0.0	Trace efficiency:	0.46000000000000013
Theoretical Reff:	1.357488773441913
Empirical Reff:	1.3497382000000002

Currently simulating parameters:	False neg:	0.0	Trace efficiency:	0.48000000000000015
Theoretical Reff:	1.356822959121503
Empirical Reff:	1.3488095999999998

Currently simulating parameters:	False neg:	0.0	Trace efficiency:	0.5000000000000001
Theoretical Reff:	1.3574185061784392
Empirical Reff:	1.348134

Currently simulating parameters:	False neg:	0.0	Trace efficiency:	0.5200000000000001
Theoretical Reff:	1.3563704991666015
Empirical Reff:	1.3483068000000002

Currently simulating parameters:	False neg:	0.0	Trace efficiency:	0.5400000000000001
Theoretical Reff:	1.3571100501232425
Empirical Reff:	1.3480824000000005

Currently simulating parameters:	False neg:	0.0	Trace efficiency:	0.5600000000000002
Theoretical Reff:	1.3566637139073408
Empirical Reff:	1.3477868000000002

Currently simulating parameters:	False neg:	0.0	Trace efficiency:	0.5800000000000002
Theoretical Reff:	1.3564425129253537
Empirical Reff:	1.3477012

Currently simulating parameters:	False neg:	0.0	Trace efficiency:	0.6000000000000002
Theoretical Reff:	1.3555240613119455
Empirical Reff:	1.3463990000000003

Currently simulating parameters:	False neg:	0.0	Trace efficiency:	0.6200000000000002
Theoretical Reff:	1.3566795844176538
Empirical Reff:	1.3461603999999996

Currently simulating parameters:	False neg:	0.0	Trace efficiency:	0.6400000000000002
Theoretical Reff:	1.355973701928497
Empirical Reff:	1.3464969999999996

Currently simulating parameters:	False neg:	0.0	Trace efficiency:	0.6600000000000003
Theoretical Reff:	1.3554140690971552
Empirical Reff:	1.3451664000000003

Currently simulating parameters:	False neg:	0.0	Trace efficiency:	0.6800000000000003
Theoretical Reff:	1.3558913498997787
Empirical Reff:	1.3445110000000002

Currently simulating parameters:	False neg:	0.0	Trace efficiency:	0.7000000000000003
Theoretical Reff:	1.355257414872386
Empirical Reff:	1.3441928

Currently simulating parameters:	False neg:	0.0	Trace efficiency:	0.7200000000000003
Theoretical Reff:	1.3550885591126907
Empirical Reff:	1.343266

Currently simulating parameters:	False neg:	0.0	Trace efficiency:	0.7400000000000003
Theoretical Reff:	1.3546881684246883
Empirical Reff:	1.3434988

Currently simulating parameters:	False neg:	0.0	Trace efficiency:	0.7600000000000003
Theoretical Reff:	1.3546907214122361
Empirical Reff:	1.341379

Currently simulating parameters:	False neg:	0.0	Trace efficiency:	0.7800000000000004
Theoretical Reff:	1.354448597044138
Empirical Reff:	1.3428958

Currently simulating parameters:	False neg:	0.0	Trace efficiency:	0.8000000000000004
Theoretical Reff:	1.3546302589886337
Empirical Reff:	1.3422763999999998

Currently simulating parameters:	False neg:	0.0	Trace efficiency:	0.8200000000000004
Theoretical Reff:	1.3545135233823935
Empirical Reff:	1.3411718000000001

Currently simulating parameters:	False neg:	0.0	Trace efficiency:	0.8400000000000004
Theoretical Reff:	1.3542068348483132
Empirical Reff:	1.3403940000000003

Currently simulating parameters:	False neg:	0.0	Trace efficiency:	0.8600000000000004
Theoretical Reff:	1.3533621640422258
Empirical Reff:	1.3401868

Currently simulating parameters:	False neg:	0.0	Trace efficiency:	0.8800000000000004
Theoretical Reff:	1.3544681497642816
Empirical Reff:	1.3401693999999997

Currently simulating parameters:	False neg:	0.0	Trace efficiency:	0.9000000000000005
Theoretical Reff:	1.3535056393853973
Empirical Reff:	1.3401172000000003

Currently simulating parameters:	False neg:	0.0	Trace efficiency:	0.9200000000000005
Theoretical Reff:	1.3534816449659541
Empirical Reff:	1.3388682

Currently simulating parameters:	False neg:	0.0	Trace efficiency:	0.9400000000000005
Theoretical Reff:	1.352688488839961
Empirical Reff:	1.3383991999999998

Currently simulating parameters:	False neg:	0.0	Trace efficiency:	0.9600000000000005
Theoretical Reff:	1.3526569595134499
Empirical Reff:	1.3377284

Currently simulating parameters:	False neg:	0.0	Trace efficiency:	0.9800000000000005
Theoretical Reff:	1.3534587608821764
Empirical Reff:	1.3369676000000004

Currently simulating parameters:	False neg:	0.0	Trace efficiency:	1.0000000000000004
Theoretical Reff:	1.352043444850385
Empirical Reff:	1.3362380000000003

 Total elapsed time:	1705.257017695 seconds.

Currently simulating parameters:	False neg:	0.0	Trace efficiency:	0.0
Theoretical Reff:	1.3618978469984233
Empirical Reff:	1.3605633999999998

Currently simulating parameters:	False neg:	0.0	Trace efficiency:	0.02
Theoretical Reff:	1.3606052735258143
Empirical Reff:	1.3603646

Currently simulating parameters:	False neg:	0.0	Trace efficiency:	0.04
Theoretical Reff:	1.361069089019056
Empirical Reff:	1.3603498000000003

Currently simulating parameters:	False neg:	0.0	Trace efficiency:	0.06
Theoretical Reff:	1.3606535450464476
Empirical Reff:	1.3593260000000007

Currently simulating parameters:	False neg:	0.0	Trace efficiency:	0.08
Theoretical Reff:	1.3597851823458171
Empirical Reff:	1.3594252

Currently simulating parameters:	False neg:	0.0	Trace efficiency:	0.1
Theoretical Reff:	1.360330508112822
Empirical Reff:	1.3600365999999995

Currently simulating parameters:	False neg:	0.0	Trace efficiency:	0.12000000000000001
Theoretical Reff:	1.360601333617135
Empirical Reff:	1.3586113999999998

Currently simulating parameters:	False neg:	0.0	Trace efficiency:	0.14
Theoretical Reff:	1.3603241380744244
Empirical Reff:	1.357902

Currently simulating parameters:	False neg:	0.0	Trace efficiency:	0.16
Theoretical Reff:	1.359590259818174
Empirical Reff:	1.3581843999999996

Currently simulating parameters:	False neg:	0.0	Trace efficiency:	0.18
Theoretical Reff:	1.3602558813772967
Empirical Reff:	1.355847

Currently simulating parameters:	False neg:	0.0	Trace efficiency:	0.19999999999999998
Theoretical Reff:	1.3596294027887912
Empirical Reff:	1.35736

Currently simulating parameters:	False neg:	0.0	Trace efficiency:	0.21999999999999997
Theoretical Reff:	1.3599443529552282
Empirical Reff:	1.3577307999999997

Currently simulating parameters:	False neg:	0.0	Trace efficiency:	0.23999999999999996
Theoretical Reff:	1.3597137881114258
Empirical Reff:	1.3569799999999994

Currently simulating parameters:	False neg:	0.0	Trace efficiency:	0.25999999999999995
Theoretical Reff:	1.3595534878819617
Empirical Reff:	1.3562591999999996

Currently simulating parameters:	False neg:	0.0	Trace efficiency:	0.27999999999999997
Theoretical Reff:	1.3591935959020403
Empirical Reff:	1.3558244000000002

Currently simulating parameters:	False neg:	0.0	Trace efficiency:	0.3
Theoretical Reff:	1.3592604247382098
Empirical Reff:	1.3555477999999999

Currently simulating parameters:	False neg:	0.0	Trace efficiency:	0.32
Theoretical Reff:	1.3585409825280312
Empirical Reff:	1.3546449999999999

Currently simulating parameters:	False neg:	0.0	Trace efficiency:	0.34
Theoretical Reff:	1.3594299634289255
Empirical Reff:	1.3553843999999997

Currently simulating parameters:	False neg:	0.0	Trace efficiency:	0.36000000000000004
Theoretical Reff:	1.3589205854044104
Empirical Reff:	1.3547610000000003

Currently simulating parameters:	False neg:	0.0	Trace efficiency:	0.38000000000000006
Theoretical Reff:	1.3595204792555777
Empirical Reff:	1.3531198000000004

Currently simulating parameters:	False neg:	0.0	Trace efficiency:	0.4000000000000001
Theoretical Reff:	1.359263499498902
Empirical Reff:	1.3534954000000001

Currently simulating parameters:	False neg:	0.0	Trace efficiency:	0.4200000000000001
Theoretical Reff:	1.358432084093664
Empirical Reff:	1.3533643999999998

Currently simulating parameters:	False neg:	0.0	Trace efficiency:	0.4400000000000001
Theoretical Reff:	1.3586920205808894
Empirical Reff:	1.3530286

Currently simulating parameters:	False neg:	0.0	Trace efficiency:	0.46000000000000013
Theoretical Reff:	1.3589115394947213
Empirical Reff:	1.3517474

Currently simulating parameters:	False neg:	0.0	Trace efficiency:	0.48000000000000015
Theoretical Reff:	1.3582112961117465
Empirical Reff:	1.3525114000000003

Currently simulating parameters:	False neg:	0.0	Trace efficiency:	0.5000000000000001
Theoretical Reff:	1.3584278746921359
Empirical Reff:	1.3514958000000001

Currently simulating parameters:	False neg:	0.0	Trace efficiency:	0.5200000000000001
Theoretical Reff:	1.3580281054506453
Empirical Reff:	1.3517126

Currently simulating parameters:	False neg:	0.0	Trace efficiency:	0.5400000000000001
Theoretical Reff:	1.357990304107013
Empirical Reff:	1.3504706000000004

Currently simulating parameters:	False neg:	0.0	Trace efficiency:	0.5600000000000002
Theoretical Reff:	1.3582366302325457
Empirical Reff:	1.3498588000000005

Currently simulating parameters:	False neg:	0.0	Trace efficiency:	0.5800000000000002
Theoretical Reff:	1.3572247293784006
Empirical Reff:	1.3499913999999997

Currently simulating parameters:	False neg:	0.0	Trace efficiency:	0.6000000000000002
Theoretical Reff:	1.3577356412349904
Empirical Reff:	1.3495050000000004

Currently simulating parameters:	False neg:	0.0	Trace efficiency:	0.6200000000000002
Theoretical Reff:	1.357130167200795
Empirical Reff:	1.3491016

Currently simulating parameters:	False neg:	0.0	Trace efficiency:	0.6400000000000002
Theoretical Reff:	1.3571007761868774
Empirical Reff:	1.3489992000000004

Currently simulating parameters:	False neg:	0.0	Trace efficiency:	0.6600000000000003
Theoretical Reff:	1.3568776215859384
Empirical Reff:	1.3497180000000002

Currently simulating parameters:	False neg:	0.0	Trace efficiency:	0.6800000000000003
Theoretical Reff:	1.3568085934959169
Empirical Reff:	1.3475417999999997

Currently simulating parameters:	False neg:	0.0	Trace efficiency:	0.7000000000000003
Theoretical Reff:	1.3567647580313857
Empirical Reff:	1.3473125999999995

Currently simulating parameters:	False neg:	0.0	Trace efficiency:	0.7200000000000003
Theoretical Reff:	1.3569343385372348
Empirical Reff:	1.3472188000000003

Currently simulating parameters:	False neg:	0.0	Trace efficiency:	0.7400000000000003
Theoretical Reff:	1.3569938940220903
Empirical Reff:	1.3465122

Currently simulating parameters:	False neg:	0.0	Trace efficiency:	0.7600000000000003
Theoretical Reff:	1.3573422044281689
Empirical Reff:	1.3464776

Currently simulating parameters:	False neg:	0.0	Trace efficiency:	0.7800000000000004
Theoretical Reff:	1.3570264541284383
Empirical Reff:	1.3454667999999996

Currently simulating parameters:	False neg:	0.0	Trace efficiency:	0.8000000000000004
Theoretical Reff:	1.3559346060660007
Empirical Reff:	1.3461170000000002

Currently simulating parameters:	False neg:	0.0	Trace efficiency:	0.8200000000000004
Theoretical Reff:	1.356122877001224
Empirical Reff:	1.3458417999999996

Currently simulating parameters:	False neg:	0.0	Trace efficiency:	0.8400000000000004
Theoretical Reff:	1.3567145013108777
Empirical Reff:	1.3458914

Currently simulating parameters:	False neg:	0.0	Trace efficiency:	0.8600000000000004
Theoretical Reff:	1.35654825157667
Empirical Reff:	1.3444086

Currently simulating parameters:	False neg:	0.0	Trace efficiency:	0.8800000000000004
Theoretical Reff:	1.3567003312553738
Empirical Reff:	1.3449015999999998

Currently simulating parameters:	False neg:	0.0	Trace efficiency:	0.9000000000000005
Theoretical Reff:	1.356089104918601
Empirical Reff:	1.343254

Currently simulating parameters:	False neg:	0.0	Trace efficiency:	0.9200000000000005
Theoretical Reff:	1.355955077568709
Empirical Reff:	1.343748

Currently simulating parameters:	False neg:	0.0	Trace efficiency:	0.9400000000000005
Theoretical Reff:	1.3556356926925173
Empirical Reff:	1.3442604

Currently simulating parameters:	False neg:	0.0	Trace efficiency:	0.9600000000000005
Theoretical Reff:	1.3559037415610597
Empirical Reff:	1.3427392

Currently simulating parameters:	False neg:	0.0	Trace efficiency:	0.9800000000000005
Theoretical Reff:	1.355065618776991
Empirical Reff:	1.3431392

Currently simulating parameters:	False neg:	0.0	Trace efficiency:	1.0000000000000004
Theoretical Reff:	1.3563497332727883
Empirical Reff:	1.3415858

 Total elapsed time:	1716.49213768 seconds.

Currently simulating parameters:	False neg:	0.0	Trace efficiency:	0.0
Theoretical Reff:	1.3614443465952648
Empirical Reff:	1.3604627999999999

Currently simulating parameters:	False neg:	0.0	Trace efficiency:	0.02
Theoretical Reff:	1.360901137877565
Empirical Reff:	1.3604222000000001

Currently simulating parameters:	False neg:	0.0	Trace efficiency:	0.04
Theoretical Reff:	1.3605987479278623
Empirical Reff:	1.3608776

Currently simulating parameters:	False neg:	0.0	Trace efficiency:	0.06
Theoretical Reff:	1.3607310403048778
Empirical Reff:	1.3600882

Currently simulating parameters:	False neg:	0.0	Trace efficiency:	0.08
Theoretical Reff:	1.3606585834558655
Empirical Reff:	1.359267

Currently simulating parameters:	False neg:	0.0	Trace efficiency:	0.1
Theoretical Reff:	1.3605198233731415
Empirical Reff:	1.3601876000000002

Currently simulating parameters:	False neg:	0.0	Trace efficiency:	0.12000000000000001
Theoretical Reff:	1.3601956896878487
Empirical Reff:	1.3593044

Currently simulating parameters:	False neg:	0.0	Trace efficiency:	0.14
Theoretical Reff:	1.360050223416516
Empirical Reff:	1.359276

Currently simulating parameters:	False neg:	0.0	Trace efficiency:	0.16
Theoretical Reff:	1.360543547683229
Empirical Reff:	1.3589560000000003

Currently simulating parameters:	False neg:	0.0	Trace efficiency:	0.18
Theoretical Reff:	1.3601509504263078
Empirical Reff:	1.3581360000000005

Currently simulating parameters:	False neg:	0.0	Trace efficiency:	0.19999999999999998
Theoretical Reff:	1.360483571122676
Empirical Reff:	1.3589248000000003

Currently simulating parameters:	False neg:	0.0	Trace efficiency:	0.21999999999999997
Theoretical Reff:	1.360207977043633
Empirical Reff:	1.3589120000000003

Currently simulating parameters:	False neg:	0.0	Trace efficiency:	0.23999999999999996
Theoretical Reff:	1.3605407117384545
Empirical Reff:	1.3567124

Currently simulating parameters:	False neg:	0.0	Trace efficiency:	0.25999999999999995
Theoretical Reff:	1.36095775010925
Empirical Reff:	1.3571329999999997

Currently simulating parameters:	False neg:	0.0	Trace efficiency:	0.27999999999999997
Theoretical Reff:	1.3595177413075215
Empirical Reff:	1.3576203999999998

Currently simulating parameters:	False neg:	0.0	Trace efficiency:	0.3
Theoretical Reff:	1.359823704398453
Empirical Reff:	1.3571372000000002

Currently simulating parameters:	False neg:	0.0	Trace efficiency:	0.32
Theoretical Reff:	1.3603724101802805
Empirical Reff:	1.3578830000000002

Currently simulating parameters:	False neg:	0.0	Trace efficiency:	0.34
Theoretical Reff:	1.3601040160659252
Empirical Reff:	1.3570076000000002

Currently simulating parameters:	False neg:	0.0	Trace efficiency:	0.36000000000000004
Theoretical Reff:	1.3601339609123484
Empirical Reff:	1.3575856000000002

Currently simulating parameters:	False neg:	0.0	Trace efficiency:	0.38000000000000006
Theoretical Reff:	1.3598087154517309
Empirical Reff:	1.3555655999999998

Currently simulating parameters:	False neg:	0.0	Trace efficiency:	0.4000000000000001
Theoretical Reff:	1.3597125390494371
Empirical Reff:	1.3554190000000004

Currently simulating parameters:	False neg:	0.0	Trace efficiency:	0.4200000000000001
Theoretical Reff:	1.359781355327166
Empirical Reff:	1.3560050000000003

Currently simulating parameters:	False neg:	0.0	Trace efficiency:	0.4400000000000001
Theoretical Reff:	1.3604408847208056
Empirical Reff:	1.3547069999999999

Currently simulating parameters:	False neg:	0.0	Trace efficiency:	0.46000000000000013
Theoretical Reff:	1.359782677938398
Empirical Reff:	1.3538454

Currently simulating parameters:	False neg:	0.0	Trace efficiency:	0.48000000000000015
Theoretical Reff:	1.3594201483569044
Empirical Reff:	1.3549537999999997

Currently simulating parameters:	False neg:	0.0	Trace efficiency:	0.5000000000000001
Theoretical Reff:	1.3596698409012002
Empirical Reff:	1.3540465999999998

Currently simulating parameters:	False neg:	0.0	Trace efficiency:	0.5200000000000001
Theoretical Reff:	1.359904048033408
Empirical Reff:	1.3528865999999997

Currently simulating parameters:	False neg:	0.0	Trace efficiency:	0.5400000000000001
Theoretical Reff:	1.3596234904124294
Empirical Reff:	1.3536176

Currently simulating parameters:	False neg:	0.0	Trace efficiency:	0.5600000000000002
Theoretical Reff:	1.3594400032308562
Empirical Reff:	1.3532385999999996

Currently simulating parameters:	False neg:	0.0	Trace efficiency:	0.5800000000000002
Theoretical Reff:	1.3593530773334148
Empirical Reff:	1.3523526

Currently simulating parameters:	False neg:	0.0	Trace efficiency:	0.6000000000000002
Theoretical Reff:	1.359600904367406
Empirical Reff:	1.3526008000000003

Currently simulating parameters:	False neg:	0.0	Trace efficiency:	0.6200000000000002
Theoretical Reff:	1.3597074133001257
Empirical Reff:	1.3522783999999999

Currently simulating parameters:	False neg:	0.0	Trace efficiency:	0.6400000000000002
Theoretical Reff:	1.3594563971324578
Empirical Reff:	1.3534673999999998

Currently simulating parameters:	False neg:	0.0	Trace efficiency:	0.6600000000000003
Theoretical Reff:	1.3588969827642643
Empirical Reff:	1.3524644000000001

Currently simulating parameters:	False neg:	0.0	Trace efficiency:	0.6800000000000003
Theoretical Reff:	1.3594305526473252
Empirical Reff:	1.3517351999999996

Currently simulating parameters:	False neg:	0.0	Trace efficiency:	0.7000000000000003
Theoretical Reff:	1.3592321586819458
Empirical Reff:	1.3520108

Currently simulating parameters:	False neg:	0.0	Trace efficiency:	0.7200000000000003
Theoretical Reff:	1.3590992726057038
Empirical Reff:	1.3514351999999996

Currently simulating parameters:	False neg:	0.0	Trace efficiency:	0.7400000000000003
Theoretical Reff:	1.3592349983039498
Empirical Reff:	1.3499954

Currently simulating parameters:	False neg:	0.0	Trace efficiency:	0.7600000000000003
Theoretical Reff:	1.3594216046751195
Empirical Reff:	1.350617

Currently simulating parameters:	False neg:	0.0	Trace efficiency:	0.7800000000000004
Theoretical Reff:	1.3593374209445634
Empirical Reff:	1.3489312

Currently simulating parameters:	False neg:	0.0	Trace efficiency:	0.8000000000000004
Theoretical Reff:	1.3588252696217622
Empirical Reff:	1.349803

Currently simulating parameters:	False neg:	0.0	Trace efficiency:	0.8200000000000004
Theoretical Reff:	1.358617340899805
Empirical Reff:	1.3489388000000002

Currently simulating parameters:	False neg:	0.0	Trace efficiency:	0.8400000000000004
Theoretical Reff:	1.358750181028301
Empirical Reff:	1.3497483999999997

Currently simulating parameters:	False neg:	0.0	Trace efficiency:	0.8600000000000004
Theoretical Reff:	1.3592836077813326
Empirical Reff:	1.3490710000000001

Currently simulating parameters:	False neg:	0.0	Trace efficiency:	0.8800000000000004
Theoretical Reff:	1.3593231599381286
Empirical Reff:	1.3485496000000003

Currently simulating parameters:	False neg:	0.0	Trace efficiency:	0.9000000000000005
Theoretical Reff:	1.3583949992192017
Empirical Reff:	1.3486249999999997

Currently simulating parameters:	False neg:	0.0	Trace efficiency:	0.9200000000000005
Theoretical Reff:	1.3592915586015841
Empirical Reff:	1.3477473999999998

Currently simulating parameters:	False neg:	0.0	Trace efficiency:	0.9400000000000005
Theoretical Reff:	1.3580668739003634
Empirical Reff:	1.348717

Currently simulating parameters:	False neg:	0.0	Trace efficiency:	0.9600000000000005
Theoretical Reff:	1.3581799867344706
Empirical Reff:	1.3474396000000002

Currently simulating parameters:	False neg:	0.0	Trace efficiency:	0.9800000000000005
Theoretical Reff:	1.357805817675194
Empirical Reff:	1.3474933999999998

Currently simulating parameters:	False neg:	0.0	Trace efficiency:	1.0000000000000004
Theoretical Reff:	1.3586384123382234
Empirical Reff:	1.346143

 Total elapsed time:	1725.244312016 seconds.

Currently simulating parameters:	False neg:	0.0	Trace efficiency:	0.0
Theoretical Reff:	1.3613911826323346
Empirical Reff:	1.3594796

Currently simulating parameters:	False neg:	0.0	Trace efficiency:	0.02
Theoretical Reff:	1.3610638248315645
Empirical Reff:	1.3610173999999997

Currently simulating parameters:	False neg:	0.0	Trace efficiency:	0.04
Theoretical Reff:	1.3608293704551209
Empirical Reff:	1.3601774

Currently simulating parameters:	False neg:	0.0	Trace efficiency:	0.06
Theoretical Reff:	1.3608798531272
Empirical Reff:	1.3601820000000004

Currently simulating parameters:	False neg:	0.0	Trace efficiency:	0.08
Theoretical Reff:	1.3605210375275836
Empirical Reff:	1.359096

Currently simulating parameters:	False neg:	0.0	Trace efficiency:	0.1
Theoretical Reff:	1.3602324155684693
Empirical Reff:	1.3599733999999999

Currently simulating parameters:	False neg:	0.0	Trace efficiency:	0.12000000000000001
Theoretical Reff:	1.3605750516421682
Empirical Reff:	1.3595606

Currently simulating parameters:	False neg:	0.0	Trace efficiency:	0.14
Theoretical Reff:	1.3607145844063113
Empirical Reff:	1.3597419999999998

Currently simulating parameters:	False neg:	0.0	Trace efficiency:	0.16
Theoretical Reff:	1.360027283737316
Empirical Reff:	1.3598634

Currently simulating parameters:	False neg:	0.0	Trace efficiency:	0.18
Theoretical Reff:	1.360676268106203
Empirical Reff:	1.3586650000000002

Currently simulating parameters:	False neg:	0.0	Trace efficiency:	0.19999999999999998
Theoretical Reff:	1.360176986246343
Empirical Reff:	1.3582349999999996

Currently simulating parameters:	False neg:	0.0	Trace efficiency:	0.21999999999999997
Theoretical Reff:	1.3613137212197464
Empirical Reff:	1.3587368000000004

Currently simulating parameters:	False neg:	0.0	Trace efficiency:	0.23999999999999996
Theoretical Reff:	1.3599406303974935
Empirical Reff:	1.3591727999999998

Currently simulating parameters:	False neg:	0.0	Trace efficiency:	0.25999999999999995
Theoretical Reff:	1.3602110864985608
Empirical Reff:	1.3584781999999995

Currently simulating parameters:	False neg:	0.0	Trace efficiency:	0.27999999999999997
Theoretical Reff:	1.3604637736361667
Empirical Reff:	1.3586738

Currently simulating parameters:	False neg:	0.0	Trace efficiency:	0.3
Theoretical Reff:	1.3602262182011122
Empirical Reff:	1.3584984000000002

Currently simulating parameters:	False neg:	0.0	Trace efficiency:	0.32
Theoretical Reff:	1.3604166151641934
Empirical Reff:	1.3570084000000002

Currently simulating parameters:	False neg:	0.0	Trace efficiency:	0.34
Theoretical Reff:	1.3603917540260286
Empirical Reff:	1.3578800000000004

Currently simulating parameters:	False neg:	0.0	Trace efficiency:	0.36000000000000004
Theoretical Reff:	1.360951228924954
Empirical Reff:	1.3563353999999999

Currently simulating parameters:	False neg:	0.0	Trace efficiency:	0.38000000000000006
Theoretical Reff:	1.3602014677655974
Empirical Reff:	1.3573458

Currently simulating parameters:	False neg:	0.0	Trace efficiency:	0.4000000000000001
Theoretical Reff:	1.3604865388540386
Empirical Reff:	1.3566490000000002

Currently simulating parameters:	False neg:	0.0	Trace efficiency:	0.4200000000000001
Theoretical Reff:	1.3603682333547384
Empirical Reff:	1.3559433999999992

Currently simulating parameters:	False neg:	0.0	Trace efficiency:	0.4400000000000001
Theoretical Reff:	1.3602785268117366
Empirical Reff:	1.355886

Currently simulating parameters:	False neg:	0.0	Trace efficiency:	0.46000000000000013
Theoretical Reff:	1.360400403832292
Empirical Reff:	1.355343

Currently simulating parameters:	False neg:	0.0	Trace efficiency:	0.48000000000000015
Theoretical Reff:	1.3607130387000987
Empirical Reff:	1.3562339999999997

Currently simulating parameters:	False neg:	0.0	Trace efficiency:	0.5000000000000001
Theoretical Reff:	1.3607857323281074
Empirical Reff:	1.3542398000000002

Currently simulating parameters:	False neg:	0.0	Trace efficiency:	0.5200000000000001
Theoretical Reff:	1.3601282379336073
Empirical Reff:	1.3565406000000002

Currently simulating parameters:	False neg:	0.0	Trace efficiency:	0.5400000000000001
Theoretical Reff:	1.3601873047127355
Empirical Reff:	1.3537504

Currently simulating parameters:	False neg:	0.0	Trace efficiency:	0.5600000000000002
Theoretical Reff:	1.3601253018741157
Empirical Reff:	1.3555144000000001

Currently simulating parameters:	False neg:	0.0	Trace efficiency:	0.5800000000000002
Theoretical Reff:	1.359891045576678
Empirical Reff:	1.3545038000000003

Currently simulating parameters:	False neg:	0.0	Trace efficiency:	0.6000000000000002
Theoretical Reff:	1.3599882844747073
Empirical Reff:	1.3540769999999998

Currently simulating parameters:	False neg:	0.0	Trace efficiency:	0.6200000000000002
Theoretical Reff:	1.3598542922666963
Empirical Reff:	1.354753

Currently simulating parameters:	False neg:	0.0	Trace efficiency:	0.6400000000000002
Theoretical Reff:	1.3600266673878307
Empirical Reff:	1.3532076000000004

Currently simulating parameters:	False neg:	0.0	Trace efficiency:	0.6600000000000003
Theoretical Reff:	1.3603467624408792
Empirical Reff:	1.3542992

Currently simulating parameters:	False neg:	0.0	Trace efficiency:	0.6800000000000003
Theoretical Reff:	1.3604458493953075
Empirical Reff:	1.3553684000000004

Currently simulating parameters:	False neg:	0.0	Trace efficiency:	0.7000000000000003
Theoretical Reff:	1.3596617180698578
Empirical Reff:	1.3537673999999997

Currently simulating parameters:	False neg:	0.0	Trace efficiency:	0.7200000000000003
Theoretical Reff:	1.3596212258487401
Empirical Reff:	1.3552357999999998

Currently simulating parameters:	False neg:	0.0	Trace efficiency:	0.7400000000000003
Theoretical Reff:	1.3598530190488334
Empirical Reff:	1.3534194

Currently simulating parameters:	False neg:	0.0	Trace efficiency:	0.7600000000000003
Theoretical Reff:	1.3597616456683022
Empirical Reff:	1.3518408

Currently simulating parameters:	False neg:	0.0	Trace efficiency:	0.7800000000000004
Theoretical Reff:	1.3597079310313933
Empirical Reff:	1.3526270000000002

Currently simulating parameters:	False neg:	0.0	Trace efficiency:	0.8000000000000004
Theoretical Reff:	1.3598651695487949
Empirical Reff:	1.3520843999999996

Currently simulating parameters:	False neg:	0.0	Trace efficiency:	0.8200000000000004
Theoretical Reff:	1.3599153933197252
Empirical Reff:	1.3514408

Currently simulating parameters:	False neg:	0.0	Trace efficiency:	0.8400000000000004
Theoretical Reff:	1.3599164886534665
Empirical Reff:	1.3519370000000002

Currently simulating parameters:	False neg:	0.0	Trace efficiency:	0.8600000000000004
Theoretical Reff:	1.3597011248699065
Empirical Reff:	1.3518455999999999

Currently simulating parameters:	False neg:	0.0	Trace efficiency:	0.8800000000000004
Theoretical Reff:	1.3592095459951092
Empirical Reff:	1.3524676000000004

Currently simulating parameters:	False neg:	0.0	Trace efficiency:	0.9000000000000005
Theoretical Reff:	1.3595700557449073
Empirical Reff:	1.3519643999999997

Currently simulating parameters:	False neg:	0.0	Trace efficiency:	0.9200000000000005
Theoretical Reff:	1.3592528583968218
Empirical Reff:	1.3507491999999999

Currently simulating parameters:	False neg:	0.0	Trace efficiency:	0.9400000000000005
Theoretical Reff:	1.3594511675978616
Empirical Reff:	1.3514884

Currently simulating parameters:	False neg:	0.0	Trace efficiency:	0.9600000000000005
Theoretical Reff:	1.3589013428363954
Empirical Reff:	1.3506828000000002

Currently simulating parameters:	False neg:	0.0	Trace efficiency:	0.9800000000000005
Theoretical Reff:	1.3590397483672922
Empirical Reff:	1.3506413999999998

Currently simulating parameters:	False neg:	0.0	Trace efficiency:	1.0000000000000004
Theoretical Reff:	1.3590357195913232
Empirical Reff:	1.3507344000000001

 Total elapsed time:	1707.764085379 seconds.

Currently simulating parameters:	False neg:	0.0	Trace efficiency:	0.0
Theoretical Reff:	1.3606784888373062
Empirical Reff:	1.3611384000000002

Currently simulating parameters:	False neg:	0.0	Trace efficiency:	0.02
Theoretical Reff:	1.3608810868946588
Empirical Reff:	1.3613050000000002

Currently simulating parameters:	False neg:	0.0	Trace efficiency:	0.04
Theoretical Reff:	1.3604406108041835
Empirical Reff:	1.3602648

Currently simulating parameters:	False neg:	0.0	Trace efficiency:	0.06
Theoretical Reff:	1.3612726279058776
Empirical Reff:	1.3599357999999997

Currently simulating parameters:	False neg:	0.0	Trace efficiency:	0.08
Theoretical Reff:	1.360924889162129
Empirical Reff:	1.3600196

Currently simulating parameters:	False neg:	0.0	Trace efficiency:	0.1
Theoretical Reff:	1.3609961002300706
Empirical Reff:	1.360649

Currently simulating parameters:	False neg:	0.0	Trace efficiency:	0.12000000000000001
Theoretical Reff:	1.3608329964592107
Empirical Reff:	1.3593727999999994

Currently simulating parameters:	False neg:	0.0	Trace efficiency:	0.14
Theoretical Reff:	1.3610251553491488
Empirical Reff:	1.3593089999999999

Currently simulating parameters:	False neg:	0.0	Trace efficiency:	0.16
Theoretical Reff:	1.3606982076407639
Empirical Reff:	1.3587028

Currently simulating parameters:	False neg:	0.0	Trace efficiency:	0.18
Theoretical Reff:	1.3608727250735755
Empirical Reff:	1.3594867999999998

Currently simulating parameters:	False neg:	0.0	Trace efficiency:	0.19999999999999998
Theoretical Reff:	1.3604232838269246
Empirical Reff:	1.3597126

Currently simulating parameters:	False neg:	0.0	Trace efficiency:	0.21999999999999997
Theoretical Reff:	1.3606245354724869
Empirical Reff:	1.3589148

Currently simulating parameters:	False neg:	0.0	Trace efficiency:	0.23999999999999996
Theoretical Reff:	1.360426895387031
Empirical Reff:	1.3596266

Currently simulating parameters:	False neg:	0.0	Trace efficiency:	0.25999999999999995
Theoretical Reff:	1.3612384601764205
Empirical Reff:	1.3582342

Currently simulating parameters:	False neg:	0.0	Trace efficiency:	0.27999999999999997
Theoretical Reff:	1.3610255773824005
Empirical Reff:	1.3578704

Currently simulating parameters:	False neg:	0.0	Trace efficiency:	0.3
Theoretical Reff:	1.360360170452753
Empirical Reff:	1.3596597999999998

Currently simulating parameters:	False neg:	0.0	Trace efficiency:	0.32
Theoretical Reff:	1.3611096298665408
Empirical Reff:	1.3582554

Currently simulating parameters:	False neg:	0.0	Trace efficiency:	0.34
Theoretical Reff:	1.361164717482541
Empirical Reff:	1.3589107999999999

Currently simulating parameters:	False neg:	0.0	Trace efficiency:	0.36000000000000004
Theoretical Reff:	1.3607499347447827
Empirical Reff:	1.3589138000000003

Currently simulating parameters:	False neg:	0.0	Trace efficiency:	0.38000000000000006
Theoretical Reff:	1.360660281570548
Empirical Reff:	1.3577347999999998

Currently simulating parameters:	False neg:	0.0	Trace efficiency:	0.4000000000000001
Theoretical Reff:	1.360688667006778
Empirical Reff:	1.3573365999999998

Currently simulating parameters:	False neg:	0.0	Trace efficiency:	0.4200000000000001
Theoretical Reff:	1.3610828738572256
Empirical Reff:	1.3575998

Currently simulating parameters:	False neg:	0.0	Trace efficiency:	0.4400000000000001
Theoretical Reff:	1.3603111464317421
Empirical Reff:	1.3586796

Currently simulating parameters:	False neg:	0.0	Trace efficiency:	0.46000000000000013
Theoretical Reff:	1.3611957824187828
Empirical Reff:	1.3567728

Currently simulating parameters:	False neg:	0.0	Trace efficiency:	0.48000000000000015
Theoretical Reff:	1.360740928855256
Empirical Reff:	1.3572379999999997

Currently simulating parameters:	False neg:	0.0	Trace efficiency:	0.5000000000000001
Theoretical Reff:	1.3612817709612206
Empirical Reff:	1.3563657999999998

Currently simulating parameters:	False neg:	0.0	Trace efficiency:	0.5200000000000001
Theoretical Reff:	1.3610112608634966
Empirical Reff:	1.3565068

Currently simulating parameters:	False neg:	0.0	Trace efficiency:	0.5400000000000001
Theoretical Reff:	1.3614533208517778
Empirical Reff:	1.3555105999999995

Currently simulating parameters:	False neg:	0.0	Trace efficiency:	0.5600000000000002
Theoretical Reff:	1.3605957002725884
Empirical Reff:	1.3557690000000002

Currently simulating parameters:	False neg:	0.0	Trace efficiency:	0.5800000000000002
Theoretical Reff:	1.3606234119095997
Empirical Reff:	1.355969

Currently simulating parameters:	False neg:	0.0	Trace efficiency:	0.6000000000000002
Theoretical Reff:	1.3600818635796383
Empirical Reff:	1.3560229999999998

Currently simulating parameters:	False neg:	0.0	Trace efficiency:	0.6200000000000002
Theoretical Reff:	1.361013776611485
Empirical Reff:	1.3557275999999998

Currently simulating parameters:	False neg:	0.0	Trace efficiency:	0.6400000000000002
Theoretical Reff:	1.3604917345657253
Empirical Reff:	1.3559454000000002

Currently simulating parameters:	False neg:	0.0	Trace efficiency:	0.6600000000000003
Theoretical Reff:	1.360903116798092
Empirical Reff:	1.3549076

Currently simulating parameters:	False neg:	0.0	Trace efficiency:	0.6800000000000003
Theoretical Reff:	1.3605147433380387
Empirical Reff:	1.3554233999999996

Currently simulating parameters:	False neg:	0.0	Trace efficiency:	0.7000000000000003
Theoretical Reff:	1.3603859496277448
Empirical Reff:	1.3543063999999994

Currently simulating parameters:	False neg:	0.0	Trace efficiency:	0.7200000000000003
Theoretical Reff:	1.361136288815867
Empirical Reff:	1.355742

Currently simulating parameters:	False neg:	0.0	Trace efficiency:	0.7400000000000003
Theoretical Reff:	1.360830460048586
Empirical Reff:	1.3556760000000003

Currently simulating parameters:	False neg:	0.0	Trace efficiency:	0.7600000000000003
Theoretical Reff:	1.3607360387888954
Empirical Reff:	1.3536666000000002

Currently simulating parameters:	False neg:	0.0	Trace efficiency:	0.7800000000000004
Theoretical Reff:	1.3607068072153432
Empirical Reff:	1.3537032000000002

Currently simulating parameters:	False neg:	0.0	Trace efficiency:	0.8000000000000004
Theoretical Reff:	1.3600717127995898
Empirical Reff:	1.3541047999999998

Currently simulating parameters:	False neg:	0.0	Trace efficiency:	0.8200000000000004
Theoretical Reff:	1.3601759097799275
Empirical Reff:	1.3542122

Currently simulating parameters:	False neg:	0.0	Trace efficiency:	0.8400000000000004
Theoretical Reff:	1.3612278380562695
Empirical Reff:	1.3533695999999997

Currently simulating parameters:	False neg:	0.0	Trace efficiency:	0.8600000000000004
Theoretical Reff:	1.3603423105906998
Empirical Reff:	1.3539001999999996

Currently simulating parameters:	False neg:	0.0	Trace efficiency:	0.8800000000000004
Theoretical Reff:	1.3604658348658145
Empirical Reff:	1.3538142000000002

Currently simulating parameters:	False neg:	0.0	Trace efficiency:	0.9000000000000005
Theoretical Reff:	1.3603571157569672
Empirical Reff:	1.3532439999999997

Currently simulating parameters:	False neg:	0.0	Trace efficiency:	0.9200000000000005
Theoretical Reff:	1.36066344541087
Empirical Reff:	1.3532548

Currently simulating parameters:	False neg:	0.0	Trace efficiency:	0.9400000000000005
Theoretical Reff:	1.3613065497339145
Empirical Reff:	1.3534675999999999

Currently simulating parameters:	False neg:	0.0	Trace efficiency:	0.9600000000000005
Theoretical Reff:	1.3602611158136253
Empirical Reff:	1.3523711999999997

Currently simulating parameters:	False neg:	0.0	Trace efficiency:	0.9800000000000005
Theoretical Reff:	1.3611283673623862
Empirical Reff:	1.3532291999999992

Currently simulating parameters:	False neg:	0.0	Trace efficiency:	1.0000000000000004
Theoretical Reff:	1.3608694250164948
Empirical Reff:	1.3519875999999993

 Total elapsed time:	1691.16451155 seconds.

Currently simulating parameters:	False neg:	0.0	Trace efficiency:	0.0
Theoretical Reff:	1.3605898199588213
Empirical Reff:	1.3606358000000003

Currently simulating parameters:	False neg:	0.0	Trace efficiency:	0.02
Theoretical Reff:	1.3612621495458566
Empirical Reff:	1.3613281999999998

Currently simulating parameters:	False neg:	0.0	Trace efficiency:	0.04
Theoretical Reff:	1.3610685075541562
Empirical Reff:	1.3599006000000002

Currently simulating parameters:	False neg:	0.0	Trace efficiency:	0.06
Theoretical Reff:	1.3605745731023482
Empirical Reff:	1.3606296

Currently simulating parameters:	False neg:	0.0	Trace efficiency:	0.08
Theoretical Reff:	1.3604694809923226
Empirical Reff:	1.3606015999999999

Currently simulating parameters:	False neg:	0.0	Trace efficiency:	0.1
Theoretical Reff:	1.361379304460421
Empirical Reff:	1.3604245999999998

Currently simulating parameters:	False neg:	0.0	Trace efficiency:	0.12000000000000001
Theoretical Reff:	1.360781137878517
Empirical Reff:	1.3603863999999999

Currently simulating parameters:	False neg:	0.0	Trace efficiency:	0.14
Theoretical Reff:	1.361342962815296
Empirical Reff:	1.359267

Currently simulating parameters:	False neg:	0.0	Trace efficiency:	0.16
Theoretical Reff:	1.3610954154339332
Empirical Reff:	1.3590119999999999

Currently simulating parameters:	False neg:	0.0	Trace efficiency:	0.18
Theoretical Reff:	1.361292114972904
Empirical Reff:	1.3598552000000002

Currently simulating parameters:	False neg:	0.0	Trace efficiency:	0.19999999999999998
Theoretical Reff:	1.3611171745795856
Empirical Reff:	1.3591372

Currently simulating parameters:	False neg:	0.0	Trace efficiency:	0.21999999999999997
Theoretical Reff:	1.360795823512649
Empirical Reff:	1.3589426

Currently simulating parameters:	False neg:	0.0	Trace efficiency:	0.23999999999999996
Theoretical Reff:	1.3610774799877958
Empirical Reff:	1.3599361999999997

Currently simulating parameters:	False neg:	0.0	Trace efficiency:	0.25999999999999995
Theoretical Reff:	1.3605175105447442
Empirical Reff:	1.3590964000000003

Currently simulating parameters:	False neg:	0.0	Trace efficiency:	0.27999999999999997
Theoretical Reff:	1.3608635221006289
Empirical Reff:	1.3594702000000003

Currently simulating parameters:	False neg:	0.0	Trace efficiency:	0.3
Theoretical Reff:	1.3612005407332666
Empirical Reff:	1.3587567999999999

Currently simulating parameters:	False neg:	0.0	Trace efficiency:	0.32
Theoretical Reff:	1.36004563065799
Empirical Reff:	1.3589364000000004

Currently simulating parameters:	False neg:	0.0	Trace efficiency:	0.34
Theoretical Reff:	1.3612354862000982
Empirical Reff:	1.3595954000000001

Currently simulating parameters:	False neg:	0.0	Trace efficiency:	0.36000000000000004
Theoretical Reff:	1.3610610433155823
Empirical Reff:	1.3589250000000002

Currently simulating parameters:	False neg:	0.0	Trace efficiency:	0.38000000000000006
Theoretical Reff:	1.361233027117001
Empirical Reff:	1.3585256

Currently simulating parameters:	False neg:	0.0	Trace efficiency:	0.4000000000000001
Theoretical Reff:	1.3607911161883857
Empirical Reff:	1.3585115999999997

Currently simulating parameters:	False neg:	0.0	Trace efficiency:	0.4200000000000001
Theoretical Reff:	1.360586573425623
Empirical Reff:	1.3573598000000007

Currently simulating parameters:	False neg:	0.0	Trace efficiency:	0.4400000000000001
Theoretical Reff:	1.3608969390896755
Empirical Reff:	1.3590416000000005

Currently simulating parameters:	False neg:	0.0	Trace efficiency:	0.46000000000000013
Theoretical Reff:	1.3607460091219636
Empirical Reff:	1.3591306

Currently simulating parameters:	False neg:	0.0	Trace efficiency:	0.48000000000000015
Theoretical Reff:	1.3607190983015616
Empirical Reff:	1.3567638000000002

Currently simulating parameters:	False neg:	0.0	Trace efficiency:	0.5000000000000001
Theoretical Reff:	1.3613105973722512
Empirical Reff:	1.3583618000000002

Currently simulating parameters:	False neg:	0.0	Trace efficiency:	0.5200000000000001
Theoretical Reff:	1.3606715937661489
Empirical Reff:	1.3574692000000002

Currently simulating parameters:	False neg:	0.0	Trace efficiency:	0.5400000000000001
Theoretical Reff:	1.3610763370529664
Empirical Reff:	1.357226

Currently simulating parameters:	False neg:	0.0	Trace efficiency:	0.5600000000000002
Theoretical Reff:	1.3605448824765165
Empirical Reff:	1.3567531999999998

Currently simulating parameters:	False neg:	0.0	Trace efficiency:	0.5800000000000002
Theoretical Reff:	1.3612263794270911
Empirical Reff:	1.3567572

Currently simulating parameters:	False neg:	0.0	Trace efficiency:	0.6000000000000002
Theoretical Reff:	1.360921039224993
Empirical Reff:	1.3565357999999998

Currently simulating parameters:	False neg:	0.0	Trace efficiency:	0.6200000000000002
Theoretical Reff:	1.361521339709127
Empirical Reff:	1.3562846000000004

Currently simulating parameters:	False neg:	0.0	Trace efficiency:	0.6400000000000002
Theoretical Reff:	1.3607589173238437
Empirical Reff:	1.3567679999999998

Currently simulating parameters:	False neg:	0.0	Trace efficiency:	0.6600000000000003
Theoretical Reff:	1.3616299551408722
Empirical Reff:	1.3564373999999995

Currently simulating parameters:	False neg:	0.0	Trace efficiency:	0.6800000000000003
Theoretical Reff:	1.3612578207504538
Empirical Reff:	1.3573689999999996

Currently simulating parameters:	False neg:	0.0	Trace efficiency:	0.7000000000000003
Theoretical Reff:	1.3606645038194947
Empirical Reff:	1.357449

Currently simulating parameters:	False neg:	0.0	Trace efficiency:	0.7200000000000003
Theoretical Reff:	1.3610231108868895
Empirical Reff:	1.3563878

Currently simulating parameters:	False neg:	0.0	Trace efficiency:	0.7400000000000003
Theoretical Reff:	1.360850122688821
Empirical Reff:	1.3554272000000003

Currently simulating parameters:	False neg:	0.0	Trace efficiency:	0.7600000000000003
Theoretical Reff:	1.3603457908888839
Empirical Reff:	1.3557949999999999

Currently simulating parameters:	False neg:	0.0	Trace efficiency:	0.7800000000000004
Theoretical Reff:	1.3613020735178465
Empirical Reff:	1.3558177999999999

Currently simulating parameters:	False neg:	0.0	Trace efficiency:	0.8000000000000004
Theoretical Reff:	1.3614702474338574
Empirical Reff:	1.3550507999999999

Currently simulating parameters:	False neg:	0.0	Trace efficiency:	0.8200000000000004
Theoretical Reff:	1.3607548200959578
Empirical Reff:	1.3566904

Currently simulating parameters:	False neg:	0.0	Trace efficiency:	0.8400000000000004
Theoretical Reff:	1.3613117254076414
Empirical Reff:	1.3557871999999997

Currently simulating parameters:	False neg:	0.0	Trace efficiency:	0.8600000000000004
Theoretical Reff:	1.3608565197240654
Empirical Reff:	1.3552354000000002

Currently simulating parameters:	False neg:	0.0	Trace efficiency:	0.8800000000000004
Theoretical Reff:	1.3606269448418564
Empirical Reff:	1.3559936

Currently simulating parameters:	False neg:	0.0	Trace efficiency:	0.9000000000000005
Theoretical Reff:	1.3615030415696716
Empirical Reff:	1.3539206

Currently simulating parameters:	False neg:	0.0	Trace efficiency:	0.9200000000000005
Theoretical Reff:	1.3609952511370105
Empirical Reff:	1.3550519999999997

Currently simulating parameters:	False neg:	0.0	Trace efficiency:	0.9400000000000005
Theoretical Reff:	1.3612952006986434
Empirical Reff:	1.3545886000000003

Currently simulating parameters:	False neg:	0.0	Trace efficiency:	0.9600000000000005
Theoretical Reff:	1.3610730492479524
Empirical Reff:	1.354712

Currently simulating parameters:	False neg:	0.0	Trace efficiency:	0.9800000000000005
Theoretical Reff:	1.3610444741041272
Empirical Reff:	1.3533126000000004

Currently simulating parameters:	False neg:	0.0	Trace efficiency:	1.0000000000000004
Theoretical Reff:	1.3611089033219275
Empirical Reff:	1.3538274000000001

 Total elapsed time:	1639.221984657 seconds.
